================ M=3 seed=0  P=2 3 ================
Generated and saved master B_full -> /home/user/al-rnn-exp/results_seedrun_v2/shared_B_full_dim20_seed42.npy
Shared B (sliced from B_full): shape=(3, 3)  frozen=True  ||B||_F=0.825

================  P = 2  ================
[P=2/orig] epoch    0/1000  loss=0.919264  elapsed=0.8s
[P=2/orig] epoch  100/1000  loss=0.173073  elapsed=74.6s
[P=2/orig] epoch  200/1000  loss=0.173303  elapsed=146.2s
[P=2/orig] epoch  300/1000  loss=0.169836  elapsed=217.9s
[P=2/orig] epoch  400/1000  loss=0.175012  elapsed=290.3s
[P=2/orig] epoch  500/1000  loss=0.172354  elapsed=363.2s
[P=2/orig] epoch  600/1000  loss=0.171291  elapsed=435.1s
[P=2/orig] epoch  700/1000  loss=0.170132  elapsed=508.1s
[P=2/orig] epoch  800/1000  loss=0.172942  elapsed=580.3s
[P=2/orig] epoch  900/1000  loss=0.171995  elapsed=652.8s
[P=2/orig] epoch  999/1000  loss=0.172992  elapsed=724.8s
[P=2/ortho] epoch    0/1000  loss=0.488726  elapsed=0.8s
[P=2/ortho] epoch  100/1000  loss=0.077808  elapsed=86.1s
[P=2/ortho] epoch  200/1000  loss=0.075992  elapsed=169.2s
[P=2/ortho] epoch  300/1000  loss=0.075892  elapsed=256.8s
[P=2/ortho] epoch  400/1000  loss=0.077113  elapsed=350.7s
[P=2/ortho] epoch  500/1000  loss=0.073470  elapsed=438.8s
[P=2/ortho] epoch  600/1000  loss=0.074760  elapsed=524.8s
[P=2/ortho] epoch  700/1000  loss=0.076141  elapsed=609.6s
[P=2/ortho] epoch  800/1000  loss=0.075015  elapsed=702.3s
[P=2/ortho] epoch  900/1000  loss=0.072556  elapsed=801.3s
[P=2/ortho] epoch  999/1000  loss=0.074579  elapsed=903.2s

================  P = 3  ================
[P=3/orig] epoch    0/1000  loss=0.816468  elapsed=0.7s
[P=3/orig] epoch  100/1000  loss=0.096683  elapsed=81.2s
[P=3/orig] epoch  200/1000  loss=0.092219  elapsed=164.8s
[P=3/orig] epoch  300/1000  loss=0.092689  elapsed=244.6s
[P=3/orig] epoch  400/1000  loss=0.091094  elapsed=326.4s
[P=3/orig] epoch  500/1000  loss=0.091960  elapsed=406.8s
[P=3/orig] epoch  600/1000  loss=0.090828  elapsed=490.7s
[P=3/orig] epoch  700/1000  loss=0.088334  elapsed=573.3s
[P=3/orig] epoch  800/1000  loss=0.090153  elapsed=657.5s
[P=3/orig] epoch  900/1000  loss=0.091070  elapsed=741.1s
[P=3/orig] epoch  999/1000  loss=0.088982  elapsed=826.5s
[P=3/ortho] epoch    0/1000  loss=0.710862  elapsed=1.1s
[P=3/ortho] epoch  100/1000  loss=0.064729  elapsed=91.0s
[P=3/ortho] epoch  200/1000  loss=0.065637  elapsed=178.2s
[P=3/ortho] epoch  300/1000  loss=0.063201  elapsed=264.1s
[P=3/ortho] epoch  400/1000  loss=0.064609  elapsed=345.9s
[P=3/ortho] epoch  500/1000  loss=0.064999  elapsed=429.4s
[P=3/ortho] epoch  600/1000  loss=0.064611  elapsed=514.2s
[P=3/ortho] epoch  700/1000  loss=0.064535  elapsed=603.4s
[P=3/ortho] epoch  800/1000  loss=0.064391  elapsed=693.3s
[P=3/ortho] epoch  900/1000  loss=0.064909  elapsed=777.7s
[P=3/ortho] epoch  999/1000  loss=0.063941  elapsed=860.0s

All done in 55.3 min
================ M=4 seed=0  P=2 3 4 ================
Loaded master B_full from /home/user/al-rnn-exp/results_seedrun_v2/shared_B_full_dim20_seed42.npy
Shared B (sliced from B_full): shape=(3, 4)  frozen=True  ||B||_F=1.172

================  P = 2  ================
[P=2/orig] epoch    0/1000  loss=0.967190  elapsed=0.8s
[P=2/orig] epoch  100/1000  loss=0.142680  elapsed=76.6s
[P=2/orig] epoch  200/1000  loss=0.140164  elapsed=151.7s
[P=2/orig] epoch  300/1000  loss=0.136327  elapsed=229.4s
[P=2/orig] epoch  400/1000  loss=0.141089  elapsed=307.1s
[P=2/orig] epoch  500/1000  loss=0.138071  elapsed=383.5s
[P=2/orig] epoch  600/1000  loss=0.137345  elapsed=458.2s
[P=2/orig] epoch  700/1000  loss=0.136220  elapsed=533.7s
[P=2/orig] epoch  800/1000  loss=0.138014  elapsed=611.0s
[P=2/orig] epoch  900/1000  loss=0.137345  elapsed=688.3s
[P=2/orig] epoch  999/1000  loss=0.138354  elapsed=766.4s
[P=2/ortho] epoch    0/1000  loss=0.891073  elapsed=0.9s
[P=2/ortho] epoch  100/1000  loss=0.048504  elapsed=90.8s
[P=2/ortho] epoch  200/1000  loss=0.046046  elapsed=179.7s
[P=2/ortho] epoch  300/1000  loss=0.045504  elapsed=269.7s
[P=2/ortho] epoch  400/1000  loss=0.046123  elapsed=361.1s
[P=2/ortho] epoch  500/1000  loss=0.043623  elapsed=460.3s
[P=2/ortho] epoch  600/1000  loss=0.044946  elapsed=555.9s
[P=2/ortho] epoch  700/1000  loss=0.045541  elapsed=650.5s
[P=2/ortho] epoch  800/1000  loss=0.044583  elapsed=741.7s
[P=2/ortho] epoch  900/1000  loss=0.043960  elapsed=838.7s
[P=2/ortho] epoch  999/1000  loss=0.044175  elapsed=934.2s

================  P = 3  ================
[P=3/orig] epoch    0/1000  loss=0.934806  elapsed=0.8s
[P=3/orig] epoch  100/1000  loss=0.146248  elapsed=86.0s
[P=3/orig] epoch  200/1000  loss=0.141899  elapsed=168.4s
[P=3/orig] epoch  300/1000  loss=0.146826  elapsed=250.3s
[P=3/orig] epoch  400/1000  loss=0.140002  elapsed=332.7s
[P=3/orig] epoch  500/1000  loss=0.143695  elapsed=412.8s
[P=3/orig] epoch  600/1000  loss=0.139966  elapsed=495.6s
[P=3/orig] epoch  700/1000  loss=0.135729  elapsed=577.4s
[P=3/orig] epoch  800/1000  loss=0.140715  elapsed=656.9s
[P=3/orig] epoch  900/1000  loss=0.141137  elapsed=736.4s
[P=3/orig] epoch  999/1000  loss=0.138974  elapsed=817.3s
[P=3/ortho] epoch    0/1000  loss=0.861991  elapsed=1.0s
[P=3/ortho] epoch  100/1000  loss=0.048747  elapsed=93.5s
[P=3/ortho] epoch  200/1000  loss=0.036363  elapsed=188.8s
[P=3/ortho] epoch  300/1000  loss=0.032073  elapsed=282.2s
[P=3/ortho] epoch  400/1000  loss=0.031172  elapsed=376.3s
[P=3/ortho] epoch  500/1000  loss=0.030653  elapsed=471.1s
[P=3/ortho] epoch  600/1000  loss=0.030693  elapsed=563.5s
[P=3/ortho] epoch  700/1000  loss=0.030258  elapsed=658.7s
[P=3/ortho] epoch  800/1000  loss=0.030098  elapsed=753.0s
[P=3/ortho] epoch  900/1000  loss=0.029933  elapsed=858.7s
[P=3/ortho] epoch  999/1000  loss=0.029372  elapsed=964.1s

================  P = 4  ================
[P=4/orig] epoch    0/1000  loss=0.603794  elapsed=0.8s
[P=4/orig] epoch  100/1000  loss=0.075479  elapsed=88.1s
[P=4/orig] epoch  200/1000  loss=0.073914  elapsed=176.3s
[P=4/orig] epoch  300/1000  loss=0.070677  elapsed=264.2s
[P=4/orig] epoch  400/1000  loss=0.069262  elapsed=352.2s
[P=4/orig] epoch  500/1000  loss=0.069742  elapsed=437.6s
[P=4/orig] epoch  600/1000  loss=0.068814  elapsed=524.6s
[P=4/orig] epoch  700/1000  loss=0.068544  elapsed=611.6s
[P=4/orig] epoch  800/1000  loss=0.069209  elapsed=695.7s
[P=4/orig] epoch  900/1000  loss=0.069730  elapsed=775.1s
[P=4/orig] epoch  999/1000  loss=0.069480  elapsed=849.0s
[P=4/ortho] epoch    0/1000  loss=0.706963  elapsed=0.9s
[P=4/ortho] epoch  100/1000  loss=0.032426  elapsed=87.9s
[P=4/ortho] epoch  200/1000  loss=0.030759  elapsed=172.3s
[P=4/ortho] epoch  300/1000  loss=0.029731  elapsed=257.7s
[P=4/ortho] epoch  400/1000  loss=0.030011  elapsed=346.6s
[P=4/ortho] epoch  500/1000  loss=0.029573  elapsed=438.1s
[P=4/ortho] epoch  600/1000  loss=0.029147  elapsed=526.6s
[P=4/ortho] epoch  700/1000  loss=0.028280  elapsed=614.2s
[P=4/ortho] epoch  800/1000  loss=0.027780  elapsed=700.9s
[P=4/ortho] epoch  900/1000  loss=0.027570  elapsed=796.6s
[P=4/ortho] epoch  999/1000  loss=0.027853  elapsed=882.1s

All done in 86.9 min
================ M=5 seed=0  P=2 3 4 5 ================
Loaded master B_full from /home/user/al-rnn-exp/results_seedrun_v2/shared_B_full_dim20_seed42.npy
Shared B (sliced from B_full): shape=(3, 5)  frozen=True  ||B||_F=1.307

================  P = 2  ================
[P=2/orig] epoch    0/1000  loss=0.912827  elapsed=0.8s
[P=2/orig] epoch  100/1000  loss=0.055596  elapsed=89.1s
[P=2/orig] epoch  200/1000  loss=0.049980  elapsed=174.3s
[P=2/orig] epoch  300/1000  loss=0.048291  elapsed=260.5s
[P=2/orig] epoch  400/1000  loss=0.049560  elapsed=345.3s
[P=2/orig] epoch  500/1000  loss=0.047824  elapsed=434.0s
[P=2/orig] epoch  600/1000  loss=0.047583  elapsed=522.1s
[P=2/orig] epoch  700/1000  loss=0.045961  elapsed=617.4s
[P=2/orig] epoch  800/1000  loss=0.046777  elapsed=713.4s
[P=2/orig] epoch  900/1000  loss=0.046904  elapsed=808.4s
[P=2/orig] epoch  999/1000  loss=0.046808  elapsed=900.7s
[P=2/ortho] epoch    0/1000  loss=0.955178  elapsed=1.1s
[P=2/ortho] epoch  100/1000  loss=0.155430  elapsed=109.9s
[P=2/ortho] epoch  200/1000  loss=0.126856  elapsed=218.8s
[P=2/ortho] epoch  300/1000  loss=0.058948  elapsed=328.5s
[P=2/ortho] epoch  400/1000  loss=0.049921  elapsed=437.3s
[P=2/ortho] epoch  500/1000  loss=0.045548  elapsed=544.0s
[P=2/ortho] epoch  600/1000  loss=0.045088  elapsed=647.8s
[P=2/ortho] epoch  700/1000  loss=0.045828  elapsed=741.5s
[P=2/ortho] epoch  800/1000  loss=0.044862  elapsed=841.6s
[P=2/ortho] epoch  900/1000  loss=0.043754  elapsed=938.3s
[P=2/ortho] epoch  999/1000  loss=0.045148  elapsed=1031.7s

================  P = 3  ================
[P=3/orig] epoch    0/1000  loss=0.896579  elapsed=0.9s
[P=3/orig] epoch  100/1000  loss=0.043958  elapsed=84.0s
[P=3/orig] epoch  200/1000  loss=0.038558  elapsed=169.5s
[P=3/orig] epoch  300/1000  loss=0.037334  elapsed=254.3s
[P=3/orig] epoch  400/1000  loss=0.035668  elapsed=344.6s
[P=3/orig] epoch  500/1000  loss=0.036453  elapsed=439.8s
[P=3/orig] epoch  600/1000  loss=0.035841  elapsed=525.7s
[P=3/orig] epoch  700/1000  loss=0.034894  elapsed=608.2s
[P=3/orig] epoch  800/1000  loss=0.035131  elapsed=687.4s
[P=3/orig] epoch  900/1000  loss=0.035926  elapsed=767.6s
[P=3/orig] epoch  999/1000  loss=0.035083  elapsed=850.2s
[P=3/ortho] epoch    0/1000  loss=0.848723  elapsed=1.1s
[P=3/ortho] epoch  100/1000  loss=0.030607  elapsed=98.9s
[P=3/ortho] epoch  200/1000  loss=0.029464  elapsed=206.6s
[P=3/ortho] epoch  300/1000  loss=0.028142  elapsed=302.4s
[P=3/ortho] epoch  400/1000  loss=0.028087  elapsed=394.8s
[P=3/ortho] epoch  500/1000  loss=0.027901  elapsed=489.9s
[P=3/ortho] epoch  600/1000  loss=0.027797  elapsed=589.0s
[P=3/ortho] epoch  700/1000  loss=0.028025  elapsed=686.6s
[P=3/ortho] epoch  800/1000  loss=0.028091  elapsed=793.6s
[P=3/ortho] epoch  900/1000  loss=0.027804  elapsed=903.4s
[P=3/ortho] epoch  999/1000  loss=0.027309  elapsed=998.6s

================  P = 4  ================
[P=4/orig] epoch    0/1000  loss=0.975318  elapsed=1.0s
[P=4/orig] epoch  100/1000  loss=0.079772  elapsed=85.2s
[P=4/orig] epoch  200/1000  loss=0.068752  elapsed=173.9s
[P=4/orig] epoch  300/1000  loss=0.064856  elapsed=258.0s
[P=4/orig] epoch  400/1000  loss=0.061187  elapsed=342.7s
[P=4/orig] epoch  500/1000  loss=0.061286  elapsed=431.5s
[P=4/orig] epoch  600/1000  loss=0.059087  elapsed=517.3s
[P=4/orig] epoch  700/1000  loss=0.059822  elapsed=599.6s
[P=4/orig] epoch  800/1000  loss=0.059232  elapsed=687.9s
[P=4/orig] epoch  900/1000  loss=0.059706  elapsed=771.4s
[P=4/orig] epoch  999/1000  loss=0.059059  elapsed=851.5s
[P=4/ortho] epoch    0/1000  loss=0.928193  elapsed=1.2s
[P=4/ortho] epoch  100/1000  loss=0.033702  elapsed=94.9s
[P=4/ortho] epoch  200/1000  loss=0.030397  elapsed=188.1s
[P=4/ortho] epoch  300/1000  loss=0.027775  elapsed=284.4s
[P=4/ortho] epoch  400/1000  loss=0.026963  elapsed=378.2s
[P=4/ortho] epoch  500/1000  loss=0.025845  elapsed=471.2s
[P=4/ortho] epoch  600/1000  loss=0.025725  elapsed=565.3s
[P=4/ortho] epoch  700/1000  loss=0.024905  elapsed=660.3s
[P=4/ortho] epoch  800/1000  loss=0.024622  elapsed=754.2s
[P=4/ortho] epoch  900/1000  loss=0.024708  elapsed=850.4s
[P=4/ortho] epoch  999/1000  loss=0.024845  elapsed=942.8s

================  P = 5  ================
[P=5/orig] epoch    0/1000  loss=0.827951  elapsed=0.9s
[P=5/orig] epoch  100/1000  loss=0.045323  elapsed=78.4s
[P=5/orig] epoch  200/1000  loss=0.042367  elapsed=156.6s
[skip] M3_s0 already complete
[skip] M4_s0 already complete
================ M=5 seed=0  P=2 3 4 5 ================
Loaded master B_full from /home/user/al-rnn-exp/results_seedrun_v2/shared_B_full_dim20_seed42.npy
Shared B (sliced from B_full): shape=(3, 5)  frozen=True  ||B||_F=1.307

================  P = 2  ================
[P=2/orig] epoch    0/1000  loss=0.912827  elapsed=1.6s
[P=2/orig] epoch  100/1000  loss=0.055596  elapsed=38.8s
[P=2/orig] epoch  200/1000  loss=0.049980  elapsed=76.2s
[P=2/orig] epoch  300/1000  loss=0.048291  elapsed=113.8s
[P=2/orig] epoch  400/1000  loss=0.049560  elapsed=153.1s
[P=2/orig] epoch  500/1000  loss=0.047824  elapsed=223.8s
[P=2/orig] epoch  600/1000  loss=0.047583  elapsed=275.1s
[P=2/orig] epoch  700/1000  loss=0.045961  elapsed=315.5s
[P=2/orig] epoch  800/1000  loss=0.046777  elapsed=357.6s
[P=2/orig] epoch  900/1000  loss=0.046904  elapsed=396.6s
[P=2/orig] epoch  999/1000  loss=0.046808  elapsed=438.1s
[P=2/ortho] epoch    0/1000  loss=0.955178  elapsed=0.6s
[P=2/ortho] epoch  100/1000  loss=0.155430  elapsed=52.5s
[P=2/ortho] epoch  200/1000  loss=0.126856  elapsed=99.7s
[P=2/ortho] epoch  300/1000  loss=0.058948  elapsed=148.8s
[P=2/ortho] epoch  400/1000  loss=0.049921  elapsed=197.3s
[P=2/ortho] epoch  500/1000  loss=0.045548  elapsed=243.3s
[P=2/ortho] epoch  600/1000  loss=0.045088  elapsed=289.1s
[P=2/ortho] epoch  700/1000  loss=0.045828  elapsed=333.5s
[P=2/ortho] epoch  800/1000  loss=0.044862  elapsed=377.5s
[P=2/ortho] epoch  900/1000  loss=0.043754  elapsed=423.1s
[P=2/ortho] epoch  999/1000  loss=0.045148  elapsed=470.7s

================  P = 3  ================
[P=3/orig] epoch    0/1000  loss=0.896579  elapsed=0.7s
[P=3/orig] epoch  100/1000  loss=0.043958  elapsed=43.2s
[P=3/orig] epoch  200/1000  loss=0.038558  elapsed=80.5s
[P=3/orig] epoch  300/1000  loss=0.037334  elapsed=118.2s
[P=3/orig] epoch  400/1000  loss=0.035668  elapsed=156.3s
[P=3/orig] epoch  500/1000  loss=0.036453  elapsed=194.9s
[P=3/orig] epoch  600/1000  loss=0.035841  elapsed=232.2s
[P=3/orig] epoch  700/1000  loss=0.034894  elapsed=271.1s
[P=3/orig] epoch  800/1000  loss=0.035131  elapsed=309.4s
[P=3/orig] epoch  900/1000  loss=0.035926  elapsed=347.8s
[P=3/orig] epoch  999/1000  loss=0.035083  elapsed=388.1s
[P=3/ortho] epoch    0/1000  loss=0.848723  elapsed=0.6s
[P=3/ortho] epoch  100/1000  loss=0.030607  elapsed=45.4s
[P=3/ortho] epoch  200/1000  loss=0.029464  elapsed=90.0s
[P=3/ortho] epoch  300/1000  loss=0.028142  elapsed=135.9s
[P=3/ortho] epoch  400/1000  loss=0.028087  elapsed=186.0s
[P=3/ortho] epoch  500/1000  loss=0.027901  elapsed=233.7s
[P=3/ortho] epoch  600/1000  loss=0.027797  elapsed=282.8s
[P=3/ortho] epoch  700/1000  loss=0.028025  elapsed=330.8s
[P=3/ortho] epoch  800/1000  loss=0.028091  elapsed=375.5s
[P=3/ortho] epoch  900/1000  loss=0.027804  elapsed=420.6s
[P=3/ortho] epoch  999/1000  loss=0.027309  elapsed=467.0s

================  P = 4  ================
[P=4/orig] epoch    0/1000  loss=0.975318  elapsed=0.4s
[P=4/orig] epoch  100/1000  loss=0.079772  elapsed=39.1s
[P=4/orig] epoch  200/1000  loss=0.068752  elapsed=78.2s
[P=4/orig] epoch  300/1000  loss=0.064856  elapsed=116.3s
[P=4/orig] epoch  400/1000  loss=0.061187  elapsed=156.8s
[P=4/orig] epoch  500/1000  loss=0.061286  elapsed=197.0s
[P=4/orig] epoch  600/1000  loss=0.059087  elapsed=235.5s
[P=4/orig] epoch  700/1000  loss=0.059822  elapsed=281.3s
[P=4/orig] epoch  800/1000  loss=0.059232  elapsed=340.1s
[P=4/orig] epoch  900/1000  loss=0.059706  elapsed=384.0s
[P=4/orig] epoch  999/1000  loss=0.059059  elapsed=430.7s
[P=4/ortho] epoch    0/1000  loss=0.928193  elapsed=0.5s
[skip] M3_s0 already complete
[skip] M4_s0 already complete
================ M=5 seed=0  P=2 3 4 5 ================
Loaded master B_full from /home/user/al-rnn-exp/results_seedrun_v2/shared_B_full_dim20_seed42.npy
Shared B (sliced from B_full): shape=(3, 5)  frozen=True  ||B||_F=1.307

================  P = 2  ================
[P=2/orig] epoch    0/1000  loss=0.912827  elapsed=1.7s
[P=2/orig] epoch  100/1000  loss=0.055596  elapsed=59.5s
[P=2/orig] epoch  200/1000  loss=0.049980  elapsed=117.8s
[P=2/orig] epoch  300/1000  loss=0.048291  elapsed=175.1s
[P=2/orig] epoch  400/1000  loss=0.049560  elapsed=233.4s
[P=2/orig] epoch  500/1000  loss=0.047824  elapsed=292.4s
[P=2/orig] epoch  600/1000  loss=0.047583  elapsed=353.9s
[P=2/orig] epoch  700/1000  loss=0.045961  elapsed=411.4s
[P=2/orig] epoch  800/1000  loss=0.046777  elapsed=468.9s
[P=2/orig] epoch  900/1000  loss=0.046904  elapsed=525.3s
[P=2/orig] epoch  999/1000  loss=0.046808  elapsed=580.6s
[P=2/ortho] epoch    0/1000  loss=0.955178  elapsed=0.9s
[P=2/ortho] epoch  100/1000  loss=0.155430  elapsed=66.8s
[P=2/ortho] epoch  200/1000  loss=0.126856  elapsed=134.0s
[P=2/ortho] epoch  300/1000  loss=0.058948  elapsed=202.4s
[P=2/ortho] epoch  400/1000  loss=0.049921  elapsed=270.0s
[P=2/ortho] epoch  500/1000  loss=0.045548  elapsed=336.8s
[P=2/ortho] epoch  600/1000  loss=0.045088  elapsed=404.0s
[P=2/ortho] epoch  700/1000  loss=0.045828  elapsed=470.5s
[P=2/ortho] epoch  800/1000  loss=0.044862  elapsed=540.9s
[P=2/ortho] epoch  900/1000  loss=0.043754  elapsed=611.8s
[P=2/ortho] epoch  999/1000  loss=0.045148  elapsed=681.3s

================  P = 3  ================
[P=3/orig] epoch    0/1000  loss=0.896579  elapsed=0.8s
[P=3/orig] epoch  100/1000  loss=0.043958  elapsed=60.8s
[P=3/orig] epoch  200/1000  loss=0.038558  elapsed=120.5s
[P=3/orig] epoch  300/1000  loss=0.037334  elapsed=183.5s
[P=3/orig] epoch  400/1000  loss=0.035668  elapsed=244.5s
[P=3/orig] epoch  500/1000  loss=0.036453  elapsed=300.6s
[P=3/orig] epoch  600/1000  loss=0.035841  elapsed=356.7s
[P=3/orig] epoch  700/1000  loss=0.034894  elapsed=413.2s
[P=3/orig] epoch  800/1000  loss=0.035131  elapsed=471.2s
[P=3/orig] epoch  900/1000  loss=0.035926  elapsed=532.0s
[P=3/orig] epoch  999/1000  loss=0.035083  elapsed=588.6s
[P=3/ortho] epoch    0/1000  loss=0.848723  elapsed=0.9s
[P=3/ortho] epoch  100/1000  loss=0.030607  elapsed=65.7s
[P=3/ortho] epoch  200/1000  loss=0.029464  elapsed=131.1s
[P=3/ortho] epoch  300/1000  loss=0.028142  elapsed=198.7s
[P=3/ortho] epoch  400/1000  loss=0.028087  elapsed=266.3s
[P=3/ortho] epoch  500/1000  loss=0.027901  elapsed=333.2s
[P=3/ortho] epoch  600/1000  loss=0.027797  elapsed=401.0s
[P=3/ortho] epoch  700/1000  loss=0.028025  elapsed=467.9s
[P=3/ortho] epoch  800/1000  loss=0.028091  elapsed=536.3s
[P=3/ortho] epoch  900/1000  loss=0.027804  elapsed=604.4s
[P=3/ortho] epoch  999/1000  loss=0.027309  elapsed=673.4s

================  P = 4  ================
[P=4/orig] epoch    0/1000  loss=0.975318  elapsed=0.7s
[P=4/orig] epoch  100/1000  loss=0.079772  elapsed=59.8s
[P=4/orig] epoch  200/1000  loss=0.068752  elapsed=118.3s
[P=4/orig] epoch  300/1000  loss=0.064856  elapsed=177.8s
[P=4/orig] epoch  400/1000  loss=0.061187  elapsed=236.2s
[P=4/orig] epoch  500/1000  loss=0.061286  elapsed=293.8s
[P=4/orig] epoch  600/1000  loss=0.059087  elapsed=351.9s
[P=4/orig] epoch  700/1000  loss=0.059822  elapsed=409.5s
[P=4/orig] epoch  800/1000  loss=0.059232  elapsed=467.0s
[P=4/orig] epoch  900/1000  loss=0.059706  elapsed=524.3s
[P=4/orig] epoch  999/1000  loss=0.059059  elapsed=581.4s
[P=4/ortho] epoch    0/1000  loss=0.928193  elapsed=0.8s
[P=4/ortho] epoch  100/1000  loss=0.033702  elapsed=66.5s
[P=4/ortho] epoch  200/1000  loss=0.030397  elapsed=133.2s
[P=4/ortho] epoch  300/1000  loss=0.027775  elapsed=200.0s
[P=4/ortho] epoch  400/1000  loss=0.026963  elapsed=266.4s
[P=4/ortho] epoch  500/1000  loss=0.025845  elapsed=333.0s
[P=4/ortho] epoch  600/1000  loss=0.025725  elapsed=400.1s
[P=4/ortho] epoch  700/1000  loss=0.024905  elapsed=468.5s
[P=4/ortho] epoch  800/1000  loss=0.024622  elapsed=535.4s
[P=4/ortho] epoch  900/1000  loss=0.024708  elapsed=602.4s
[P=4/ortho] epoch  999/1000  loss=0.024845  elapsed=669.0s

================  P = 5  ================
[P=5/orig] epoch    0/1000  loss=0.827951  elapsed=0.7s
[P=5/orig] epoch  100/1000  loss=0.045323  elapsed=56.8s
[P=5/orig] epoch  200/1000  loss=0.042367  elapsed=111.6s
[P=5/orig] epoch  300/1000  loss=0.041535  elapsed=165.9s
[P=5/orig] epoch  400/1000  loss=0.040532  elapsed=221.0s
[P=5/orig] epoch  500/1000  loss=0.039388  elapsed=275.7s
[P=5/orig] epoch  600/1000  loss=0.039336  elapsed=329.4s
[P=5/orig] epoch  700/1000  loss=0.039098  elapsed=383.2s
[P=5/orig] epoch  800/1000  loss=0.038476  elapsed=437.8s
[P=5/orig] epoch  900/1000  loss=0.038871  elapsed=491.4s
[P=5/orig] epoch  999/1000  loss=0.039107  elapsed=544.5s
[P=5/ortho] epoch    0/1000  loss=0.971272  elapsed=0.7s
[P=5/ortho] epoch  100/1000  loss=0.038200  elapsed=63.3s
[P=5/ortho] epoch  200/1000  loss=0.027225  elapsed=128.5s
[P=5/ortho] epoch  300/1000  loss=0.020858  elapsed=193.2s
[P=5/ortho] epoch  400/1000  loss=0.017698  elapsed=258.4s
[P=5/ortho] epoch  500/1000  loss=0.016843  elapsed=323.2s
[P=5/ortho] epoch  600/1000  loss=0.016966  elapsed=387.7s
[P=5/ortho] epoch  700/1000  loss=0.016021  elapsed=448.8s
[P=5/ortho] epoch  800/1000  loss=0.015902  elapsed=510.5s
[P=5/ortho] epoch  900/1000  loss=0.015896  elapsed=571.8s
[P=5/ortho] epoch  999/1000  loss=0.015776  elapsed=633.7s

All done in 82.8 min
================ M=8 seed=0  P=2 3 4 5 6 ================
Loaded master B_full from /home/user/al-rnn-exp/results_seedrun_v2/shared_B_full_dim20_seed42.npy
Shared B (sliced from B_full): shape=(3, 8)  frozen=True  ||B||_F=1.523

================  P = 2  ================
[P=2/orig] epoch    0/1000  loss=0.912607  elapsed=0.6s
[P=2/orig] epoch  100/1000  loss=0.037497  elapsed=58.3s
[P=2/orig] epoch  200/1000  loss=0.033798  elapsed=116.3s
[P=2/orig] epoch  300/1000  loss=0.032712  elapsed=174.9s
[P=2/orig] epoch  400/1000  loss=0.033743  elapsed=233.1s
[P=2/orig] epoch  500/1000  loss=0.032920  elapsed=291.5s
[P=2/orig] epoch  600/1000  loss=0.031986  elapsed=350.2s
[P=2/orig] epoch  700/1000  loss=0.031116  elapsed=408.8s
[P=2/orig] epoch  800/1000  loss=0.032057  elapsed=468.9s
[P=2/orig] epoch  900/1000  loss=0.031726  elapsed=526.5s
[P=2/orig] epoch  999/1000  loss=0.032357  elapsed=583.4s
[P=2/ortho] epoch    0/1000  loss=0.960911  elapsed=0.8s
[P=2/ortho] epoch  100/1000  loss=0.036145  elapsed=71.6s
[P=2/ortho] epoch  200/1000  loss=0.032593  elapsed=141.1s
[P=2/ortho] epoch  300/1000  loss=0.032434  elapsed=209.7s
[P=2/ortho] epoch  400/1000  loss=0.032726  elapsed=276.0s
[P=2/ortho] epoch  500/1000  loss=0.030853  elapsed=342.4s
[P=2/ortho] epoch  600/1000  loss=0.031212  elapsed=408.7s
[P=2/ortho] epoch  700/1000  loss=0.031907  elapsed=474.3s
[P=2/ortho] epoch  800/1000  loss=0.031103  elapsed=540.3s
[P=2/ortho] epoch  900/1000  loss=0.031021  elapsed=606.3s
[P=2/ortho] epoch  999/1000  loss=0.031403  elapsed=672.2s

================  P = 3  ================
[P=3/orig] epoch    0/1000  loss=0.933664  elapsed=0.7s
[P=3/orig] epoch  100/1000  loss=0.027003  elapsed=59.4s
[P=3/orig] epoch  200/1000  loss=0.024805  elapsed=116.8s
[P=3/orig] epoch  300/1000  loss=0.024203  elapsed=173.8s
[P=3/orig] epoch  400/1000  loss=0.023230  elapsed=232.2s
[P=3/orig] epoch  500/1000  loss=0.023747  elapsed=295.2s
[P=3/orig] epoch  600/1000  loss=0.023642  elapsed=358.1s
[P=3/orig] epoch  700/1000  loss=0.022851  elapsed=421.2s
[P=3/orig] epoch  800/1000  loss=0.022800  elapsed=478.4s
[P=3/orig] epoch  900/1000  loss=0.023440  elapsed=535.9s
[P=3/orig] epoch  999/1000  loss=0.022749  elapsed=596.1s
[P=3/ortho] epoch    0/1000  loss=0.897495  elapsed=0.9s
[P=3/ortho] epoch  100/1000  loss=0.026186  elapsed=66.8s
[P=3/ortho] epoch  200/1000  loss=0.023996  elapsed=132.6s
[P=3/ortho] epoch  300/1000  loss=0.021658  elapsed=201.3s
[P=3/ortho] epoch  400/1000  loss=0.021040  elapsed=273.4s
[P=3/ortho] epoch  500/1000  loss=0.020661  elapsed=345.9s
[P=3/ortho] epoch  600/1000  loss=0.020368  elapsed=417.1s
[P=3/ortho] epoch  700/1000  loss=0.020049  elapsed=495.4s
[P=3/ortho] epoch  800/1000  loss=0.019819  elapsed=575.0s
[P=3/ortho] epoch  900/1000  loss=0.019646  elapsed=654.6s
[P=3/ortho] epoch  999/1000  loss=0.019381  elapsed=732.9s

================  P = 4  ================
[P=4/orig] epoch    0/1000  loss=0.975889  elapsed=0.8s
[P=4/orig] epoch  100/1000  loss=0.024476  elapsed=70.6s
[P=4/orig] epoch  200/1000  loss=0.021460  elapsed=136.7s
[P=4/orig] epoch  300/1000  loss=0.019100  elapsed=203.0s
[P=4/orig] epoch  400/1000  loss=0.018688  elapsed=272.7s
[P=4/orig] epoch  500/1000  loss=0.017997  elapsed=341.6s
[P=4/orig] epoch  600/1000  loss=0.017697  elapsed=411.1s
[P=4/orig] epoch  700/1000  loss=0.017834  elapsed=478.3s
[P=4/orig] epoch  800/1000  loss=0.017774  elapsed=544.5s
[P=4/orig] epoch  900/1000  loss=0.018171  elapsed=613.5s
[P=4/orig] epoch  999/1000  loss=0.017732  elapsed=683.2s
[P=4/ortho] epoch    0/1000  loss=0.946625  elapsed=1.0s
[P=4/ortho] epoch  100/1000  loss=0.019532  elapsed=80.3s
[P=4/ortho] epoch  200/1000  loss=0.018075  elapsed=160.3s
[P=4/ortho] epoch  300/1000  loss=0.017425  elapsed=239.7s
[P=4/ortho] epoch  400/1000  loss=0.017573  elapsed=315.4s
[P=4/ortho] epoch  500/1000  loss=0.017261  elapsed=392.1s
[P=4/ortho] epoch  600/1000  loss=0.017147  elapsed=470.2s
[P=4/ortho] epoch  700/1000  loss=0.016977  elapsed=544.9s
[P=4/ortho] epoch  800/1000  loss=0.017069  elapsed=620.9s
[P=4/ortho] epoch  900/1000  loss=0.016893  elapsed=697.4s
[P=4/ortho] epoch  999/1000  loss=0.017181  elapsed=773.4s

================  P = 5  ================
[P=5/orig] epoch    0/1000  loss=0.920124  elapsed=0.7s
[P=5/orig] epoch  100/1000  loss=0.020655  elapsed=72.2s
[P=5/orig] epoch  200/1000  loss=0.016262  elapsed=136.1s
[P=5/orig] epoch  300/1000  loss=0.015251  elapsed=195.2s
[P=5/orig] epoch  400/1000  loss=0.014421  elapsed=253.6s
[P=5/orig] epoch  500/1000  loss=0.013631  elapsed=315.1s
[P=5/orig] epoch  600/1000  loss=0.013501  elapsed=379.5s
[P=5/orig] epoch  700/1000  loss=0.013357  elapsed=446.0s
[P=5/orig] epoch  800/1000  loss=0.013357  elapsed=512.2s
[P=5/orig] epoch  900/1000  loss=0.013136  elapsed=578.8s
[P=5/orig] epoch  999/1000  loss=0.013506  elapsed=649.1s
[P=5/ortho] epoch    0/1000  loss=0.914576  elapsed=1.0s
[P=5/ortho] epoch  100/1000  loss=0.014088  elapsed=83.1s
[P=5/ortho] epoch  200/1000  loss=0.011223  elapsed=164.7s
[P=5/ortho] epoch  300/1000  loss=0.011002  elapsed=245.0s
[P=5/ortho] epoch  400/1000  loss=0.010543  elapsed=326.1s
[P=5/ortho] epoch  500/1000  loss=0.010467  elapsed=404.9s
[P=5/ortho] epoch  600/1000  loss=0.010537  elapsed=486.0s
[P=5/ortho] epoch  700/1000  loss=0.010326  elapsed=558.8s
[P=5/ortho] epoch  800/1000  loss=0.010332  elapsed=630.7s
[P=5/ortho] epoch  900/1000  loss=0.010217  elapsed=712.1s
[P=5/ortho] epoch  999/1000  loss=0.010280  elapsed=785.7s

================  P = 6  ================
[P=6/orig] epoch    0/1000  loss=0.918196  elapsed=0.7s
[P=6/orig] epoch  100/1000  loss=0.021092  elapsed=64.8s
[P=6/orig] epoch  200/1000  loss=0.017403  elapsed=131.3s
[P=6/orig] epoch  300/1000  loss=0.016575  elapsed=197.1s
[P=6/orig] epoch  400/1000  loss=0.015182  elapsed=260.1s
[P=6/orig] epoch  500/1000  loss=0.015089  elapsed=323.8s
[P=6/orig] epoch  600/1000  loss=0.014427  elapsed=387.9s
[P=6/orig] epoch  700/1000  loss=0.014666  elapsed=453.9s
[P=6/orig] epoch  800/1000  loss=0.015001  elapsed=522.5s
[P=6/orig] epoch  900/1000  loss=0.014667  elapsed=591.8s
[P=6/orig] epoch  999/1000  loss=0.014771  elapsed=654.5s
[P=6/ortho] epoch    0/1000  loss=0.954982  elapsed=0.8s
[P=6/ortho] epoch  100/1000  loss=0.013222  elapsed=73.6s
[P=6/ortho] epoch  200/1000  loss=0.011101  elapsed=147.3s
[P=6/ortho] epoch  300/1000  loss=0.009787  elapsed=219.8s
[P=6/ortho] epoch  400/1000  loss=0.009153  elapsed=291.4s
[P=6/ortho] epoch  500/1000  loss=0.009034  elapsed=363.7s
[P=6/ortho] epoch  600/1000  loss=0.008808  elapsed=435.6s
[P=6/ortho] epoch  700/1000  loss=0.008755  elapsed=501.7s
[P=6/ortho] epoch  800/1000  loss=0.008806  elapsed=568.1s
[P=6/ortho] epoch  900/1000  loss=0.008728  elapsed=634.1s
[P=6/ortho] epoch  999/1000  loss=0.008671  elapsed=699.3s

All done in 113.9 min
================ M=9 seed=0  P=2 3 4 5 6 ================
Loaded master B_full from /home/user/al-rnn-exp/results_seedrun_v2/shared_B_full_dim20_seed42.npy
Shared B (sliced from B_full): shape=(3, 9)  frozen=True  ||B||_F=1.634

================  P = 2  ================
[P=2/orig] epoch    0/1000  loss=0.926622  elapsed=0.6s
[P=2/orig] epoch  100/1000  loss=0.037535  elapsed=59.2s
[P=2/orig] epoch  200/1000  loss=0.034933  elapsed=116.0s
[P=2/orig] epoch  300/1000  loss=0.032553  elapsed=174.1s
[P=2/orig] epoch  400/1000  loss=0.032246  elapsed=235.5s
[P=2/orig] epoch  500/1000  loss=0.030213  elapsed=298.5s
[P=2/orig] epoch  600/1000  loss=0.029242  elapsed=361.2s
[P=2/orig] epoch  700/1000  loss=0.028111  elapsed=422.2s
[P=2/orig] epoch  800/1000  loss=0.028715  elapsed=485.3s
[P=2/orig] epoch  900/1000  loss=0.028605  elapsed=549.1s
[P=2/orig] epoch  999/1000  loss=0.029088  elapsed=612.5s
[P=2/ortho] epoch    0/1000  loss=0.879808  elapsed=0.9s
[P=2/ortho] epoch  100/1000  loss=0.034937  elapsed=74.2s
[P=2/ortho] epoch  200/1000  loss=0.030978  elapsed=145.9s
[P=2/ortho] epoch  300/1000  loss=0.028947  elapsed=213.2s
[P=2/ortho] epoch  400/1000  loss=0.028865  elapsed=284.4s
[P=2/ortho] epoch  500/1000  loss=0.026857  elapsed=352.2s
[P=2/ortho] epoch  600/1000  loss=0.027565  elapsed=417.8s
[P=2/ortho] epoch  700/1000  loss=0.028115  elapsed=484.1s
[P=2/ortho] epoch  800/1000  loss=0.027167  elapsed=552.4s
[P=2/ortho] epoch  900/1000  loss=0.026893  elapsed=619.6s
[P=2/ortho] epoch  999/1000  loss=0.027263  elapsed=686.0s

================  P = 3  ================
[P=3/orig] epoch    0/1000  loss=0.892540  elapsed=0.7s
[P=3/orig] epoch  100/1000  loss=0.026960  elapsed=63.3s
[P=3/orig] epoch  200/1000  loss=0.024612  elapsed=126.3s
[P=3/orig] epoch  300/1000  loss=0.023743  elapsed=189.4s
[P=3/orig] epoch  400/1000  loss=0.023084  elapsed=248.9s
[P=3/orig] epoch  500/1000  loss=0.023335  elapsed=308.2s
[P=3/orig] epoch  600/1000  loss=0.023372  elapsed=368.2s
[P=3/orig] epoch  700/1000  loss=0.022470  elapsed=427.0s
[P=3/orig] epoch  800/1000  loss=0.022460  elapsed=490.4s
[P=3/orig] epoch  900/1000  loss=0.022945  elapsed=560.1s
[P=3/orig] epoch  999/1000  loss=0.022437  elapsed=628.7s
[P=3/ortho] epoch    0/1000  loss=0.903238  elapsed=0.9s
[P=3/ortho] epoch  100/1000  loss=0.024208  elapsed=79.7s
[P=3/ortho] epoch  200/1000  loss=0.020138  elapsed=158.3s
[P=3/ortho] epoch  300/1000  loss=0.018647  elapsed=235.7s
[P=3/ortho] epoch  400/1000  loss=0.018708  elapsed=313.6s
[P=3/ortho] epoch  500/1000  loss=0.018426  elapsed=393.5s
[P=3/ortho] epoch  600/1000  loss=0.018602  elapsed=474.1s
[P=3/ortho] epoch  700/1000  loss=0.018184  elapsed=552.8s
[P=3/ortho] epoch  800/1000  loss=0.018267  elapsed=631.9s
[P=3/ortho] epoch  900/1000  loss=0.017862  elapsed=711.7s
[skip] M3_s0 already complete
[skip] M4_s0 already complete
[skip] M5_s0 already complete
[skip] M8_s0 already complete
================ M=9 seed=0  P=2 3 4 5 6 ================
Loaded master B_full from /home/user/al-rnn-exp/results_seedrun_v2/shared_B_full_dim20_seed42.npy
Shared B (sliced from B_full): shape=(3, 9)  frozen=True  ||B||_F=1.634

================  P = 2  ================
[P=2/orig] epoch    0/1000  loss=0.926622  elapsed=1.7s
[P=2/orig] epoch  100/1000  loss=0.037535  elapsed=39.9s
[P=2/orig] epoch  200/1000  loss=0.034933  elapsed=76.9s
[P=2/orig] epoch  300/1000  loss=0.032553  elapsed=114.5s
[P=2/orig] epoch  400/1000  loss=0.032246  elapsed=152.7s
[P=2/orig] epoch  500/1000  loss=0.030213  elapsed=190.3s
[P=2/orig] epoch  600/1000  loss=0.029242  elapsed=228.0s
[P=2/orig] epoch  700/1000  loss=0.028111  elapsed=265.8s
[P=2/orig] epoch  800/1000  loss=0.028715  elapsed=303.1s
[P=2/orig] epoch  900/1000  loss=0.028605  elapsed=339.9s
[P=2/orig] epoch  999/1000  loss=0.029088  elapsed=376.7s
[P=2/ortho] epoch    0/1000  loss=0.879808  elapsed=0.5s
[P=2/ortho] epoch  100/1000  loss=0.034937  elapsed=43.6s
[P=2/ortho] epoch  200/1000  loss=0.030978  elapsed=87.0s
[P=2/ortho] epoch  300/1000  loss=0.028947  elapsed=129.7s
[P=2/ortho] epoch  400/1000  loss=0.028865  elapsed=172.6s
[P=2/ortho] epoch  500/1000  loss=0.026857  elapsed=216.4s
[P=2/ortho] epoch  600/1000  loss=0.027565  elapsed=259.2s
[P=2/ortho] epoch  700/1000  loss=0.028115  elapsed=305.4s
[P=2/ortho] epoch  800/1000  loss=0.027167  elapsed=352.0s
[P=2/ortho] epoch  900/1000  loss=0.026893  elapsed=398.7s
[P=2/ortho] epoch  999/1000  loss=0.027263  elapsed=445.3s

================  P = 3  ================
[P=3/orig] epoch    0/1000  loss=0.892540  elapsed=0.5s
[P=3/orig] epoch  100/1000  loss=0.026960  elapsed=40.4s
[P=3/orig] epoch  200/1000  loss=0.024612  elapsed=78.8s
[P=3/orig] epoch  300/1000  loss=0.023743  elapsed=116.0s
[P=3/orig] epoch  400/1000  loss=0.023084  elapsed=153.4s
[P=3/orig] epoch  500/1000  loss=0.023335  elapsed=190.2s
[P=3/orig] epoch  600/1000  loss=0.023372  elapsed=229.0s
[P=3/orig] epoch  700/1000  loss=0.022470  elapsed=266.0s
[P=3/orig] epoch  800/1000  loss=0.022460  elapsed=304.4s
[P=3/orig] epoch  900/1000  loss=0.022945  elapsed=341.7s
[P=3/orig] epoch  999/1000  loss=0.022437  elapsed=379.9s
[P=3/ortho] epoch    0/1000  loss=0.903238  elapsed=0.6s
[P=3/ortho] epoch  100/1000  loss=0.024208  elapsed=43.9s
[P=3/ortho] epoch  200/1000  loss=0.020138  elapsed=88.1s
[P=3/ortho] epoch  300/1000  loss=0.018647  elapsed=132.1s
[P=3/ortho] epoch  400/1000  loss=0.018708  elapsed=177.5s
[P=3/ortho] epoch  500/1000  loss=0.018426  elapsed=222.1s
[P=3/ortho] epoch  600/1000  loss=0.018602  elapsed=267.4s
[P=3/ortho] epoch  700/1000  loss=0.018184  elapsed=310.8s
[P=3/ortho] epoch  800/1000  loss=0.018267  elapsed=354.8s
[P=3/ortho] epoch  900/1000  loss=0.017862  elapsed=399.3s
[P=3/ortho] epoch  999/1000  loss=0.017884  elapsed=444.6s

================  P = 4  ================
[P=4/orig] epoch    0/1000  loss=0.893733  elapsed=0.6s
[P=4/orig] epoch  100/1000  loss=0.025915  elapsed=40.4s
[P=4/orig] epoch  200/1000  loss=0.022093  elapsed=79.1s
[P=4/orig] epoch  300/1000  loss=0.019409  elapsed=118.4s
[P=4/orig] epoch  400/1000  loss=0.019214  elapsed=156.9s
[P=4/orig] epoch  500/1000  loss=0.018467  elapsed=195.8s
[P=4/orig] epoch  600/1000  loss=0.018016  elapsed=233.7s
[P=4/orig] epoch  700/1000  loss=0.018088  elapsed=272.4s
[P=4/orig] epoch  800/1000  loss=0.018406  elapsed=311.3s
[P=4/orig] epoch  900/1000  loss=0.018438  elapsed=353.3s
[P=4/orig] epoch  999/1000  loss=0.018108  elapsed=395.3s
[P=4/ortho] epoch    0/1000  loss=0.946183  elapsed=0.5s
[P=4/ortho] epoch  100/1000  loss=0.019297  elapsed=45.0s
[P=4/ortho] epoch  200/1000  loss=0.015904  elapsed=89.0s
[P=4/ortho] epoch  300/1000  loss=0.014475  elapsed=133.5s
[P=4/ortho] epoch  400/1000  loss=0.014021  elapsed=177.7s
[P=4/ortho] epoch  500/1000  loss=0.013665  elapsed=222.6s
[P=4/ortho] epoch  600/1000  loss=0.013543  elapsed=267.4s
[P=4/ortho] epoch  700/1000  loss=0.013310  elapsed=312.1s
[P=4/ortho] epoch  800/1000  loss=0.013177  elapsed=355.9s
[P=4/ortho] epoch  900/1000  loss=0.013145  elapsed=400.2s
[P=4/ortho] epoch  999/1000  loss=0.013295  elapsed=444.1s

================  P = 5  ================
[P=5/orig] epoch    0/1000  loss=0.978857  elapsed=0.6s
[P=5/orig] epoch  100/1000  loss=0.016916  elapsed=40.5s
[P=5/orig] epoch  200/1000  loss=0.013217  elapsed=79.4s
[P=5/orig] epoch  300/1000  loss=0.012144  elapsed=118.2s
[P=5/orig] epoch  400/1000  loss=0.011731  elapsed=156.1s
[P=5/orig] epoch  500/1000  loss=0.011372  elapsed=194.8s
[P=5/orig] epoch  600/1000  loss=0.011450  elapsed=233.6s
[P=5/orig] epoch  700/1000  loss=0.011229  elapsed=273.3s
[P=5/orig] epoch  800/1000  loss=0.011122  elapsed=311.4s
[P=5/orig] epoch  900/1000  loss=0.011201  elapsed=350.7s
[P=5/orig] epoch  999/1000  loss=0.011322  elapsed=389.0s
[P=5/ortho] epoch    0/1000  loss=0.982264  elapsed=0.7s
[P=5/ortho] epoch  100/1000  loss=0.015520  elapsed=45.3s
[P=5/ortho] epoch  200/1000  loss=0.013570  elapsed=90.5s
[P=5/ortho] epoch  300/1000  loss=0.013068  elapsed=134.8s
[P=5/ortho] epoch  400/1000  loss=0.012547  elapsed=178.5s
[P=5/ortho] epoch  500/1000  loss=0.012304  elapsed=222.4s
[P=5/ortho] epoch  600/1000  loss=0.012541  elapsed=265.8s
[P=5/ortho] epoch  700/1000  loss=0.012037  elapsed=310.1s
[P=5/ortho] epoch  800/1000  loss=0.012236  elapsed=353.5s
[P=5/ortho] epoch  900/1000  loss=0.011953  elapsed=396.6s
[P=5/ortho] epoch  999/1000  loss=0.012150  elapsed=440.0s

================  P = 6  ================
[P=6/orig] epoch    0/1000  loss=0.945735  elapsed=0.5s
[P=6/orig] epoch  100/1000  loss=0.012191  elapsed=39.4s
[P=6/orig] epoch  200/1000  loss=0.010435  elapsed=76.9s
[P=6/orig] epoch  300/1000  loss=0.010430  elapsed=114.0s
[P=6/orig] epoch  400/1000  loss=0.010118  elapsed=151.9s
[P=6/orig] epoch  500/1000  loss=0.009729  elapsed=190.0s
[P=6/orig] epoch  600/1000  loss=0.009549  elapsed=228.6s
[P=6/orig] epoch  700/1000  loss=0.009436  elapsed=266.3s
[P=6/orig] epoch  800/1000  loss=0.009733  elapsed=304.5s
[P=6/orig] epoch  900/1000  loss=0.009591  elapsed=341.9s
[P=6/orig] epoch  999/1000  loss=0.009511  elapsed=378.5s
[P=6/ortho] epoch    0/1000  loss=0.933162  elapsed=0.5s
[P=6/ortho] epoch  100/1000  loss=0.014421  elapsed=44.5s
[P=6/ortho] epoch  200/1000  loss=0.012056  elapsed=87.2s
[P=6/ortho] epoch  300/1000  loss=0.010568  elapsed=130.9s
[P=6/ortho] epoch  400/1000  loss=0.009882  elapsed=175.4s
[P=6/ortho] epoch  500/1000  loss=0.009661  elapsed=244.4s
[P=6/ortho] epoch  600/1000  loss=0.009241  elapsed=290.3s
[P=6/ortho] epoch  700/1000  loss=0.009339  elapsed=333.4s
[P=6/ortho] epoch  800/1000  loss=0.009196  elapsed=378.4s
[P=6/ortho] epoch  900/1000  loss=0.009239  elapsed=423.0s
[P=6/ortho] epoch  999/1000  loss=0.009106  elapsed=466.8s

All done in 69.6 min
================ M=3 seed=1  P=2 3 ================
Loaded master B_full from /home/user/al-rnn-exp/results_seedrun_v2/shared_B_full_dim20_seed42.npy
Shared B (sliced from B_full): shape=(3, 3)  frozen=True  ||B||_F=0.825

================  P = 2  ================
[P=2/orig] epoch    0/1000  loss=0.891019  elapsed=0.3s
[P=2/orig] epoch  100/1000  loss=0.174070  elapsed=34.0s
[P=2/orig] epoch  200/1000  loss=0.168899  elapsed=67.4s
[P=2/orig] epoch  300/1000  loss=0.172938  elapsed=100.7s
[P=2/orig] epoch  400/1000  loss=0.172256  elapsed=134.6s
[P=2/orig] epoch  500/1000  loss=0.173244  elapsed=167.8s
[P=2/orig] epoch  600/1000  loss=0.170552  elapsed=201.1s
[P=2/orig] epoch  700/1000  loss=0.173364  elapsed=234.0s
[P=2/orig] epoch  800/1000  loss=0.170811  elapsed=267.5s
[P=2/orig] epoch  900/1000  loss=0.171009  elapsed=301.5s
[P=2/orig] epoch  999/1000  loss=0.170393  elapsed=334.7s
[P=2/ortho] epoch    0/1000  loss=0.854257  elapsed=0.5s
[P=2/ortho] epoch  100/1000  loss=0.084284  elapsed=39.4s
[P=2/ortho] epoch  200/1000  loss=0.084869  elapsed=78.0s
[P=2/ortho] epoch  300/1000  loss=0.084404  elapsed=117.8s
[P=2/ortho] epoch  400/1000  loss=0.083518  elapsed=156.3s
[P=2/ortho] epoch  500/1000  loss=0.083297  elapsed=194.8s
[P=2/ortho] epoch  600/1000  loss=0.085250  elapsed=233.7s
[P=2/ortho] epoch  700/1000  loss=0.085307  elapsed=272.2s
[P=2/ortho] epoch  800/1000  loss=0.084576  elapsed=310.7s
[P=2/ortho] epoch  900/1000  loss=0.084763  elapsed=349.0s
[P=2/ortho] epoch  999/1000  loss=0.085542  elapsed=387.0s

================  P = 3  ================
[P=3/orig] epoch    0/1000  loss=0.561491  elapsed=0.3s
[P=3/orig] epoch  100/1000  loss=0.094258  elapsed=32.7s
[P=3/orig] epoch  200/1000  loss=0.092392  elapsed=65.3s
[P=3/orig] epoch  300/1000  loss=0.091494  elapsed=96.6s
[P=3/orig] epoch  400/1000  loss=0.089470  elapsed=128.2s
[P=3/orig] epoch  500/1000  loss=0.089317  elapsed=159.6s
[P=3/orig] epoch  600/1000  loss=0.089437  elapsed=191.6s
[P=3/orig] epoch  700/1000  loss=0.090819  elapsed=222.9s
[P=3/orig] epoch  800/1000  loss=0.089260  elapsed=253.2s
[P=3/orig] epoch  900/1000  loss=0.089179  elapsed=283.5s
[P=3/orig] epoch  999/1000  loss=0.089554  elapsed=313.4s
[P=3/ortho] epoch    0/1000  loss=0.788157  elapsed=0.4s
[P=3/ortho] epoch  100/1000  loss=0.089043  elapsed=38.0s
[P=3/ortho] epoch  200/1000  loss=0.082874  elapsed=75.4s
[P=3/ortho] epoch  300/1000  loss=0.080856  elapsed=112.7s
[P=3/ortho] epoch  400/1000  loss=0.081168  elapsed=150.1s
[P=3/ortho] epoch  500/1000  loss=0.080856  elapsed=188.2s
[P=3/ortho] epoch  600/1000  loss=0.080783  elapsed=226.4s
[P=3/ortho] epoch  700/1000  loss=0.081678  elapsed=264.3s
[P=3/ortho] epoch  800/1000  loss=0.081187  elapsed=300.7s
[P=3/ortho] epoch  900/1000  loss=0.079781  elapsed=338.3s
[P=3/ortho] epoch  999/1000  loss=0.081661  elapsed=375.6s

All done in 23.5 min
================ M=4 seed=1  P=2 3 4 ================
Loaded master B_full from /home/user/al-rnn-exp/results_seedrun_v2/shared_B_full_dim20_seed42.npy
Shared B (sliced from B_full): shape=(3, 4)  frozen=True  ||B||_F=1.172

================  P = 2  ================
[P=2/orig] epoch    0/1000  loss=0.934778  elapsed=0.3s
[P=2/orig] epoch  100/1000  loss=0.141972  elapsed=33.9s
[P=2/orig] epoch  200/1000  loss=0.135623  elapsed=67.4s
[P=2/orig] epoch  300/1000  loss=0.139277  elapsed=101.3s
[P=2/orig] epoch  400/1000  loss=0.138207  elapsed=134.7s
[P=2/orig] epoch  500/1000  loss=0.138649  elapsed=168.9s
[P=2/orig] epoch  600/1000  loss=0.137092  elapsed=203.6s
[P=2/orig] epoch  700/1000  loss=0.138174  elapsed=237.3s
[P=2/orig] epoch  800/1000  loss=0.136961  elapsed=271.4s
[P=2/orig] epoch  900/1000  loss=0.136882  elapsed=306.6s
[P=2/orig] epoch  999/1000  loss=0.136264  elapsed=340.7s
[P=2/ortho] epoch    0/1000  loss=0.825351  elapsed=0.5s
[P=2/ortho] epoch  100/1000  loss=0.042823  elapsed=40.4s
[P=2/ortho] epoch  200/1000  loss=0.041176  elapsed=80.8s
[P=2/ortho] epoch  300/1000  loss=0.040333  elapsed=120.8s
[P=2/ortho] epoch  400/1000  loss=0.040017  elapsed=160.2s
[P=2/ortho] epoch  500/1000  loss=0.039165  elapsed=203.4s
[P=2/ortho] epoch  600/1000  loss=0.039831  elapsed=242.9s
[P=2/ortho] epoch  700/1000  loss=0.040834  elapsed=283.7s
[P=2/ortho] epoch  800/1000  loss=0.039203  elapsed=323.0s
[P=2/ortho] epoch  900/1000  loss=0.039946  elapsed=363.7s
[P=2/ortho] epoch  999/1000  loss=0.040070  elapsed=402.5s

================  P = 3  ================
[P=3/orig] epoch    0/1000  loss=0.933251  elapsed=0.4s
[P=3/orig] epoch  100/1000  loss=0.140644  elapsed=34.8s
[P=3/orig] epoch  200/1000  loss=0.138207  elapsed=68.9s
[P=3/orig] epoch  300/1000  loss=0.136962  elapsed=103.1s
[P=3/orig] epoch  400/1000  loss=0.134904  elapsed=136.6s
[P=3/orig] epoch  500/1000  loss=0.134898  elapsed=170.1s
[P=3/orig] epoch  600/1000  loss=0.136220  elapsed=205.6s
[P=3/orig] epoch  700/1000  loss=0.136869  elapsed=239.6s
[P=3/orig] epoch  800/1000  loss=0.134943  elapsed=273.7s
[P=3/orig] epoch  900/1000  loss=0.133324  elapsed=307.9s
[P=3/orig] epoch  999/1000  loss=0.133703  elapsed=342.1s
[P=3/ortho] epoch    0/1000  loss=0.540030  elapsed=0.5s
[P=3/ortho] epoch  100/1000  loss=0.029731  elapsed=40.2s
[P=3/ortho] epoch  200/1000  loss=0.028690  elapsed=80.2s
[P=3/ortho] epoch  300/1000  loss=0.028809  elapsed=120.4s
[P=3/ortho] epoch  400/1000  loss=0.028391  elapsed=160.4s
[P=3/ortho] epoch  500/1000  loss=0.028623  elapsed=200.8s
[P=3/ortho] epoch  600/1000  loss=0.028115  elapsed=241.3s
[P=3/ortho] epoch  700/1000  loss=0.028459  elapsed=282.0s
[P=3/ortho] epoch  800/1000  loss=0.028225  elapsed=321.7s
[P=3/ortho] epoch  900/1000  loss=0.028231  elapsed=361.1s
[P=3/ortho] epoch  999/1000  loss=0.028660  elapsed=400.4s

================  P = 4  ================
[P=4/orig] epoch    0/1000  loss=0.910273  elapsed=0.3s
[P=4/orig] epoch  100/1000  loss=0.059269  elapsed=33.3s
[P=4/orig] epoch  200/1000  loss=0.057156  elapsed=66.4s
[P=4/orig] epoch  300/1000  loss=0.053413  elapsed=99.5s
[P=4/orig] epoch  400/1000  loss=0.050154  elapsed=132.0s
[P=4/orig] epoch  500/1000  loss=0.048108  elapsed=165.2s
[P=4/orig] epoch  600/1000  loss=0.049412  elapsed=198.3s
[P=4/orig] epoch  700/1000  loss=0.048799  elapsed=231.5s
[P=4/orig] epoch  800/1000  loss=0.048829  elapsed=265.0s
[P=4/orig] epoch  900/1000  loss=0.048265  elapsed=298.6s
[P=4/orig] epoch  999/1000  loss=0.047679  elapsed=331.5s
[P=4/ortho] epoch    0/1000  loss=0.617635  elapsed=0.4s
[P=4/ortho] epoch  100/1000  loss=0.044853  elapsed=39.2s
[P=4/ortho] epoch  200/1000  loss=0.042306  elapsed=77.7s
[P=4/ortho] epoch  300/1000  loss=0.042445  elapsed=117.1s
[P=4/ortho] epoch  400/1000  loss=0.042050  elapsed=155.6s
[P=4/ortho] epoch  500/1000  loss=0.041338  elapsed=195.1s
[P=4/ortho] epoch  600/1000  loss=0.042345  elapsed=234.0s
[P=4/ortho] epoch  700/1000  loss=0.042258  elapsed=273.6s
[P=4/ortho] epoch  800/1000  loss=0.042072  elapsed=312.3s
[P=4/ortho] epoch  900/1000  loss=0.042800  elapsed=350.8s
[P=4/ortho] epoch  999/1000  loss=0.041755  elapsed=390.3s

All done in 36.8 min
================ M=5 seed=1  P=2 3 4 5 ================
Loaded master B_full from /home/user/al-rnn-exp/results_seedrun_v2/shared_B_full_dim20_seed42.npy
Shared B (sliced from B_full): shape=(3, 5)  frozen=True  ||B||_F=1.307

================  P = 2  ================
[P=2/orig] epoch    0/1000  loss=0.928652  elapsed=0.4s
[P=2/orig] epoch  100/1000  loss=0.047755  elapsed=37.7s
[P=2/orig] epoch  200/1000  loss=0.044773  elapsed=74.9s
[P=2/orig] epoch  300/1000  loss=0.044577  elapsed=111.7s
[P=2/orig] epoch  400/1000  loss=0.043166  elapsed=148.7s
[P=2/orig] epoch  500/1000  loss=0.043942  elapsed=185.9s
[P=2/orig] epoch  600/1000  loss=0.042976  elapsed=222.5s
[P=2/orig] epoch  700/1000  loss=0.043656  elapsed=259.2s
[P=2/orig] epoch  800/1000  loss=0.043496  elapsed=295.2s
[P=2/orig] epoch  900/1000  loss=0.043548  elapsed=331.6s
[P=2/orig] epoch  999/1000  loss=0.042341  elapsed=368.2s
[P=2/ortho] epoch    0/1000  loss=0.827498  elapsed=0.6s
[P=2/ortho] epoch  100/1000  loss=0.038994  elapsed=43.0s
[P=2/ortho] epoch  200/1000  loss=0.035618  elapsed=85.5s
[P=2/ortho] epoch  300/1000  loss=0.034418  elapsed=128.5s
[P=2/ortho] epoch  400/1000  loss=0.034332  elapsed=173.0s
[P=2/ortho] epoch  500/1000  loss=0.034030  elapsed=216.9s
[P=2/ortho] epoch  600/1000  loss=0.034711  elapsed=259.9s
[P=2/ortho] epoch  700/1000  loss=0.035049  elapsed=302.8s
[P=2/ortho] epoch  800/1000  loss=0.034127  elapsed=345.8s
[P=2/ortho] epoch  900/1000  loss=0.034649  elapsed=388.5s
[P=2/ortho] epoch  999/1000  loss=0.034100  elapsed=431.0s

================  P = 3  ================
[P=3/orig] epoch    0/1000  loss=0.923823  elapsed=0.4s
[P=3/orig] epoch  100/1000  loss=0.040975  elapsed=37.8s
[P=3/orig] epoch  200/1000  loss=0.036529  elapsed=75.3s
[P=3/orig] epoch  300/1000  loss=0.034644  elapsed=114.7s
[P=3/orig] epoch  400/1000  loss=0.033722  elapsed=154.5s
[P=3/orig] epoch  500/1000  loss=0.032494  elapsed=194.3s
[P=3/orig] epoch  600/1000  loss=0.032949  elapsed=232.1s
[P=3/orig] epoch  700/1000  loss=0.033186  elapsed=269.3s
[P=3/orig] epoch  800/1000  loss=0.032608  elapsed=306.1s
[P=3/orig] epoch  900/1000  loss=0.032373  elapsed=342.5s
[P=3/orig] epoch  999/1000  loss=0.032609  elapsed=379.4s
[P=3/ortho] epoch    0/1000  loss=0.880354  elapsed=0.6s
[P=3/ortho] epoch  100/1000  loss=0.036714  elapsed=44.8s
[P=3/ortho] epoch  200/1000  loss=0.027819  elapsed=87.8s
[P=3/ortho] epoch  300/1000  loss=0.026542  elapsed=131.0s
[P=3/ortho] epoch  400/1000  loss=0.025893  elapsed=173.2s
[P=3/ortho] epoch  500/1000  loss=0.025674  elapsed=215.9s
[P=3/ortho] epoch  600/1000  loss=0.025356  elapsed=258.0s
[P=3/ortho] epoch  700/1000  loss=0.025159  elapsed=300.0s
[P=3/ortho] epoch  800/1000  loss=0.025182  elapsed=343.0s
[P=3/ortho] epoch  900/1000  loss=0.025046  elapsed=385.2s
[P=3/ortho] epoch  999/1000  loss=0.025374  elapsed=427.0s

================  P = 4  ================
[P=4/orig] epoch    0/1000  loss=0.891721  elapsed=0.5s
[P=4/orig] epoch  100/1000  loss=0.076754  elapsed=38.9s
[P=4/orig] epoch  200/1000  loss=0.071584  elapsed=75.4s
[P=4/orig] epoch  300/1000  loss=0.069222  elapsed=112.0s
[P=4/orig] epoch  400/1000  loss=0.070593  elapsed=148.8s
[P=4/orig] epoch  500/1000  loss=0.067418  elapsed=185.6s
[P=4/orig] epoch  600/1000  loss=0.067582  elapsed=222.0s
[P=4/orig] epoch  700/1000  loss=0.068400  elapsed=258.4s
[P=4/orig] epoch  800/1000  loss=0.067668  elapsed=294.6s
[P=4/orig] epoch  900/1000  loss=0.067375  elapsed=331.3s
[P=4/orig] epoch  999/1000  loss=0.064908  elapsed=368.5s
[P=4/ortho] epoch    0/1000  loss=0.838116  elapsed=0.5s
[P=4/ortho] epoch  100/1000  loss=0.026657  elapsed=43.0s
[P=4/ortho] epoch  200/1000  loss=0.021627  elapsed=85.5s
[P=4/ortho] epoch  300/1000  loss=0.020448  elapsed=129.0s
[P=4/ortho] epoch  400/1000  loss=0.019619  elapsed=172.4s
[P=4/ortho] epoch  500/1000  loss=0.019295  elapsed=215.0s
[P=4/ortho] epoch  600/1000  loss=0.018905  elapsed=257.8s
[P=4/ortho] epoch  700/1000  loss=0.018896  elapsed=300.9s
[P=4/ortho] epoch  800/1000  loss=0.018671  elapsed=344.2s
[P=4/ortho] epoch  900/1000  loss=0.018969  elapsed=386.2s
[P=4/ortho] epoch  999/1000  loss=0.018608  elapsed=427.9s

================  P = 5  ================
[P=5/orig] epoch    0/1000  loss=0.801986  elapsed=0.5s
[P=5/orig] epoch  100/1000  loss=0.046017  elapsed=36.8s
[P=5/orig] epoch  200/1000  loss=0.042663  elapsed=72.9s
[P=5/orig] epoch  300/1000  loss=0.039933  elapsed=109.5s
[P=5/orig] epoch  400/1000  loss=0.040881  elapsed=146.4s
[P=5/orig] epoch  500/1000  loss=0.040255  elapsed=181.2s
[P=5/orig] epoch  600/1000  loss=0.039514  elapsed=217.5s
[P=5/orig] epoch  700/1000  loss=0.039738  elapsed=253.4s
[P=5/orig] epoch  800/1000  loss=0.039632  elapsed=289.5s
[P=5/orig] epoch  900/1000  loss=0.038876  elapsed=326.0s
[P=5/orig] epoch  999/1000  loss=0.039667  elapsed=361.9s
[P=5/ortho] epoch    0/1000  loss=0.866057  elapsed=0.5s
[P=5/ortho] epoch  100/1000  loss=0.026662  elapsed=41.1s
[P=5/ortho] epoch  200/1000  loss=0.024114  elapsed=82.7s
[P=5/ortho] epoch  300/1000  loss=0.019602  elapsed=123.4s
[P=5/ortho] epoch  400/1000  loss=0.018153  elapsed=164.2s
[P=5/ortho] epoch  500/1000  loss=0.016927  elapsed=204.0s
[P=5/ortho] epoch  600/1000  loss=0.016839  elapsed=245.6s
[P=5/ortho] epoch  700/1000  loss=0.015966  elapsed=286.5s
[P=5/ortho] epoch  800/1000  loss=0.016155  elapsed=326.8s
[P=5/ortho] epoch  900/1000  loss=0.016276  elapsed=368.7s
[P=5/ortho] epoch  999/1000  loss=0.016509  elapsed=409.6s

All done in 52.9 min
================ M=8 seed=1  P=2 3 4 5 6 ================
Loaded master B_full from /home/user/al-rnn-exp/results_seedrun_v2/shared_B_full_dim20_seed42.npy
Shared B (sliced from B_full): shape=(3, 8)  frozen=True  ||B||_F=1.523

================  P = 2  ================
[P=2/orig] epoch    0/1000  loss=0.953630  elapsed=0.4s
[P=2/orig] epoch  100/1000  loss=0.040772  elapsed=37.6s
[P=2/orig] epoch  200/1000  loss=0.035677  elapsed=74.7s
[P=2/orig] epoch  300/1000  loss=0.033723  elapsed=110.8s
[P=2/orig] epoch  400/1000  loss=0.031909  elapsed=147.0s
[P=2/orig] epoch  500/1000  loss=0.031449  elapsed=182.9s
[P=2/orig] epoch  600/1000  loss=0.030735  elapsed=219.3s
[P=2/orig] epoch  700/1000  loss=0.031377  elapsed=255.9s
[P=2/orig] epoch  800/1000  loss=0.030901  elapsed=292.1s
[P=2/orig] epoch  900/1000  loss=0.030992  elapsed=329.0s
[P=2/orig] epoch  999/1000  loss=0.030125  elapsed=365.2s
[P=2/ortho] epoch    0/1000  loss=0.961026  elapsed=0.5s
[P=2/ortho] epoch  100/1000  loss=0.032282  elapsed=42.3s
[P=2/ortho] epoch  200/1000  loss=0.030716  elapsed=83.5s
[P=2/ortho] epoch  300/1000  loss=0.029242  elapsed=124.8s
[P=2/ortho] epoch  400/1000  loss=0.028498  elapsed=166.3s
[P=2/ortho] epoch  500/1000  loss=0.027944  elapsed=207.6s
[P=2/ortho] epoch  600/1000  loss=0.029063  elapsed=249.0s
[P=2/ortho] epoch  700/1000  loss=0.029037  elapsed=291.0s
[P=2/ortho] epoch  800/1000  loss=0.028300  elapsed=332.7s
[P=2/ortho] epoch  900/1000  loss=0.028674  elapsed=375.3s
[P=2/ortho] epoch  999/1000  loss=0.028243  elapsed=416.4s

================  P = 3  ================
[P=3/orig] epoch    0/1000  loss=0.886639  elapsed=0.5s
[P=3/orig] epoch  100/1000  loss=0.032913  elapsed=38.3s
[P=3/orig] epoch  200/1000  loss=0.028644  elapsed=74.5s
[P=3/orig] epoch  300/1000  loss=0.027091  elapsed=111.0s
[P=3/orig] epoch  400/1000  loss=0.025939  elapsed=148.1s
[P=3/orig] epoch  500/1000  loss=0.024820  elapsed=184.7s
[P=3/orig] epoch  600/1000  loss=0.024219  elapsed=221.2s
[P=3/orig] epoch  700/1000  loss=0.025292  elapsed=257.8s
[P=3/orig] epoch  800/1000  loss=0.024202  elapsed=294.3s
[P=3/orig] epoch  900/1000  loss=0.024341  elapsed=330.6s
[P=3/orig] epoch  999/1000  loss=0.024164  elapsed=366.4s
[P=3/ortho] epoch    0/1000  loss=0.922593  elapsed=0.5s
[P=3/ortho] epoch  100/1000  loss=0.023628  elapsed=42.9s
[P=3/ortho] epoch  200/1000  loss=0.020770  elapsed=84.2s
[P=3/ortho] epoch  300/1000  loss=0.020041  elapsed=125.7s
[P=3/ortho] epoch  400/1000  loss=0.019242  elapsed=167.8s
[P=3/ortho] epoch  500/1000  loss=0.019303  elapsed=210.1s
[P=3/ortho] epoch  600/1000  loss=0.019179  elapsed=253.7s
[P=3/ortho] epoch  700/1000  loss=0.018744  elapsed=295.2s
[P=3/ortho] epoch  800/1000  loss=0.018762  elapsed=337.0s
[P=3/ortho] epoch  900/1000  loss=0.018907  elapsed=378.3s
[P=3/ortho] epoch  999/1000  loss=0.018679  elapsed=419.4s

================  P = 4  ================
[P=4/orig] epoch    0/1000  loss=0.860233  elapsed=0.5s
[P=4/orig] epoch  100/1000  loss=0.016848  elapsed=37.8s
[P=4/orig] epoch  200/1000  loss=0.014553  elapsed=76.3s
[P=4/orig] epoch  300/1000  loss=0.014369  elapsed=114.9s
[P=4/orig] epoch  400/1000  loss=0.013944  elapsed=151.3s
[P=4/orig] epoch  500/1000  loss=0.013924  elapsed=187.9s
[P=4/orig] epoch  600/1000  loss=0.013656  elapsed=224.9s
[P=4/orig] epoch  700/1000  loss=0.013893  elapsed=261.9s
[P=4/orig] epoch  800/1000  loss=0.013592  elapsed=299.2s
[P=4/orig] epoch  900/1000  loss=0.013568  elapsed=336.8s
[P=4/orig] epoch  999/1000  loss=0.013393  elapsed=373.4s
[P=4/ortho] epoch    0/1000  loss=0.906054  elapsed=0.6s
[P=4/ortho] epoch  100/1000  loss=0.023569  elapsed=42.4s
[P=4/ortho] epoch  200/1000  loss=0.021666  elapsed=83.4s
[P=4/ortho] epoch  300/1000  loss=0.021277  elapsed=125.3s
[P=4/ortho] epoch  400/1000  loss=0.020677  elapsed=166.9s
[P=4/ortho] epoch  500/1000  loss=0.020110  elapsed=208.3s
[P=4/ortho] epoch  600/1000  loss=0.019859  elapsed=249.2s
[P=4/ortho] epoch  700/1000  loss=0.019901  elapsed=290.8s
[P=4/ortho] epoch  800/1000  loss=0.019583  elapsed=332.4s
[P=4/ortho] epoch  900/1000  loss=0.019664  elapsed=374.7s
[P=4/ortho] epoch  999/1000  loss=0.019364  elapsed=416.2s

================  P = 5  ================
[P=5/orig] epoch    0/1000  loss=0.971429  elapsed=0.5s
[P=5/orig] epoch  100/1000  loss=0.016376  elapsed=37.1s
[P=5/orig] epoch  200/1000  loss=0.014208  elapsed=74.9s
[P=5/orig] epoch  300/1000  loss=0.013121  elapsed=111.1s
[P=5/orig] epoch  400/1000  loss=0.013238  elapsed=148.1s
[P=5/orig] epoch  500/1000  loss=0.012554  elapsed=184.8s
[P=5/orig] epoch  600/1000  loss=0.012490  elapsed=221.7s
[P=5/orig] epoch  700/1000  loss=0.012288  elapsed=258.0s
[P=5/orig] epoch  800/1000  loss=0.012220  elapsed=295.3s
[P=5/orig] epoch  900/1000  loss=0.012321  elapsed=331.6s
[P=5/orig] epoch  999/1000  loss=0.012089  elapsed=367.6s
[P=5/ortho] epoch    0/1000  loss=0.858704  elapsed=0.5s
[P=5/ortho] epoch  100/1000  loss=0.018283  elapsed=43.1s
[P=5/ortho] epoch  200/1000  loss=0.014530  elapsed=84.8s
[P=5/ortho] epoch  300/1000  loss=0.013194  elapsed=126.5s
[P=5/ortho] epoch  400/1000  loss=0.013200  elapsed=168.6s
[P=5/ortho] epoch  500/1000  loss=0.012930  elapsed=211.4s
[P=5/ortho] epoch  600/1000  loss=0.012834  elapsed=254.4s
[P=5/ortho] epoch  700/1000  loss=0.012489  elapsed=297.3s
[P=5/ortho] epoch  800/1000  loss=0.012428  elapsed=339.9s
[P=5/ortho] epoch  900/1000  loss=0.012569  elapsed=384.3s
[P=5/ortho] epoch  999/1000  loss=0.012813  elapsed=425.6s

================  P = 6  ================
[P=6/orig] epoch    0/1000  loss=0.962016  elapsed=0.4s
[P=6/orig] epoch  100/1000  loss=0.022219  elapsed=36.1s
[P=6/orig] epoch  200/1000  loss=0.019806  elapsed=72.7s
[P=6/orig] epoch  300/1000  loss=0.017590  elapsed=109.9s
[P=6/orig] epoch  400/1000  loss=0.015676  elapsed=147.8s
[P=6/orig] epoch  500/1000  loss=0.015019  elapsed=185.8s
[P=6/orig] epoch  600/1000  loss=0.014750  elapsed=223.1s
[P=6/orig] epoch  700/1000  loss=0.014860  elapsed=259.9s
[P=6/orig] epoch  800/1000  loss=0.014879  elapsed=297.2s
[skip] M3_s0 already complete
[skip] M4_s0 already complete
[skip] M5_s0 already complete
[skip] M8_s0 already complete
[skip] M9_s0 already complete
[skip] M3_s1 already complete
[skip] M4_s1 already complete
[skip] M5_s1 already complete
================ M=8 seed=1  P=2 3 4 5 6 ================
Loaded master B_full from /home/user/al-rnn-exp/results_seedrun_v2/shared_B_full_dim20_seed42.npy
Shared B (sliced from B_full): shape=(3, 8)  frozen=True  ||B||_F=1.523

================  P = 2  ================
[P=2/orig] epoch    0/1000  loss=0.953630  elapsed=1.6s
[P=2/orig] epoch  100/1000  loss=0.040772  elapsed=39.3s
[P=2/orig] epoch  200/1000  loss=0.035677  elapsed=75.9s
[P=2/orig] epoch  300/1000  loss=0.033723  elapsed=113.2s
[P=2/orig] epoch  400/1000  loss=0.031909  elapsed=149.7s
[P=2/orig] epoch  500/1000  loss=0.031449  elapsed=187.5s
[P=2/orig] epoch  600/1000  loss=0.030735  elapsed=224.4s
[P=2/orig] epoch  700/1000  loss=0.031377  elapsed=262.3s
[P=2/orig] epoch  800/1000  loss=0.030901  elapsed=300.1s
[P=2/orig] epoch  900/1000  loss=0.030992  elapsed=337.7s
[P=2/orig] epoch  999/1000  loss=0.030125  elapsed=374.7s
[P=2/ortho] epoch    0/1000  loss=0.961026  elapsed=0.4s
[P=2/ortho] epoch  100/1000  loss=0.032282  elapsed=43.1s
[P=2/ortho] epoch  200/1000  loss=0.030716  elapsed=86.7s
[P=2/ortho] epoch  300/1000  loss=0.029242  elapsed=129.1s
[P=2/ortho] epoch  400/1000  loss=0.028498  elapsed=171.2s
[P=2/ortho] epoch  500/1000  loss=0.027944  elapsed=213.0s
[P=2/ortho] epoch  600/1000  loss=0.029063  elapsed=255.7s
[P=2/ortho] epoch  700/1000  loss=0.029037  elapsed=298.2s
[P=2/ortho] epoch  800/1000  loss=0.028300  elapsed=341.2s
[P=2/ortho] epoch  900/1000  loss=0.028674  elapsed=383.2s
[P=2/ortho] epoch  999/1000  loss=0.028243  elapsed=425.7s

================  P = 3  ================
[P=3/orig] epoch    0/1000  loss=0.886639  elapsed=0.5s
[P=3/orig] epoch  100/1000  loss=0.032913  elapsed=37.9s
[P=3/orig] epoch  200/1000  loss=0.028644  elapsed=74.6s
[P=3/orig] epoch  300/1000  loss=0.027091  elapsed=111.9s
[P=3/orig] epoch  400/1000  loss=0.025939  elapsed=148.9s
[P=3/orig] epoch  500/1000  loss=0.024820  elapsed=185.8s
[P=3/orig] epoch  600/1000  loss=0.024219  elapsed=222.7s
[P=3/orig] epoch  700/1000  loss=0.025292  elapsed=259.9s
[P=3/orig] epoch  800/1000  loss=0.024202  elapsed=297.1s
[P=3/orig] epoch  900/1000  loss=0.024341  elapsed=338.3s
[P=3/orig] epoch  999/1000  loss=0.024164  elapsed=377.5s
[P=3/ortho] epoch    0/1000  loss=0.922593  elapsed=0.7s
[P=3/ortho] epoch  100/1000  loss=0.023628  elapsed=46.8s
[P=3/ortho] epoch  200/1000  loss=0.020770  elapsed=89.7s
[P=3/ortho] epoch  300/1000  loss=0.020041  elapsed=132.6s
[P=3/ortho] epoch  400/1000  loss=0.019242  elapsed=177.5s
[P=3/ortho] epoch  500/1000  loss=0.019303  elapsed=223.5s
[P=3/ortho] epoch  600/1000  loss=0.019179  elapsed=270.2s
[P=3/ortho] epoch  700/1000  loss=0.018744  elapsed=316.2s
[P=3/ortho] epoch  800/1000  loss=0.018762  elapsed=361.8s
[P=3/ortho] epoch  900/1000  loss=0.018907  elapsed=407.8s
[P=3/ortho] epoch  999/1000  loss=0.018679  elapsed=451.4s

================  P = 4  ================
[P=4/orig] epoch    0/1000  loss=0.860233  elapsed=0.4s
[P=4/orig] epoch  100/1000  loss=0.016848  elapsed=37.7s
[P=4/orig] epoch  200/1000  loss=0.014553  elapsed=74.4s
[P=4/orig] epoch  300/1000  loss=0.014369  elapsed=112.5s
[P=4/orig] epoch  400/1000  loss=0.013944  elapsed=150.4s
[P=4/orig] epoch  500/1000  loss=0.013924  elapsed=187.6s
[P=4/orig] epoch  600/1000  loss=0.013656  elapsed=225.5s
[P=4/orig] epoch  700/1000  loss=0.013893  elapsed=262.4s
[P=4/orig] epoch  800/1000  loss=0.013592  elapsed=299.7s
[P=4/orig] epoch  900/1000  loss=0.013568  elapsed=338.0s
[P=4/orig] epoch  999/1000  loss=0.013393  elapsed=375.0s
[P=4/ortho] epoch    0/1000  loss=0.906054  elapsed=0.6s
[P=4/ortho] epoch  100/1000  loss=0.023569  elapsed=43.0s
[P=4/ortho] epoch  200/1000  loss=0.021666  elapsed=85.7s
[P=4/ortho] epoch  300/1000  loss=0.021277  elapsed=128.5s
[P=4/ortho] epoch  400/1000  loss=0.020677  elapsed=170.6s
[P=4/ortho] epoch  500/1000  loss=0.020110  elapsed=212.8s
[P=4/ortho] epoch  600/1000  loss=0.019859  elapsed=255.0s
[P=4/ortho] epoch  700/1000  loss=0.019901  elapsed=297.2s
[P=4/ortho] epoch  800/1000  loss=0.019583  elapsed=338.6s
[P=4/ortho] epoch  900/1000  loss=0.019664  elapsed=380.4s
[P=4/ortho] epoch  999/1000  loss=0.019364  elapsed=422.4s

================  P = 5  ================
[P=5/orig] epoch    0/1000  loss=0.971429  elapsed=0.5s
[P=5/orig] epoch  100/1000  loss=0.016376  elapsed=37.7s
[P=5/orig] epoch  200/1000  loss=0.014208  elapsed=74.3s
[P=5/orig] epoch  300/1000  loss=0.013121  elapsed=110.9s
[P=5/orig] epoch  400/1000  loss=0.013238  elapsed=147.0s
[P=5/orig] epoch  500/1000  loss=0.012554  elapsed=184.0s
[P=5/orig] epoch  600/1000  loss=0.012490  elapsed=220.1s
[P=5/orig] epoch  700/1000  loss=0.012288  elapsed=257.2s
[P=5/orig] epoch  800/1000  loss=0.012220  elapsed=294.3s
[P=5/orig] epoch  900/1000  loss=0.012321  elapsed=331.2s
[P=5/orig] epoch  999/1000  loss=0.012089  elapsed=367.7s
[P=5/ortho] epoch    0/1000  loss=0.858704  elapsed=0.6s
[P=5/ortho] epoch  100/1000  loss=0.018283  elapsed=42.8s
[P=5/ortho] epoch  200/1000  loss=0.014530  elapsed=84.5s
[P=5/ortho] epoch  300/1000  loss=0.013194  elapsed=125.9s
[P=5/ortho] epoch  400/1000  loss=0.013200  elapsed=167.8s
[P=5/ortho] epoch  500/1000  loss=0.012930  elapsed=210.0s
[P=5/ortho] epoch  600/1000  loss=0.012834  elapsed=251.6s
[P=5/ortho] epoch  700/1000  loss=0.012489  elapsed=293.5s
[P=5/ortho] epoch  800/1000  loss=0.012428  elapsed=336.5s
[P=5/ortho] epoch  900/1000  loss=0.012569  elapsed=378.4s
[P=5/ortho] epoch  999/1000  loss=0.012813  elapsed=419.9s

================  P = 6  ================
[P=6/orig] epoch    0/1000  loss=0.962016  elapsed=0.5s
[P=6/orig] epoch  100/1000  loss=0.022219  elapsed=38.0s
[P=6/orig] epoch  200/1000  loss=0.019806  elapsed=74.7s
[P=6/orig] epoch  300/1000  loss=0.017590  elapsed=111.4s
[P=6/orig] epoch  400/1000  loss=0.015676  elapsed=148.2s
[P=6/orig] epoch  500/1000  loss=0.015019  elapsed=184.5s
[P=6/orig] epoch  600/1000  loss=0.014750  elapsed=221.7s
[P=6/orig] epoch  700/1000  loss=0.014860  elapsed=258.2s
[P=6/orig] epoch  800/1000  loss=0.014879  elapsed=295.1s
[P=6/orig] epoch  900/1000  loss=0.014806  elapsed=332.2s
[P=6/orig] epoch  999/1000  loss=0.014852  elapsed=370.2s
[P=6/ortho] epoch    0/1000  loss=0.955166  elapsed=0.6s
[P=6/ortho] epoch  100/1000  loss=0.013055  elapsed=43.9s
[P=6/ortho] epoch  200/1000  loss=0.011634  elapsed=86.1s
[P=6/ortho] epoch  300/1000  loss=0.010815  elapsed=127.9s
[P=6/ortho] epoch  400/1000  loss=0.010417  elapsed=169.5s
[P=6/ortho] epoch  500/1000  loss=0.010205  elapsed=211.6s
[P=6/ortho] epoch  600/1000  loss=0.010194  elapsed=253.3s
[P=6/ortho] epoch  700/1000  loss=0.010207  elapsed=295.3s
[P=6/ortho] epoch  800/1000  loss=0.009976  elapsed=337.4s
[P=6/ortho] epoch  900/1000  loss=0.010021  elapsed=380.1s
[P=6/ortho] epoch  999/1000  loss=0.010045  elapsed=422.1s

All done in 67.0 min
================ M=9 seed=1  P=2 3 4 5 6 ================
Loaded master B_full from /home/user/al-rnn-exp/results_seedrun_v2/shared_B_full_dim20_seed42.npy
Shared B (sliced from B_full): shape=(3, 9)  frozen=True  ||B||_F=1.634

================  P = 2  ================
[P=2/orig] epoch    0/1000  loss=0.924336  elapsed=0.4s
[P=2/orig] epoch  100/1000  loss=0.037781  elapsed=37.0s
[P=2/orig] epoch  200/1000  loss=0.033696  elapsed=73.2s
[P=2/orig] epoch  300/1000  loss=0.032056  elapsed=109.4s
[P=2/orig] epoch  400/1000  loss=0.030779  elapsed=145.1s
[P=2/orig] epoch  500/1000  loss=0.030508  elapsed=180.6s
[P=2/orig] epoch  600/1000  loss=0.029603  elapsed=216.7s
[P=2/orig] epoch  700/1000  loss=0.030126  elapsed=252.8s
[P=2/orig] epoch  800/1000  loss=0.029917  elapsed=287.3s
[P=2/orig] epoch  900/1000  loss=0.030022  elapsed=321.0s
[P=2/orig] epoch  999/1000  loss=0.029027  elapsed=354.5s
[P=2/ortho] epoch    0/1000  loss=0.952404  elapsed=0.5s
[P=2/ortho] epoch  100/1000  loss=0.034767  elapsed=39.7s
[P=2/ortho] epoch  200/1000  loss=0.032957  elapsed=79.0s
[P=2/ortho] epoch  300/1000  loss=0.030991  elapsed=117.9s
[P=2/ortho] epoch  400/1000  loss=0.029730  elapsed=157.6s
[P=2/ortho] epoch  500/1000  loss=0.028699  elapsed=195.5s
[P=2/ortho] epoch  600/1000  loss=0.029822  elapsed=233.9s
[P=2/ortho] epoch  700/1000  loss=0.029675  elapsed=273.5s
[P=2/ortho] epoch  800/1000  loss=0.028747  elapsed=312.4s
[P=2/ortho] epoch  900/1000  loss=0.029035  elapsed=351.2s
[P=2/ortho] epoch  999/1000  loss=0.028571  elapsed=389.6s

================  P = 3  ================
[P=3/orig] epoch    0/1000  loss=0.857236  elapsed=0.5s
[P=3/orig] epoch  100/1000  loss=0.028621  elapsed=34.7s
[P=3/orig] epoch  200/1000  loss=0.025081  elapsed=70.2s
[P=3/orig] epoch  300/1000  loss=0.023371  elapsed=104.4s
[P=3/orig] epoch  400/1000  loss=0.022268  elapsed=138.0s
[P=3/orig] epoch  500/1000  loss=0.021689  elapsed=172.9s
[P=3/orig] epoch  600/1000  loss=0.021379  elapsed=208.6s
[P=3/orig] epoch  700/1000  loss=0.021901  elapsed=243.5s
[P=3/orig] epoch  800/1000  loss=0.021499  elapsed=278.2s
[P=3/orig] epoch  900/1000  loss=0.021214  elapsed=312.5s
[P=3/orig] epoch  999/1000  loss=0.021308  elapsed=346.2s
[P=3/ortho] epoch    0/1000  loss=0.947399  elapsed=0.6s
[P=3/ortho] epoch  100/1000  loss=0.025367  elapsed=41.1s
[P=3/ortho] epoch  200/1000  loss=0.021739  elapsed=79.8s
[P=3/ortho] epoch  300/1000  loss=0.021092  elapsed=118.0s
[P=3/ortho] epoch  400/1000  loss=0.020782  elapsed=157.7s
[P=3/ortho] epoch  500/1000  loss=0.020949  elapsed=197.5s
[P=3/ortho] epoch  600/1000  loss=0.020484  elapsed=236.1s
[P=3/ortho] epoch  700/1000  loss=0.020359  elapsed=277.0s
[P=3/ortho] epoch  800/1000  loss=0.020337  elapsed=316.7s
[P=3/ortho] epoch  900/1000  loss=0.020252  elapsed=356.0s
[P=3/ortho] epoch  999/1000  loss=0.020315  elapsed=394.7s

================  P = 4  ================
[P=4/orig] epoch    0/1000  loss=0.972791  elapsed=0.4s
