================ M=8 seed=1  P=2 3 4 5 6 ================
Loaded master B_full from /home/user/al-rnn-exp/results_seedrun_v2/shared_B_full_dim20_seed42.npy
Shared B (sliced from B_full): shape=(3, 8)  frozen=True  ||B||_F=1.523

================  P = 2  ================
[P=2/orig] epoch    0/1000  loss=0.953630  elapsed=0.4s
[P=2/orig] epoch  100/1000  loss=0.040772  elapsed=37.6s
[P=2/orig] epoch  200/1000  loss=0.035677  elapsed=74.7s
[P=2/orig] epoch  300/1000  loss=0.033723  elapsed=110.8s
[P=2/orig] epoch  400/1000  loss=0.031909  elapsed=147.0s
[P=2/orig] epoch  500/1000  loss=0.031449  elapsed=182.9s
[P=2/orig] epoch  600/1000  loss=0.030735  elapsed=219.3s
[P=2/orig] epoch  700/1000  loss=0.031377  elapsed=255.9s
[P=2/orig] epoch  800/1000  loss=0.030901  elapsed=292.1s
[P=2/orig] epoch  900/1000  loss=0.030992  elapsed=329.0s
[P=2/orig] epoch  999/1000  loss=0.030125  elapsed=365.2s
[P=2/ortho] epoch    0/1000  loss=0.961026  elapsed=0.5s
[P=2/ortho] epoch  100/1000  loss=0.032282  elapsed=42.3s
[P=2/ortho] epoch  200/1000  loss=0.030716  elapsed=83.5s
[P=2/ortho] epoch  300/1000  loss=0.029242  elapsed=124.8s
[P=2/ortho] epoch  400/1000  loss=0.028498  elapsed=166.3s
[P=2/ortho] epoch  500/1000  loss=0.027944  elapsed=207.6s
[P=2/ortho] epoch  600/1000  loss=0.029063  elapsed=249.0s
[P=2/ortho] epoch  700/1000  loss=0.029037  elapsed=291.0s
[P=2/ortho] epoch  800/1000  loss=0.028300  elapsed=332.7s
[P=2/ortho] epoch  900/1000  loss=0.028674  elapsed=375.3s
[P=2/ortho] epoch  999/1000  loss=0.028243  elapsed=416.4s

================  P = 3  ================
[P=3/orig] epoch    0/1000  loss=0.886639  elapsed=0.5s
[P=3/orig] epoch  100/1000  loss=0.032913  elapsed=38.3s
[P=3/orig] epoch  200/1000  loss=0.028644  elapsed=74.5s
[P=3/orig] epoch  300/1000  loss=0.027091  elapsed=111.0s
[P=3/orig] epoch  400/1000  loss=0.025939  elapsed=148.1s
[P=3/orig] epoch  500/1000  loss=0.024820  elapsed=184.7s
[P=3/orig] epoch  600/1000  loss=0.024219  elapsed=221.2s
[P=3/orig] epoch  700/1000  loss=0.025292  elapsed=257.8s
[P=3/orig] epoch  800/1000  loss=0.024202  elapsed=294.3s
[P=3/orig] epoch  900/1000  loss=0.024341  elapsed=330.6s
[P=3/orig] epoch  999/1000  loss=0.024164  elapsed=366.4s
[P=3/ortho] epoch    0/1000  loss=0.922593  elapsed=0.5s
[P=3/ortho] epoch  100/1000  loss=0.023628  elapsed=42.9s
[P=3/ortho] epoch  200/1000  loss=0.020770  elapsed=84.2s
[P=3/ortho] epoch  300/1000  loss=0.020041  elapsed=125.7s
[P=3/ortho] epoch  400/1000  loss=0.019242  elapsed=167.8s
[P=3/ortho] epoch  500/1000  loss=0.019303  elapsed=210.1s
[P=3/ortho] epoch  600/1000  loss=0.019179  elapsed=253.7s
[P=3/ortho] epoch  700/1000  loss=0.018744  elapsed=295.2s
[P=3/ortho] epoch  800/1000  loss=0.018762  elapsed=337.0s
[P=3/ortho] epoch  900/1000  loss=0.018907  elapsed=378.3s
[P=3/ortho] epoch  999/1000  loss=0.018679  elapsed=419.4s

================  P = 4  ================
[P=4/orig] epoch    0/1000  loss=0.860233  elapsed=0.5s
[P=4/orig] epoch  100/1000  loss=0.016848  elapsed=37.8s
[P=4/orig] epoch  200/1000  loss=0.014553  elapsed=76.3s
[P=4/orig] epoch  300/1000  loss=0.014369  elapsed=114.9s
[P=4/orig] epoch  400/1000  loss=0.013944  elapsed=151.3s
[P=4/orig] epoch  500/1000  loss=0.013924  elapsed=187.9s
[P=4/orig] epoch  600/1000  loss=0.013656  elapsed=224.9s
[P=4/orig] epoch  700/1000  loss=0.013893  elapsed=261.9s
[P=4/orig] epoch  800/1000  loss=0.013592  elapsed=299.2s
[P=4/orig] epoch  900/1000  loss=0.013568  elapsed=336.8s
[P=4/orig] epoch  999/1000  loss=0.013393  elapsed=373.4s
[P=4/ortho] epoch    0/1000  loss=0.906054  elapsed=0.6s
[P=4/ortho] epoch  100/1000  loss=0.023569  elapsed=42.4s
[P=4/ortho] epoch  200/1000  loss=0.021666  elapsed=83.4s
[P=4/ortho] epoch  300/1000  loss=0.021277  elapsed=125.3s
[P=4/ortho] epoch  400/1000  loss=0.020677  elapsed=166.9s
[P=4/ortho] epoch  500/1000  loss=0.020110  elapsed=208.3s
[P=4/ortho] epoch  600/1000  loss=0.019859  elapsed=249.2s
[P=4/ortho] epoch  700/1000  loss=0.019901  elapsed=290.8s
[P=4/ortho] epoch  800/1000  loss=0.019583  elapsed=332.4s
[P=4/ortho] epoch  900/1000  loss=0.019664  elapsed=374.7s
[P=4/ortho] epoch  999/1000  loss=0.019364  elapsed=416.2s

================  P = 5  ================
[P=5/orig] epoch    0/1000  loss=0.971429  elapsed=0.5s
[P=5/orig] epoch  100/1000  loss=0.016376  elapsed=37.1s
[P=5/orig] epoch  200/1000  loss=0.014208  elapsed=74.9s
[P=5/orig] epoch  300/1000  loss=0.013121  elapsed=111.1s
[P=5/orig] epoch  400/1000  loss=0.013238  elapsed=148.1s
[P=5/orig] epoch  500/1000  loss=0.012554  elapsed=184.8s
[P=5/orig] epoch  600/1000  loss=0.012490  elapsed=221.7s
[P=5/orig] epoch  700/1000  loss=0.012288  elapsed=258.0s
[P=5/orig] epoch  800/1000  loss=0.012220  elapsed=295.3s
[P=5/orig] epoch  900/1000  loss=0.012321  elapsed=331.6s
[P=5/orig] epoch  999/1000  loss=0.012089  elapsed=367.6s
[P=5/ortho] epoch    0/1000  loss=0.858704  elapsed=0.5s
[P=5/ortho] epoch  100/1000  loss=0.018283  elapsed=43.1s
[P=5/ortho] epoch  200/1000  loss=0.014530  elapsed=84.8s
[P=5/ortho] epoch  300/1000  loss=0.013194  elapsed=126.5s
[P=5/ortho] epoch  400/1000  loss=0.013200  elapsed=168.6s
[P=5/ortho] epoch  500/1000  loss=0.012930  elapsed=211.4s
[P=5/ortho] epoch  600/1000  loss=0.012834  elapsed=254.4s
[P=5/ortho] epoch  700/1000  loss=0.012489  elapsed=297.3s
[P=5/ortho] epoch  800/1000  loss=0.012428  elapsed=339.9s
[P=5/ortho] epoch  900/1000  loss=0.012569  elapsed=384.3s
[P=5/ortho] epoch  999/1000  loss=0.012813  elapsed=425.6s

================  P = 6  ================
[P=6/orig] epoch    0/1000  loss=0.962016  elapsed=0.4s
[P=6/orig] epoch  100/1000  loss=0.022219  elapsed=36.1s
[P=6/orig] epoch  200/1000  loss=0.019806  elapsed=72.7s
[P=6/orig] epoch  300/1000  loss=0.017590  elapsed=109.9s
[P=6/orig] epoch  400/1000  loss=0.015676  elapsed=147.8s
[P=6/orig] epoch  500/1000  loss=0.015019  elapsed=185.8s
[P=6/orig] epoch  600/1000  loss=0.014750  elapsed=223.1s
[P=6/orig] epoch  700/1000  loss=0.014860  elapsed=259.9s
[P=6/orig] epoch  800/1000  loss=0.014879  elapsed=297.2s
================ M=8 seed=1  P=2 3 4 5 6 ================
Loaded master B_full from /home/user/al-rnn-exp/results_seedrun_v2/shared_B_full_dim20_seed42.npy
Shared B (sliced from B_full): shape=(3, 8)  frozen=True  ||B||_F=1.523

================  P = 2  ================
[P=2/orig] epoch    0/1000  loss=0.953630  elapsed=1.6s
[P=2/orig] epoch  100/1000  loss=0.040772  elapsed=39.3s
[P=2/orig] epoch  200/1000  loss=0.035677  elapsed=75.9s
[P=2/orig] epoch  300/1000  loss=0.033723  elapsed=113.2s
[P=2/orig] epoch  400/1000  loss=0.031909  elapsed=149.7s
[P=2/orig] epoch  500/1000  loss=0.031449  elapsed=187.5s
[P=2/orig] epoch  600/1000  loss=0.030735  elapsed=224.4s
[P=2/orig] epoch  700/1000  loss=0.031377  elapsed=262.3s
[P=2/orig] epoch  800/1000  loss=0.030901  elapsed=300.1s
[P=2/orig] epoch  900/1000  loss=0.030992  elapsed=337.7s
[P=2/orig] epoch  999/1000  loss=0.030125  elapsed=374.7s
[P=2/ortho] epoch    0/1000  loss=0.961026  elapsed=0.4s
[P=2/ortho] epoch  100/1000  loss=0.032282  elapsed=43.1s
[P=2/ortho] epoch  200/1000  loss=0.030716  elapsed=86.7s
[P=2/ortho] epoch  300/1000  loss=0.029242  elapsed=129.1s
[P=2/ortho] epoch  400/1000  loss=0.028498  elapsed=171.2s
[P=2/ortho] epoch  500/1000  loss=0.027944  elapsed=213.0s
[P=2/ortho] epoch  600/1000  loss=0.029063  elapsed=255.7s
[P=2/ortho] epoch  700/1000  loss=0.029037  elapsed=298.2s
[P=2/ortho] epoch  800/1000  loss=0.028300  elapsed=341.2s
[P=2/ortho] epoch  900/1000  loss=0.028674  elapsed=383.2s
[P=2/ortho] epoch  999/1000  loss=0.028243  elapsed=425.7s

================  P = 3  ================
[P=3/orig] epoch    0/1000  loss=0.886639  elapsed=0.5s
[P=3/orig] epoch  100/1000  loss=0.032913  elapsed=37.9s
[P=3/orig] epoch  200/1000  loss=0.028644  elapsed=74.6s
[P=3/orig] epoch  300/1000  loss=0.027091  elapsed=111.9s
[P=3/orig] epoch  400/1000  loss=0.025939  elapsed=148.9s
[P=3/orig] epoch  500/1000  loss=0.024820  elapsed=185.8s
[P=3/orig] epoch  600/1000  loss=0.024219  elapsed=222.7s
[P=3/orig] epoch  700/1000  loss=0.025292  elapsed=259.9s
[P=3/orig] epoch  800/1000  loss=0.024202  elapsed=297.1s
[P=3/orig] epoch  900/1000  loss=0.024341  elapsed=338.3s
[P=3/orig] epoch  999/1000  loss=0.024164  elapsed=377.5s
[P=3/ortho] epoch    0/1000  loss=0.922593  elapsed=0.7s
[P=3/ortho] epoch  100/1000  loss=0.023628  elapsed=46.8s
[P=3/ortho] epoch  200/1000  loss=0.020770  elapsed=89.7s
[P=3/ortho] epoch  300/1000  loss=0.020041  elapsed=132.6s
[P=3/ortho] epoch  400/1000  loss=0.019242  elapsed=177.5s
[P=3/ortho] epoch  500/1000  loss=0.019303  elapsed=223.5s
[P=3/ortho] epoch  600/1000  loss=0.019179  elapsed=270.2s
[P=3/ortho] epoch  700/1000  loss=0.018744  elapsed=316.2s
[P=3/ortho] epoch  800/1000  loss=0.018762  elapsed=361.8s
[P=3/ortho] epoch  900/1000  loss=0.018907  elapsed=407.8s
[P=3/ortho] epoch  999/1000  loss=0.018679  elapsed=451.4s

================  P = 4  ================
[P=4/orig] epoch    0/1000  loss=0.860233  elapsed=0.4s
[P=4/orig] epoch  100/1000  loss=0.016848  elapsed=37.7s
[P=4/orig] epoch  200/1000  loss=0.014553  elapsed=74.4s
[P=4/orig] epoch  300/1000  loss=0.014369  elapsed=112.5s
[P=4/orig] epoch  400/1000  loss=0.013944  elapsed=150.4s
[P=4/orig] epoch  500/1000  loss=0.013924  elapsed=187.6s
[P=4/orig] epoch  600/1000  loss=0.013656  elapsed=225.5s
[P=4/orig] epoch  700/1000  loss=0.013893  elapsed=262.4s
[P=4/orig] epoch  800/1000  loss=0.013592  elapsed=299.7s
[P=4/orig] epoch  900/1000  loss=0.013568  elapsed=338.0s
[P=4/orig] epoch  999/1000  loss=0.013393  elapsed=375.0s
[P=4/ortho] epoch    0/1000  loss=0.906054  elapsed=0.6s
[P=4/ortho] epoch  100/1000  loss=0.023569  elapsed=43.0s
[P=4/ortho] epoch  200/1000  loss=0.021666  elapsed=85.7s
[P=4/ortho] epoch  300/1000  loss=0.021277  elapsed=128.5s
[P=4/ortho] epoch  400/1000  loss=0.020677  elapsed=170.6s
[P=4/ortho] epoch  500/1000  loss=0.020110  elapsed=212.8s
[P=4/ortho] epoch  600/1000  loss=0.019859  elapsed=255.0s
[P=4/ortho] epoch  700/1000  loss=0.019901  elapsed=297.2s
[P=4/ortho] epoch  800/1000  loss=0.019583  elapsed=338.6s
[P=4/ortho] epoch  900/1000  loss=0.019664  elapsed=380.4s
[P=4/ortho] epoch  999/1000  loss=0.019364  elapsed=422.4s

================  P = 5  ================
[P=5/orig] epoch    0/1000  loss=0.971429  elapsed=0.5s
[P=5/orig] epoch  100/1000  loss=0.016376  elapsed=37.7s
[P=5/orig] epoch  200/1000  loss=0.014208  elapsed=74.3s
[P=5/orig] epoch  300/1000  loss=0.013121  elapsed=110.9s
[P=5/orig] epoch  400/1000  loss=0.013238  elapsed=147.0s
[P=5/orig] epoch  500/1000  loss=0.012554  elapsed=184.0s
[P=5/orig] epoch  600/1000  loss=0.012490  elapsed=220.1s
[P=5/orig] epoch  700/1000  loss=0.012288  elapsed=257.2s
[P=5/orig] epoch  800/1000  loss=0.012220  elapsed=294.3s
[P=5/orig] epoch  900/1000  loss=0.012321  elapsed=331.2s
[P=5/orig] epoch  999/1000  loss=0.012089  elapsed=367.7s
[P=5/ortho] epoch    0/1000  loss=0.858704  elapsed=0.6s
