================ M=8 seed=2  P=2 3 4 5 6 ================
Loaded master B_full from /home/user/al-rnn-exp/results_seedrun_v2/shared_B_full_dim20_seed42.npy
Shared B (sliced from B_full): shape=(3, 8)  frozen=True  ||B||_F=1.523

================  P = 2  ================
[P=2/orig] epoch    0/1000  loss=0.964923  elapsed=0.3s
[P=2/orig] epoch  100/1000  loss=0.041039  elapsed=34.7s
[P=2/orig] epoch  200/1000  loss=0.036076  elapsed=69.2s
[P=2/orig] epoch  300/1000  loss=0.035969  elapsed=102.9s
[P=2/orig] epoch  400/1000  loss=0.034371  elapsed=136.4s
[P=2/orig] epoch  500/1000  loss=0.034540  elapsed=169.7s
[P=2/orig] epoch  600/1000  loss=0.034561  elapsed=202.9s
[P=2/orig] epoch  700/1000  loss=0.033442  elapsed=235.7s
[P=2/orig] epoch  800/1000  loss=0.033328  elapsed=269.6s
[P=2/orig] epoch  900/1000  loss=0.034374  elapsed=303.2s
[P=2/orig] epoch  999/1000  loss=0.035021  elapsed=336.7s
[P=2/ortho] epoch    0/1000  loss=0.971208  elapsed=0.4s
================ M=8 seed=2  P=2 3 4 5 6 ================
Loaded master B_full from /home/user/al-rnn-exp/results_seedrun_v2/shared_B_full_dim20_seed42.npy
Shared B (sliced from B_full): shape=(3, 8)  frozen=True  ||B||_F=1.523

================  P = 2  ================
[P=2/orig] epoch    0/1000  loss=0.964923  elapsed=1.9s
[P=2/orig] epoch  100/1000  loss=0.041039  elapsed=86.3s
[P=2/orig] epoch  200/1000  loss=0.036076  elapsed=169.2s
[P=2/orig] epoch  300/1000  loss=0.035969  elapsed=252.1s
[P=2/orig] epoch  400/1000  loss=0.034371  elapsed=332.8s
[P=2/orig] epoch  500/1000  loss=0.034540  elapsed=412.0s
[P=2/orig] epoch  600/1000  loss=0.034561  elapsed=493.0s
[P=2/orig] epoch  700/1000  loss=0.033442  elapsed=573.3s
[P=2/orig] epoch  800/1000  loss=0.033328  elapsed=654.1s
[P=2/orig] epoch  900/1000  loss=0.034374  elapsed=732.8s
[P=2/orig] epoch  999/1000  loss=0.035021  elapsed=812.4s
[P=2/ortho] epoch    0/1000  loss=0.971208  elapsed=0.9s
[P=2/ortho] epoch  100/1000  loss=0.036567  elapsed=94.3s
[P=2/ortho] epoch  200/1000  loss=0.033527  elapsed=187.2s
[P=2/ortho] epoch  300/1000  loss=0.032384  elapsed=280.0s
[P=2/ortho] epoch  400/1000  loss=0.032345  elapsed=371.5s
[P=2/ortho] epoch  500/1000  loss=0.031535  elapsed=462.8s
[P=2/ortho] epoch  600/1000  loss=0.031733  elapsed=554.3s
[P=2/ortho] epoch  700/1000  loss=0.031259  elapsed=646.6s
[P=2/ortho] epoch  800/1000  loss=0.031729  elapsed=739.2s
[P=2/ortho] epoch  900/1000  loss=0.031570  elapsed=833.4s
[P=2/ortho] epoch  999/1000  loss=0.031689  elapsed=923.8s

================  P = 3  ================
[P=3/orig] epoch    0/1000  loss=0.923161  elapsed=0.8s
[P=3/orig] epoch  100/1000  loss=0.027294  elapsed=83.8s
[P=3/orig] epoch  200/1000  loss=0.024353  elapsed=170.6s
[P=3/orig] epoch  300/1000  loss=0.022076  elapsed=252.5s
[P=3/orig] epoch  400/1000  loss=0.020272  elapsed=332.0s
[P=3/orig] epoch  500/1000  loss=0.020037  elapsed=412.2s
[P=3/orig] epoch  600/1000  loss=0.019687  elapsed=492.1s
[P=3/orig] epoch  700/1000  loss=0.019906  elapsed=575.8s
[P=3/orig] epoch  800/1000  loss=0.019635  elapsed=656.0s
[P=3/orig] epoch  900/1000  loss=0.019924  elapsed=737.5s
[P=3/orig] epoch  999/1000  loss=0.020587  elapsed=820.6s
[P=3/ortho] epoch    0/1000  loss=0.922441  elapsed=1.1s
[P=3/ortho] epoch  100/1000  loss=0.035035  elapsed=97.0s
[P=3/ortho] epoch  200/1000  loss=0.026168  elapsed=190.5s
[P=3/ortho] epoch  300/1000  loss=0.024808  elapsed=283.5s
[P=3/ortho] epoch  400/1000  loss=0.023536  elapsed=377.1s
[P=3/ortho] epoch  500/1000  loss=0.023108  elapsed=479.6s
[P=3/ortho] epoch  600/1000  loss=0.022712  elapsed=584.1s
[P=3/ortho] epoch  700/1000  loss=0.022788  elapsed=677.6s
[P=3/ortho] epoch  800/1000  loss=0.022425  elapsed=769.7s
[P=3/ortho] epoch  900/1000  loss=0.022215  elapsed=864.2s
[P=3/ortho] epoch  999/1000  loss=0.021953  elapsed=959.9s

================  P = 4  ================
[P=4/orig] epoch    0/1000  loss=0.899914  elapsed=0.9s
[P=4/orig] epoch  100/1000  loss=0.018849  elapsed=90.2s
[P=4/orig] epoch  200/1000  loss=0.015772  elapsed=175.5s
[P=4/orig] epoch  300/1000  loss=0.014985  elapsed=259.9s
[P=4/orig] epoch  400/1000  loss=0.014193  elapsed=340.3s
[P=4/orig] epoch  500/1000  loss=0.014071  elapsed=421.4s
[P=4/orig] epoch  600/1000  loss=0.014230  elapsed=504.8s
[P=4/orig] epoch  700/1000  loss=0.013659  elapsed=590.1s
[P=4/orig] epoch  800/1000  loss=0.013812  elapsed=673.5s
[P=4/orig] epoch  900/1000  loss=0.013629  elapsed=755.9s
[P=4/orig] epoch  999/1000  loss=0.013326  elapsed=835.9s
[P=4/ortho] epoch    0/1000  loss=0.900435  elapsed=1.1s
[P=4/ortho] epoch  100/1000  loss=0.022178  elapsed=95.9s
[P=4/ortho] epoch  200/1000  loss=0.018192  elapsed=192.5s
[P=4/ortho] epoch  300/1000  loss=0.017640  elapsed=286.5s
[P=4/ortho] epoch  400/1000  loss=0.016481  elapsed=379.9s
[P=4/ortho] epoch  500/1000  loss=0.016547  elapsed=472.5s
[P=4/ortho] epoch  600/1000  loss=0.016386  elapsed=567.2s
[P=4/ortho] epoch  700/1000  loss=0.016645  elapsed=660.2s
[P=4/ortho] epoch  800/1000  loss=0.016664  elapsed=753.0s
[P=4/ortho] epoch  900/1000  loss=0.017021  elapsed=858.5s
[P=4/ortho] epoch  999/1000  loss=0.016826  elapsed=965.0s

================  P = 5  ================
[P=5/orig] epoch    0/1000  loss=0.896589  elapsed=0.9s
[P=5/orig] epoch  100/1000  loss=0.015549  elapsed=89.2s
[P=5/orig] epoch  200/1000  loss=0.013919  elapsed=177.6s
[P=5/orig] epoch  300/1000  loss=0.013611  elapsed=261.6s
[P=5/orig] epoch  400/1000  loss=0.012850  elapsed=343.8s
[P=5/orig] epoch  500/1000  loss=0.012549  elapsed=426.5s
[P=5/orig] epoch  600/1000  loss=0.012523  elapsed=508.8s
[P=5/orig] epoch  700/1000  loss=0.012617  elapsed=590.3s
[P=5/orig] epoch  800/1000  loss=0.012283  elapsed=673.2s
[P=5/orig] epoch  900/1000  loss=0.012168  elapsed=756.3s
[P=5/orig] epoch  999/1000  loss=0.012606  elapsed=837.3s
[P=5/ortho] epoch    0/1000  loss=0.944436  elapsed=1.1s
