================ M=9 seed=0  P=2 3 4 5 6 ================
Loaded master B_full from /home/user/al-rnn-exp/results_seedrun_v2/shared_B_full_dim20_seed42.npy
Shared B (sliced from B_full): shape=(3, 9)  frozen=True  ||B||_F=1.634

================  P = 2  ================
[P=2/orig] epoch    0/1000  loss=0.926622  elapsed=0.6s
[P=2/orig] epoch  100/1000  loss=0.037535  elapsed=59.2s
[P=2/orig] epoch  200/1000  loss=0.034933  elapsed=116.0s
[P=2/orig] epoch  300/1000  loss=0.032553  elapsed=174.1s
[P=2/orig] epoch  400/1000  loss=0.032246  elapsed=235.5s
[P=2/orig] epoch  500/1000  loss=0.030213  elapsed=298.5s
[P=2/orig] epoch  600/1000  loss=0.029242  elapsed=361.2s
[P=2/orig] epoch  700/1000  loss=0.028111  elapsed=422.2s
[P=2/orig] epoch  800/1000  loss=0.028715  elapsed=485.3s
[P=2/orig] epoch  900/1000  loss=0.028605  elapsed=549.1s
[P=2/orig] epoch  999/1000  loss=0.029088  elapsed=612.5s
[P=2/ortho] epoch    0/1000  loss=0.879808  elapsed=0.9s
[P=2/ortho] epoch  100/1000  loss=0.034937  elapsed=74.2s
[P=2/ortho] epoch  200/1000  loss=0.030978  elapsed=145.9s
[P=2/ortho] epoch  300/1000  loss=0.028947  elapsed=213.2s
[P=2/ortho] epoch  400/1000  loss=0.028865  elapsed=284.4s
[P=2/ortho] epoch  500/1000  loss=0.026857  elapsed=352.2s
[P=2/ortho] epoch  600/1000  loss=0.027565  elapsed=417.8s
[P=2/ortho] epoch  700/1000  loss=0.028115  elapsed=484.1s
[P=2/ortho] epoch  800/1000  loss=0.027167  elapsed=552.4s
[P=2/ortho] epoch  900/1000  loss=0.026893  elapsed=619.6s
[P=2/ortho] epoch  999/1000  loss=0.027263  elapsed=686.0s

================  P = 3  ================
[P=3/orig] epoch    0/1000  loss=0.892540  elapsed=0.7s
[P=3/orig] epoch  100/1000  loss=0.026960  elapsed=63.3s
[P=3/orig] epoch  200/1000  loss=0.024612  elapsed=126.3s
[P=3/orig] epoch  300/1000  loss=0.023743  elapsed=189.4s
[P=3/orig] epoch  400/1000  loss=0.023084  elapsed=248.9s
[P=3/orig] epoch  500/1000  loss=0.023335  elapsed=308.2s
[P=3/orig] epoch  600/1000  loss=0.023372  elapsed=368.2s
[P=3/orig] epoch  700/1000  loss=0.022470  elapsed=427.0s
[P=3/orig] epoch  800/1000  loss=0.022460  elapsed=490.4s
[P=3/orig] epoch  900/1000  loss=0.022945  elapsed=560.1s
[P=3/orig] epoch  999/1000  loss=0.022437  elapsed=628.7s
[P=3/ortho] epoch    0/1000  loss=0.903238  elapsed=0.9s
[P=3/ortho] epoch  100/1000  loss=0.024208  elapsed=79.7s
[P=3/ortho] epoch  200/1000  loss=0.020138  elapsed=158.3s
[P=3/ortho] epoch  300/1000  loss=0.018647  elapsed=235.7s
[P=3/ortho] epoch  400/1000  loss=0.018708  elapsed=313.6s
[P=3/ortho] epoch  500/1000  loss=0.018426  elapsed=393.5s
[P=3/ortho] epoch  600/1000  loss=0.018602  elapsed=474.1s
[P=3/ortho] epoch  700/1000  loss=0.018184  elapsed=552.8s
[P=3/ortho] epoch  800/1000  loss=0.018267  elapsed=631.9s
[P=3/ortho] epoch  900/1000  loss=0.017862  elapsed=711.7s
================ M=9 seed=0  P=2 3 4 5 6 ================
Loaded master B_full from /home/user/al-rnn-exp/results_seedrun_v2/shared_B_full_dim20_seed42.npy
Shared B (sliced from B_full): shape=(3, 9)  frozen=True  ||B||_F=1.634

================  P = 2  ================
[P=2/orig] epoch    0/1000  loss=0.926622  elapsed=1.7s
[P=2/orig] epoch  100/1000  loss=0.037535  elapsed=39.9s
[P=2/orig] epoch  200/1000  loss=0.034933  elapsed=76.9s
[P=2/orig] epoch  300/1000  loss=0.032553  elapsed=114.5s
[P=2/orig] epoch  400/1000  loss=0.032246  elapsed=152.7s
[P=2/orig] epoch  500/1000  loss=0.030213  elapsed=190.3s
[P=2/orig] epoch  600/1000  loss=0.029242  elapsed=228.0s
[P=2/orig] epoch  700/1000  loss=0.028111  elapsed=265.8s
[P=2/orig] epoch  800/1000  loss=0.028715  elapsed=303.1s
[P=2/orig] epoch  900/1000  loss=0.028605  elapsed=339.9s
[P=2/orig] epoch  999/1000  loss=0.029088  elapsed=376.7s
[P=2/ortho] epoch    0/1000  loss=0.879808  elapsed=0.5s
[P=2/ortho] epoch  100/1000  loss=0.034937  elapsed=43.6s
[P=2/ortho] epoch  200/1000  loss=0.030978  elapsed=87.0s
[P=2/ortho] epoch  300/1000  loss=0.028947  elapsed=129.7s
[P=2/ortho] epoch  400/1000  loss=0.028865  elapsed=172.6s
[P=2/ortho] epoch  500/1000  loss=0.026857  elapsed=216.4s
[P=2/ortho] epoch  600/1000  loss=0.027565  elapsed=259.2s
[P=2/ortho] epoch  700/1000  loss=0.028115  elapsed=305.4s
[P=2/ortho] epoch  800/1000  loss=0.027167  elapsed=352.0s
[P=2/ortho] epoch  900/1000  loss=0.026893  elapsed=398.7s
[P=2/ortho] epoch  999/1000  loss=0.027263  elapsed=445.3s

================  P = 3  ================
[P=3/orig] epoch    0/1000  loss=0.892540  elapsed=0.5s
[P=3/orig] epoch  100/1000  loss=0.026960  elapsed=40.4s
[P=3/orig] epoch  200/1000  loss=0.024612  elapsed=78.8s
[P=3/orig] epoch  300/1000  loss=0.023743  elapsed=116.0s
[P=3/orig] epoch  400/1000  loss=0.023084  elapsed=153.4s
[P=3/orig] epoch  500/1000  loss=0.023335  elapsed=190.2s
[P=3/orig] epoch  600/1000  loss=0.023372  elapsed=229.0s
[P=3/orig] epoch  700/1000  loss=0.022470  elapsed=266.0s
[P=3/orig] epoch  800/1000  loss=0.022460  elapsed=304.4s
[P=3/orig] epoch  900/1000  loss=0.022945  elapsed=341.7s
[P=3/orig] epoch  999/1000  loss=0.022437  elapsed=379.9s
[P=3/ortho] epoch    0/1000  loss=0.903238  elapsed=0.6s
[P=3/ortho] epoch  100/1000  loss=0.024208  elapsed=43.9s
[P=3/ortho] epoch  200/1000  loss=0.020138  elapsed=88.1s
[P=3/ortho] epoch  300/1000  loss=0.018647  elapsed=132.1s
[P=3/ortho] epoch  400/1000  loss=0.018708  elapsed=177.5s
[P=3/ortho] epoch  500/1000  loss=0.018426  elapsed=222.1s
[P=3/ortho] epoch  600/1000  loss=0.018602  elapsed=267.4s
[P=3/ortho] epoch  700/1000  loss=0.018184  elapsed=310.8s
[P=3/ortho] epoch  800/1000  loss=0.018267  elapsed=354.8s
[P=3/ortho] epoch  900/1000  loss=0.017862  elapsed=399.3s
[P=3/ortho] epoch  999/1000  loss=0.017884  elapsed=444.6s

================  P = 4  ================
[P=4/orig] epoch    0/1000  loss=0.893733  elapsed=0.6s
[P=4/orig] epoch  100/1000  loss=0.025915  elapsed=40.4s
[P=4/orig] epoch  200/1000  loss=0.022093  elapsed=79.1s
[P=4/orig] epoch  300/1000  loss=0.019409  elapsed=118.4s
[P=4/orig] epoch  400/1000  loss=0.019214  elapsed=156.9s
[P=4/orig] epoch  500/1000  loss=0.018467  elapsed=195.8s
[P=4/orig] epoch  600/1000  loss=0.018016  elapsed=233.7s
[P=4/orig] epoch  700/1000  loss=0.018088  elapsed=272.4s
[P=4/orig] epoch  800/1000  loss=0.018406  elapsed=311.3s
[P=4/orig] epoch  900/1000  loss=0.018438  elapsed=353.3s
[P=4/orig] epoch  999/1000  loss=0.018108  elapsed=395.3s
[P=4/ortho] epoch    0/1000  loss=0.946183  elapsed=0.5s
[P=4/ortho] epoch  100/1000  loss=0.019297  elapsed=45.0s
[P=4/ortho] epoch  200/1000  loss=0.015904  elapsed=89.0s
[P=4/ortho] epoch  300/1000  loss=0.014475  elapsed=133.5s
[P=4/ortho] epoch  400/1000  loss=0.014021  elapsed=177.7s
[P=4/ortho] epoch  500/1000  loss=0.013665  elapsed=222.6s
[P=4/ortho] epoch  600/1000  loss=0.013543  elapsed=267.4s
[P=4/ortho] epoch  700/1000  loss=0.013310  elapsed=312.1s
[P=4/ortho] epoch  800/1000  loss=0.013177  elapsed=355.9s
[P=4/ortho] epoch  900/1000  loss=0.013145  elapsed=400.2s
[P=4/ortho] epoch  999/1000  loss=0.013295  elapsed=444.1s

================  P = 5  ================
[P=5/orig] epoch    0/1000  loss=0.978857  elapsed=0.6s
[P=5/orig] epoch  100/1000  loss=0.016916  elapsed=40.5s
[P=5/orig] epoch  200/1000  loss=0.013217  elapsed=79.4s
[P=5/orig] epoch  300/1000  loss=0.012144  elapsed=118.2s
[P=5/orig] epoch  400/1000  loss=0.011731  elapsed=156.1s
[P=5/orig] epoch  500/1000  loss=0.011372  elapsed=194.8s
[P=5/orig] epoch  600/1000  loss=0.011450  elapsed=233.6s
[P=5/orig] epoch  700/1000  loss=0.011229  elapsed=273.3s
[P=5/orig] epoch  800/1000  loss=0.011122  elapsed=311.4s
[P=5/orig] epoch  900/1000  loss=0.011201  elapsed=350.7s
[P=5/orig] epoch  999/1000  loss=0.011322  elapsed=389.0s
[P=5/ortho] epoch    0/1000  loss=0.982264  elapsed=0.7s
[P=5/ortho] epoch  100/1000  loss=0.015520  elapsed=45.3s
[P=5/ortho] epoch  200/1000  loss=0.013570  elapsed=90.5s
[P=5/ortho] epoch  300/1000  loss=0.013068  elapsed=134.8s
[P=5/ortho] epoch  400/1000  loss=0.012547  elapsed=178.5s
[P=5/ortho] epoch  500/1000  loss=0.012304  elapsed=222.4s
[P=5/ortho] epoch  600/1000  loss=0.012541  elapsed=265.8s
[P=5/ortho] epoch  700/1000  loss=0.012037  elapsed=310.1s
[P=5/ortho] epoch  800/1000  loss=0.012236  elapsed=353.5s
[P=5/ortho] epoch  900/1000  loss=0.011953  elapsed=396.6s
[P=5/ortho] epoch  999/1000  loss=0.012150  elapsed=440.0s

================  P = 6  ================
[P=6/orig] epoch    0/1000  loss=0.945735  elapsed=0.5s
[P=6/orig] epoch  100/1000  loss=0.012191  elapsed=39.4s
[P=6/orig] epoch  200/1000  loss=0.010435  elapsed=76.9s
[P=6/orig] epoch  300/1000  loss=0.010430  elapsed=114.0s
[P=6/orig] epoch  400/1000  loss=0.010118  elapsed=151.9s
[P=6/orig] epoch  500/1000  loss=0.009729  elapsed=190.0s
[P=6/orig] epoch  600/1000  loss=0.009549  elapsed=228.6s
[P=6/orig] epoch  700/1000  loss=0.009436  elapsed=266.3s
[P=6/orig] epoch  800/1000  loss=0.009733  elapsed=304.5s
[P=6/orig] epoch  900/1000  loss=0.009591  elapsed=341.9s
[P=6/orig] epoch  999/1000  loss=0.009511  elapsed=378.5s
[P=6/ortho] epoch    0/1000  loss=0.933162  elapsed=0.5s
[P=6/ortho] epoch  100/1000  loss=0.014421  elapsed=44.5s
[P=6/ortho] epoch  200/1000  loss=0.012056  elapsed=87.2s
[P=6/ortho] epoch  300/1000  loss=0.010568  elapsed=130.9s
[P=6/ortho] epoch  400/1000  loss=0.009882  elapsed=175.4s
[P=6/ortho] epoch  500/1000  loss=0.009661  elapsed=244.4s
[P=6/ortho] epoch  600/1000  loss=0.009241  elapsed=290.3s
[P=6/ortho] epoch  700/1000  loss=0.009339  elapsed=333.4s
[P=6/ortho] epoch  800/1000  loss=0.009196  elapsed=378.4s
[P=6/ortho] epoch  900/1000  loss=0.009239  elapsed=423.0s
[P=6/ortho] epoch  999/1000  loss=0.009106  elapsed=466.8s

All done in 69.6 min
