================ M=5 seed=0  P=2 3 4 5 ================
Loaded master B_full from /home/user/al-rnn-exp/results_seedrun_v2/shared_B_full_dim20_seed42.npy
Shared B (sliced from B_full): shape=(3, 5)  frozen=True  ||B||_F=1.307

================  P = 2  ================
[P=2/orig] epoch    0/1000  loss=0.912827  elapsed=0.8s
[P=2/orig] epoch  100/1000  loss=0.055596  elapsed=89.1s
[P=2/orig] epoch  200/1000  loss=0.049980  elapsed=174.3s
[P=2/orig] epoch  300/1000  loss=0.048291  elapsed=260.5s
[P=2/orig] epoch  400/1000  loss=0.049560  elapsed=345.3s
[P=2/orig] epoch  500/1000  loss=0.047824  elapsed=434.0s
[P=2/orig] epoch  600/1000  loss=0.047583  elapsed=522.1s
[P=2/orig] epoch  700/1000  loss=0.045961  elapsed=617.4s
[P=2/orig] epoch  800/1000  loss=0.046777  elapsed=713.4s
[P=2/orig] epoch  900/1000  loss=0.046904  elapsed=808.4s
[P=2/orig] epoch  999/1000  loss=0.046808  elapsed=900.7s
[P=2/ortho] epoch    0/1000  loss=0.955178  elapsed=1.1s
[P=2/ortho] epoch  100/1000  loss=0.155430  elapsed=109.9s
[P=2/ortho] epoch  200/1000  loss=0.126856  elapsed=218.8s
[P=2/ortho] epoch  300/1000  loss=0.058948  elapsed=328.5s
[P=2/ortho] epoch  400/1000  loss=0.049921  elapsed=437.3s
[P=2/ortho] epoch  500/1000  loss=0.045548  elapsed=544.0s
[P=2/ortho] epoch  600/1000  loss=0.045088  elapsed=647.8s
[P=2/ortho] epoch  700/1000  loss=0.045828  elapsed=741.5s
[P=2/ortho] epoch  800/1000  loss=0.044862  elapsed=841.6s
[P=2/ortho] epoch  900/1000  loss=0.043754  elapsed=938.3s
[P=2/ortho] epoch  999/1000  loss=0.045148  elapsed=1031.7s

================  P = 3  ================
[P=3/orig] epoch    0/1000  loss=0.896579  elapsed=0.9s
[P=3/orig] epoch  100/1000  loss=0.043958  elapsed=84.0s
[P=3/orig] epoch  200/1000  loss=0.038558  elapsed=169.5s
[P=3/orig] epoch  300/1000  loss=0.037334  elapsed=254.3s
[P=3/orig] epoch  400/1000  loss=0.035668  elapsed=344.6s
[P=3/orig] epoch  500/1000  loss=0.036453  elapsed=439.8s
[P=3/orig] epoch  600/1000  loss=0.035841  elapsed=525.7s
[P=3/orig] epoch  700/1000  loss=0.034894  elapsed=608.2s
[P=3/orig] epoch  800/1000  loss=0.035131  elapsed=687.4s
[P=3/orig] epoch  900/1000  loss=0.035926  elapsed=767.6s
[P=3/orig] epoch  999/1000  loss=0.035083  elapsed=850.2s
[P=3/ortho] epoch    0/1000  loss=0.848723  elapsed=1.1s
[P=3/ortho] epoch  100/1000  loss=0.030607  elapsed=98.9s
[P=3/ortho] epoch  200/1000  loss=0.029464  elapsed=206.6s
[P=3/ortho] epoch  300/1000  loss=0.028142  elapsed=302.4s
[P=3/ortho] epoch  400/1000  loss=0.028087  elapsed=394.8s
[P=3/ortho] epoch  500/1000  loss=0.027901  elapsed=489.9s
[P=3/ortho] epoch  600/1000  loss=0.027797  elapsed=589.0s
[P=3/ortho] epoch  700/1000  loss=0.028025  elapsed=686.6s
[P=3/ortho] epoch  800/1000  loss=0.028091  elapsed=793.6s
[P=3/ortho] epoch  900/1000  loss=0.027804  elapsed=903.4s
[P=3/ortho] epoch  999/1000  loss=0.027309  elapsed=998.6s

================  P = 4  ================
[P=4/orig] epoch    0/1000  loss=0.975318  elapsed=1.0s
[P=4/orig] epoch  100/1000  loss=0.079772  elapsed=85.2s
[P=4/orig] epoch  200/1000  loss=0.068752  elapsed=173.9s
[P=4/orig] epoch  300/1000  loss=0.064856  elapsed=258.0s
[P=4/orig] epoch  400/1000  loss=0.061187  elapsed=342.7s
[P=4/orig] epoch  500/1000  loss=0.061286  elapsed=431.5s
[P=4/orig] epoch  600/1000  loss=0.059087  elapsed=517.3s
[P=4/orig] epoch  700/1000  loss=0.059822  elapsed=599.6s
[P=4/orig] epoch  800/1000  loss=0.059232  elapsed=687.9s
[P=4/orig] epoch  900/1000  loss=0.059706  elapsed=771.4s
[P=4/orig] epoch  999/1000  loss=0.059059  elapsed=851.5s
[P=4/ortho] epoch    0/1000  loss=0.928193  elapsed=1.2s
[P=4/ortho] epoch  100/1000  loss=0.033702  elapsed=94.9s
[P=4/ortho] epoch  200/1000  loss=0.030397  elapsed=188.1s
[P=4/ortho] epoch  300/1000  loss=0.027775  elapsed=284.4s
[P=4/ortho] epoch  400/1000  loss=0.026963  elapsed=378.2s
[P=4/ortho] epoch  500/1000  loss=0.025845  elapsed=471.2s
[P=4/ortho] epoch  600/1000  loss=0.025725  elapsed=565.3s
[P=4/ortho] epoch  700/1000  loss=0.024905  elapsed=660.3s
[P=4/ortho] epoch  800/1000  loss=0.024622  elapsed=754.2s
[P=4/ortho] epoch  900/1000  loss=0.024708  elapsed=850.4s
[P=4/ortho] epoch  999/1000  loss=0.024845  elapsed=942.8s

================  P = 5  ================
[P=5/orig] epoch    0/1000  loss=0.827951  elapsed=0.9s
[P=5/orig] epoch  100/1000  loss=0.045323  elapsed=78.4s
[P=5/orig] epoch  200/1000  loss=0.042367  elapsed=156.6s
================ M=5 seed=0  P=2 3 4 5 ================
Loaded master B_full from /home/user/al-rnn-exp/results_seedrun_v2/shared_B_full_dim20_seed42.npy
Shared B (sliced from B_full): shape=(3, 5)  frozen=True  ||B||_F=1.307

================  P = 2  ================
[P=2/orig] epoch    0/1000  loss=0.912827  elapsed=1.6s
[P=2/orig] epoch  100/1000  loss=0.055596  elapsed=38.8s
[P=2/orig] epoch  200/1000  loss=0.049980  elapsed=76.2s
[P=2/orig] epoch  300/1000  loss=0.048291  elapsed=113.8s
[P=2/orig] epoch  400/1000  loss=0.049560  elapsed=153.1s
[P=2/orig] epoch  500/1000  loss=0.047824  elapsed=223.8s
[P=2/orig] epoch  600/1000  loss=0.047583  elapsed=275.1s
[P=2/orig] epoch  700/1000  loss=0.045961  elapsed=315.5s
[P=2/orig] epoch  800/1000  loss=0.046777  elapsed=357.6s
[P=2/orig] epoch  900/1000  loss=0.046904  elapsed=396.6s
[P=2/orig] epoch  999/1000  loss=0.046808  elapsed=438.1s
[P=2/ortho] epoch    0/1000  loss=0.955178  elapsed=0.6s
[P=2/ortho] epoch  100/1000  loss=0.155430  elapsed=52.5s
[P=2/ortho] epoch  200/1000  loss=0.126856  elapsed=99.7s
[P=2/ortho] epoch  300/1000  loss=0.058948  elapsed=148.8s
[P=2/ortho] epoch  400/1000  loss=0.049921  elapsed=197.3s
[P=2/ortho] epoch  500/1000  loss=0.045548  elapsed=243.3s
[P=2/ortho] epoch  600/1000  loss=0.045088  elapsed=289.1s
[P=2/ortho] epoch  700/1000  loss=0.045828  elapsed=333.5s
[P=2/ortho] epoch  800/1000  loss=0.044862  elapsed=377.5s
[P=2/ortho] epoch  900/1000  loss=0.043754  elapsed=423.1s
[P=2/ortho] epoch  999/1000  loss=0.045148  elapsed=470.7s

================  P = 3  ================
[P=3/orig] epoch    0/1000  loss=0.896579  elapsed=0.7s
[P=3/orig] epoch  100/1000  loss=0.043958  elapsed=43.2s
[P=3/orig] epoch  200/1000  loss=0.038558  elapsed=80.5s
[P=3/orig] epoch  300/1000  loss=0.037334  elapsed=118.2s
[P=3/orig] epoch  400/1000  loss=0.035668  elapsed=156.3s
[P=3/orig] epoch  500/1000  loss=0.036453  elapsed=194.9s
[P=3/orig] epoch  600/1000  loss=0.035841  elapsed=232.2s
[P=3/orig] epoch  700/1000  loss=0.034894  elapsed=271.1s
[P=3/orig] epoch  800/1000  loss=0.035131  elapsed=309.4s
[P=3/orig] epoch  900/1000  loss=0.035926  elapsed=347.8s
[P=3/orig] epoch  999/1000  loss=0.035083  elapsed=388.1s
[P=3/ortho] epoch    0/1000  loss=0.848723  elapsed=0.6s
[P=3/ortho] epoch  100/1000  loss=0.030607  elapsed=45.4s
[P=3/ortho] epoch  200/1000  loss=0.029464  elapsed=90.0s
[P=3/ortho] epoch  300/1000  loss=0.028142  elapsed=135.9s
[P=3/ortho] epoch  400/1000  loss=0.028087  elapsed=186.0s
[P=3/ortho] epoch  500/1000  loss=0.027901  elapsed=233.7s
[P=3/ortho] epoch  600/1000  loss=0.027797  elapsed=282.8s
[P=3/ortho] epoch  700/1000  loss=0.028025  elapsed=330.8s
[P=3/ortho] epoch  800/1000  loss=0.028091  elapsed=375.5s
[P=3/ortho] epoch  900/1000  loss=0.027804  elapsed=420.6s
[P=3/ortho] epoch  999/1000  loss=0.027309  elapsed=467.0s

================  P = 4  ================
[P=4/orig] epoch    0/1000  loss=0.975318  elapsed=0.4s
[P=4/orig] epoch  100/1000  loss=0.079772  elapsed=39.1s
[P=4/orig] epoch  200/1000  loss=0.068752  elapsed=78.2s
[P=4/orig] epoch  300/1000  loss=0.064856  elapsed=116.3s
[P=4/orig] epoch  400/1000  loss=0.061187  elapsed=156.8s
[P=4/orig] epoch  500/1000  loss=0.061286  elapsed=197.0s
[P=4/orig] epoch  600/1000  loss=0.059087  elapsed=235.5s
[P=4/orig] epoch  700/1000  loss=0.059822  elapsed=281.3s
[P=4/orig] epoch  800/1000  loss=0.059232  elapsed=340.1s
[P=4/orig] epoch  900/1000  loss=0.059706  elapsed=384.0s
[P=4/orig] epoch  999/1000  loss=0.059059  elapsed=430.7s
[P=4/ortho] epoch    0/1000  loss=0.928193  elapsed=0.5s
================ M=5 seed=0  P=2 3 4 5 ================
Loaded master B_full from /home/user/al-rnn-exp/results_seedrun_v2/shared_B_full_dim20_seed42.npy
Shared B (sliced from B_full): shape=(3, 5)  frozen=True  ||B||_F=1.307

================  P = 2  ================
[P=2/orig] epoch    0/1000  loss=0.912827  elapsed=1.7s
[P=2/orig] epoch  100/1000  loss=0.055596  elapsed=59.5s
[P=2/orig] epoch  200/1000  loss=0.049980  elapsed=117.8s
[P=2/orig] epoch  300/1000  loss=0.048291  elapsed=175.1s
[P=2/orig] epoch  400/1000  loss=0.049560  elapsed=233.4s
[P=2/orig] epoch  500/1000  loss=0.047824  elapsed=292.4s
[P=2/orig] epoch  600/1000  loss=0.047583  elapsed=353.9s
[P=2/orig] epoch  700/1000  loss=0.045961  elapsed=411.4s
[P=2/orig] epoch  800/1000  loss=0.046777  elapsed=468.9s
[P=2/orig] epoch  900/1000  loss=0.046904  elapsed=525.3s
[P=2/orig] epoch  999/1000  loss=0.046808  elapsed=580.6s
[P=2/ortho] epoch    0/1000  loss=0.955178  elapsed=0.9s
[P=2/ortho] epoch  100/1000  loss=0.155430  elapsed=66.8s
[P=2/ortho] epoch  200/1000  loss=0.126856  elapsed=134.0s
[P=2/ortho] epoch  300/1000  loss=0.058948  elapsed=202.4s
[P=2/ortho] epoch  400/1000  loss=0.049921  elapsed=270.0s
[P=2/ortho] epoch  500/1000  loss=0.045548  elapsed=336.8s
[P=2/ortho] epoch  600/1000  loss=0.045088  elapsed=404.0s
[P=2/ortho] epoch  700/1000  loss=0.045828  elapsed=470.5s
[P=2/ortho] epoch  800/1000  loss=0.044862  elapsed=540.9s
[P=2/ortho] epoch  900/1000  loss=0.043754  elapsed=611.8s
[P=2/ortho] epoch  999/1000  loss=0.045148  elapsed=681.3s

================  P = 3  ================
[P=3/orig] epoch    0/1000  loss=0.896579  elapsed=0.8s
[P=3/orig] epoch  100/1000  loss=0.043958  elapsed=60.8s
[P=3/orig] epoch  200/1000  loss=0.038558  elapsed=120.5s
[P=3/orig] epoch  300/1000  loss=0.037334  elapsed=183.5s
[P=3/orig] epoch  400/1000  loss=0.035668  elapsed=244.5s
[P=3/orig] epoch  500/1000  loss=0.036453  elapsed=300.6s
[P=3/orig] epoch  600/1000  loss=0.035841  elapsed=356.7s
[P=3/orig] epoch  700/1000  loss=0.034894  elapsed=413.2s
[P=3/orig] epoch  800/1000  loss=0.035131  elapsed=471.2s
[P=3/orig] epoch  900/1000  loss=0.035926  elapsed=532.0s
[P=3/orig] epoch  999/1000  loss=0.035083  elapsed=588.6s
[P=3/ortho] epoch    0/1000  loss=0.848723  elapsed=0.9s
[P=3/ortho] epoch  100/1000  loss=0.030607  elapsed=65.7s
[P=3/ortho] epoch  200/1000  loss=0.029464  elapsed=131.1s
[P=3/ortho] epoch  300/1000  loss=0.028142  elapsed=198.7s
[P=3/ortho] epoch  400/1000  loss=0.028087  elapsed=266.3s
[P=3/ortho] epoch  500/1000  loss=0.027901  elapsed=333.2s
[P=3/ortho] epoch  600/1000  loss=0.027797  elapsed=401.0s
[P=3/ortho] epoch  700/1000  loss=0.028025  elapsed=467.9s
[P=3/ortho] epoch  800/1000  loss=0.028091  elapsed=536.3s
[P=3/ortho] epoch  900/1000  loss=0.027804  elapsed=604.4s
[P=3/ortho] epoch  999/1000  loss=0.027309  elapsed=673.4s

================  P = 4  ================
[P=4/orig] epoch    0/1000  loss=0.975318  elapsed=0.7s
[P=4/orig] epoch  100/1000  loss=0.079772  elapsed=59.8s
[P=4/orig] epoch  200/1000  loss=0.068752  elapsed=118.3s
[P=4/orig] epoch  300/1000  loss=0.064856  elapsed=177.8s
[P=4/orig] epoch  400/1000  loss=0.061187  elapsed=236.2s
[P=4/orig] epoch  500/1000  loss=0.061286  elapsed=293.8s
[P=4/orig] epoch  600/1000  loss=0.059087  elapsed=351.9s
[P=4/orig] epoch  700/1000  loss=0.059822  elapsed=409.5s
[P=4/orig] epoch  800/1000  loss=0.059232  elapsed=467.0s
[P=4/orig] epoch  900/1000  loss=0.059706  elapsed=524.3s
[P=4/orig] epoch  999/1000  loss=0.059059  elapsed=581.4s
[P=4/ortho] epoch    0/1000  loss=0.928193  elapsed=0.8s
[P=4/ortho] epoch  100/1000  loss=0.033702  elapsed=66.5s
[P=4/ortho] epoch  200/1000  loss=0.030397  elapsed=133.2s
[P=4/ortho] epoch  300/1000  loss=0.027775  elapsed=200.0s
[P=4/ortho] epoch  400/1000  loss=0.026963  elapsed=266.4s
[P=4/ortho] epoch  500/1000  loss=0.025845  elapsed=333.0s
[P=4/ortho] epoch  600/1000  loss=0.025725  elapsed=400.1s
[P=4/ortho] epoch  700/1000  loss=0.024905  elapsed=468.5s
[P=4/ortho] epoch  800/1000  loss=0.024622  elapsed=535.4s
[P=4/ortho] epoch  900/1000  loss=0.024708  elapsed=602.4s
[P=4/ortho] epoch  999/1000  loss=0.024845  elapsed=669.0s

================  P = 5  ================
[P=5/orig] epoch    0/1000  loss=0.827951  elapsed=0.7s
[P=5/orig] epoch  100/1000  loss=0.045323  elapsed=56.8s
[P=5/orig] epoch  200/1000  loss=0.042367  elapsed=111.6s
[P=5/orig] epoch  300/1000  loss=0.041535  elapsed=165.9s
[P=5/orig] epoch  400/1000  loss=0.040532  elapsed=221.0s
[P=5/orig] epoch  500/1000  loss=0.039388  elapsed=275.7s
[P=5/orig] epoch  600/1000  loss=0.039336  elapsed=329.4s
[P=5/orig] epoch  700/1000  loss=0.039098  elapsed=383.2s
[P=5/orig] epoch  800/1000  loss=0.038476  elapsed=437.8s
[P=5/orig] epoch  900/1000  loss=0.038871  elapsed=491.4s
[P=5/orig] epoch  999/1000  loss=0.039107  elapsed=544.5s
[P=5/ortho] epoch    0/1000  loss=0.971272  elapsed=0.7s
[P=5/ortho] epoch  100/1000  loss=0.038200  elapsed=63.3s
[P=5/ortho] epoch  200/1000  loss=0.027225  elapsed=128.5s
[P=5/ortho] epoch  300/1000  loss=0.020858  elapsed=193.2s
[P=5/ortho] epoch  400/1000  loss=0.017698  elapsed=258.4s
[P=5/ortho] epoch  500/1000  loss=0.016843  elapsed=323.2s
[P=5/ortho] epoch  600/1000  loss=0.016966  elapsed=387.7s
[P=5/ortho] epoch  700/1000  loss=0.016021  elapsed=448.8s
[P=5/ortho] epoch  800/1000  loss=0.015902  elapsed=510.5s
[P=5/ortho] epoch  900/1000  loss=0.015896  elapsed=571.8s
[P=5/ortho] epoch  999/1000  loss=0.015776  elapsed=633.7s

All done in 82.8 min
