================ M=10 seed=0 ================
Shared B: shape=(3, 10)  frozen=True  ||B||_F=1.803

================  P = 2  ================
[P=2/orig] epoch    0/1000  loss=0.943521  elapsed=0.4s
[P=2/orig] epoch  100/1000  loss=0.037884  elapsed=38.6s
[P=2/orig] epoch  200/1000  loss=0.032758  elapsed=78.7s
[P=2/orig] epoch  300/1000  loss=0.030758  elapsed=116.5s
[P=2/orig] epoch  400/1000  loss=0.031575  elapsed=153.3s
[P=2/orig] epoch  500/1000  loss=0.030416  elapsed=191.2s
[P=2/orig] epoch  600/1000  loss=0.029814  elapsed=228.6s
[P=2/orig] epoch  700/1000  loss=0.028940  elapsed=266.0s
[P=2/orig] epoch  800/1000  loss=0.029509  elapsed=304.0s
[P=2/orig] epoch  900/1000  loss=0.029717  elapsed=341.5s
[P=2/orig] epoch  999/1000  loss=0.030012  elapsed=377.9s
[P=2/ortho] epoch    0/1000  loss=0.942440  elapsed=0.5s
[P=2/ortho] epoch  100/1000  loss=0.034889  elapsed=46.2s
[P=2/ortho] epoch  200/1000  loss=0.031259  elapsed=89.4s
[P=2/ortho] epoch  300/1000  loss=0.030783  elapsed=134.2s
[P=2/ortho] epoch  400/1000  loss=0.030839  elapsed=180.8s
[P=2/ortho] epoch  500/1000  loss=0.028387  elapsed=232.6s
[P=2/ortho] epoch  600/1000  loss=0.028939  elapsed=277.4s
[P=2/ortho] epoch  700/1000  loss=0.029643  elapsed=321.4s
[P=2/ortho] epoch  800/1000  loss=0.028563  elapsed=366.3s
[P=2/ortho] epoch  900/1000  loss=0.028188  elapsed=410.2s
[P=2/ortho] epoch  999/1000  loss=0.028837  elapsed=453.6s

================  P = 3  ================
[P=3/orig] epoch    0/1000  loss=0.921738  elapsed=0.5s
[P=3/orig] epoch  100/1000  loss=0.030333  elapsed=37.1s
[P=3/orig] epoch  200/1000  loss=0.025474  elapsed=73.1s
[P=3/orig] epoch  300/1000  loss=0.023223  elapsed=110.2s
[P=3/orig] epoch  400/1000  loss=0.021523  elapsed=145.0s
[P=3/orig] epoch  500/1000  loss=0.021367  elapsed=180.7s
[P=3/orig] epoch  600/1000  loss=0.020847  elapsed=216.1s
[P=3/orig] epoch  700/1000  loss=0.020104  elapsed=254.4s
[P=3/orig] epoch  800/1000  loss=0.019927  elapsed=290.3s
[P=3/orig] epoch  900/1000  loss=0.020331  elapsed=325.1s
[P=3/orig] epoch  999/1000  loss=0.019893  elapsed=360.0s
[P=3/ortho] epoch    0/1000  loss=0.945616  elapsed=0.5s
[P=3/ortho] epoch  100/1000  loss=0.022174  elapsed=45.5s
[P=3/ortho] epoch  200/1000  loss=0.019949  elapsed=90.4s
[P=3/ortho] epoch  300/1000  loss=0.018814  elapsed=134.6s
[P=3/ortho] epoch  400/1000  loss=0.018184  elapsed=179.7s
[P=3/ortho] epoch  500/1000  loss=0.018182  elapsed=228.2s
[P=3/ortho] epoch  600/1000  loss=0.018108  elapsed=274.0s
[P=3/ortho] epoch  700/1000  loss=0.018142  elapsed=318.6s
[P=3/ortho] epoch  800/1000  loss=0.017818  elapsed=361.2s
[P=3/ortho] epoch  900/1000  loss=0.017642  elapsed=404.4s
[P=3/ortho] epoch  999/1000  loss=0.017516  elapsed=447.8s

================  P = 4  ================
[P=4/orig] epoch    0/1000  loss=0.951090  elapsed=0.5s
[P=4/orig] epoch  100/1000  loss=0.025368  elapsed=37.0s
[P=4/orig] epoch  200/1000  loss=0.022366  elapsed=72.5s
[P=4/orig] epoch  300/1000  loss=0.019597  elapsed=108.0s
[P=4/orig] epoch  400/1000  loss=0.019987  elapsed=143.9s
[P=4/orig] epoch  500/1000  loss=0.019291  elapsed=179.7s
[P=4/orig] epoch  600/1000  loss=0.018577  elapsed=215.4s
[P=4/orig] epoch  700/1000  loss=0.018941  elapsed=251.1s
[P=4/orig] epoch  800/1000  loss=0.019419  elapsed=287.5s
[P=4/orig] epoch  900/1000  loss=0.019472  elapsed=323.6s
[P=4/orig] epoch  999/1000  loss=0.018608  elapsed=360.1s
[P=4/ortho] epoch    0/1000  loss=0.947776  elapsed=0.6s
[P=4/ortho] epoch  100/1000  loss=0.021925  elapsed=44.3s
[P=4/ortho] epoch  200/1000  loss=0.018019  elapsed=88.6s
[P=4/ortho] epoch  300/1000  loss=0.016461  elapsed=132.6s
[P=4/ortho] epoch  400/1000  loss=0.016497  elapsed=177.1s
[P=4/ortho] epoch  500/1000  loss=0.016005  elapsed=221.8s
[P=4/ortho] epoch  600/1000  loss=0.015895  elapsed=267.2s
[P=4/ortho] epoch  700/1000  loss=0.015822  elapsed=311.5s
[P=4/ortho] epoch  800/1000  loss=0.015830  elapsed=356.4s
[P=4/ortho] epoch  900/1000  loss=0.015663  elapsed=399.4s
[P=4/ortho] epoch  999/1000  loss=0.016077  elapsed=442.5s

================  P = 5  ================
[P=5/orig] epoch    0/1000  loss=0.919806  elapsed=0.5s
[P=5/orig] epoch  100/1000  loss=0.021297  elapsed=37.0s
[P=5/orig] epoch  200/1000  loss=0.016239  elapsed=71.9s
[P=5/orig] epoch  300/1000  loss=0.013601  elapsed=106.6s
[P=5/orig] epoch  400/1000  loss=0.011919  elapsed=143.1s
[P=5/orig] epoch  500/1000  loss=0.010971  elapsed=179.8s
[P=5/orig] epoch  600/1000  loss=0.011144  elapsed=215.2s
[P=5/orig] epoch  700/1000  loss=0.010888  elapsed=250.6s
[P=5/orig] epoch  800/1000  loss=0.010842  elapsed=286.0s
[P=5/orig] epoch  900/1000  loss=0.010779  elapsed=322.9s
[P=5/orig] epoch  999/1000  loss=0.010966  elapsed=358.9s
[P=5/ortho] epoch    0/1000  loss=0.930195  elapsed=0.5s
[P=5/ortho] epoch  100/1000  loss=0.011595  elapsed=47.0s
[P=5/ortho] epoch  200/1000  loss=0.009542  elapsed=91.5s
[P=5/ortho] epoch  300/1000  loss=0.009218  elapsed=137.5s
[P=5/ortho] epoch  400/1000  loss=0.008896  elapsed=182.3s
[P=5/ortho] epoch  500/1000  loss=0.008786  elapsed=228.3s
[P=5/ortho] epoch  600/1000  loss=0.008978  elapsed=274.5s
[P=5/ortho] epoch  700/1000  loss=0.008656  elapsed=319.5s
[P=5/ortho] epoch  800/1000  loss=0.008752  elapsed=364.7s
[P=5/ortho] epoch  900/1000  loss=0.008603  elapsed=408.5s
[P=5/ortho] epoch  999/1000  loss=0.008597  elapsed=451.8s

================  P = 6  ================
[P=6/orig] epoch    0/1000  loss=0.963045  elapsed=0.4s
[P=6/orig] epoch  100/1000  loss=0.023726  elapsed=37.8s
[P=6/orig] epoch  200/1000  loss=0.014499  elapsed=74.6s
[P=6/orig] epoch  300/1000  loss=0.012398  elapsed=110.6s
[P=6/orig] epoch  400/1000  loss=0.011756  elapsed=147.0s
[P=6/orig] epoch  500/1000  loss=0.011172  elapsed=187.1s
[P=6/orig] epoch  600/1000  loss=0.010899  elapsed=224.4s
[P=6/orig] epoch  700/1000  loss=0.010765  elapsed=260.5s
[P=6/orig] epoch  800/1000  loss=0.010910  elapsed=298.8s
[P=6/orig] epoch  900/1000  loss=0.010876  elapsed=334.8s
[P=6/orig] epoch  999/1000  loss=0.010528  elapsed=370.8s
[P=6/ortho] epoch    0/1000  loss=0.957542  elapsed=0.4s
[P=6/ortho] epoch  100/1000  loss=0.014437  elapsed=45.3s
[P=6/ortho] epoch  200/1000  loss=0.009602  elapsed=90.0s
[P=6/ortho] epoch  300/1000  loss=0.008524  elapsed=134.9s
[P=6/ortho] epoch  400/1000  loss=0.008257  elapsed=179.3s
[P=6/ortho] epoch  500/1000  loss=0.008229  elapsed=225.5s
[P=6/ortho] epoch  600/1000  loss=0.007952  elapsed=270.3s
[P=6/ortho] epoch  700/1000  loss=0.008046  elapsed=313.9s
[P=6/ortho] epoch  800/1000  loss=0.007926  elapsed=358.7s
[P=6/ortho] epoch  900/1000  loss=0.007902  elapsed=403.4s
[P=6/ortho] epoch  999/1000  loss=0.007831  elapsed=448.3s

All done in 67.9 min
================ M=11 seed=0 ================
Shared B: shape=(3, 11)  frozen=True  ||B||_F=1.991

================  P = 2  ================
[P=2/orig] epoch    0/1000  loss=0.921935  elapsed=0.4s
[P=2/orig] epoch  100/1000  loss=0.034433  elapsed=38.1s
[P=2/orig] epoch  200/1000  loss=0.029727  elapsed=73.3s
[P=2/orig] epoch  300/1000  loss=0.028225  elapsed=111.8s
[P=2/orig] epoch  400/1000  loss=0.028746  elapsed=148.0s
[P=2/orig] epoch  500/1000  loss=0.027529  elapsed=184.2s
[P=2/orig] epoch  600/1000  loss=0.027304  elapsed=218.9s
[P=2/orig] epoch  700/1000  loss=0.026344  elapsed=253.6s
[P=2/orig] epoch  800/1000  loss=0.026926  elapsed=290.0s
[P=2/orig] epoch  900/1000  loss=0.026832  elapsed=326.5s
[P=2/orig] epoch  999/1000  loss=0.027291  elapsed=363.2s
[P=2/ortho] epoch    0/1000  loss=0.906884  elapsed=0.6s
[P=2/ortho] epoch  100/1000  loss=0.031625  elapsed=45.2s
[P=2/ortho] epoch  200/1000  loss=0.027322  elapsed=89.7s
[P=2/ortho] epoch  300/1000  loss=0.025496  elapsed=133.5s
[P=2/ortho] epoch  400/1000  loss=0.025680  elapsed=178.6s
[P=2/ortho] epoch  500/1000  loss=0.023729  elapsed=225.2s
[P=2/ortho] epoch  600/1000  loss=0.024625  elapsed=270.6s
[P=2/ortho] epoch  700/1000  loss=0.024765  elapsed=314.0s
[P=2/ortho] epoch  800/1000  loss=0.023830  elapsed=358.3s
[P=2/ortho] epoch  900/1000  loss=0.023768  elapsed=403.8s
[P=2/ortho] epoch  999/1000  loss=0.023988  elapsed=449.1s

================  P = 3  ================
[P=3/orig] epoch    0/1000  loss=0.980990  elapsed=0.6s
[P=3/orig] epoch  100/1000  loss=0.025181  elapsed=36.4s
[P=3/orig] epoch  200/1000  loss=0.021168  elapsed=73.0s
[P=3/orig] epoch  300/1000  loss=0.020283  elapsed=108.1s
[P=3/orig] epoch  400/1000  loss=0.019510  elapsed=144.3s
[P=3/orig] epoch  500/1000  loss=0.019107  elapsed=179.7s
[P=3/orig] epoch  600/1000  loss=0.019105  elapsed=215.6s
[P=3/orig] epoch  700/1000  loss=0.018694  elapsed=250.5s
[P=3/orig] epoch  800/1000  loss=0.018939  elapsed=286.6s
[P=3/orig] epoch  900/1000  loss=0.019214  elapsed=321.5s
[P=3/orig] epoch  999/1000  loss=0.018387  elapsed=356.0s
[P=3/ortho] epoch    0/1000  loss=0.936850  elapsed=0.5s
[P=3/ortho] epoch  100/1000  loss=0.021265  elapsed=48.6s
[P=3/ortho] epoch  200/1000  loss=0.019408  elapsed=94.1s
[P=3/ortho] epoch  300/1000  loss=0.018142  elapsed=138.0s
[P=3/ortho] epoch  400/1000  loss=0.017770  elapsed=181.8s
[P=3/ortho] epoch  500/1000  loss=0.017651  elapsed=226.2s
[P=3/ortho] epoch  600/1000  loss=0.017603  elapsed=273.0s
[P=3/ortho] epoch  700/1000  loss=0.017728  elapsed=318.8s
[P=3/ortho] epoch  800/1000  loss=0.017297  elapsed=366.2s
[P=3/ortho] epoch  900/1000  loss=0.017324  elapsed=411.7s
[P=3/ortho] epoch  999/1000  loss=0.017042  elapsed=456.7s

================  P = 4  ================
[P=4/orig] epoch    0/1000  loss=0.944693  elapsed=0.5s
[P=4/orig] epoch  100/1000  loss=0.023048  elapsed=37.2s
[P=4/orig] epoch  200/1000  loss=0.020128  elapsed=73.9s
[P=4/orig] epoch  300/1000  loss=0.017245  elapsed=110.0s
[P=4/orig] epoch  400/1000  loss=0.016431  elapsed=144.8s
[P=4/orig] epoch  500/1000  loss=0.015655  elapsed=179.7s
[P=4/orig] epoch  600/1000  loss=0.014515  elapsed=214.4s
[P=4/orig] epoch  700/1000  loss=0.014513  elapsed=250.4s
[P=4/orig] epoch  800/1000  loss=0.014418  elapsed=286.4s
[P=4/orig] epoch  900/1000  loss=0.014360  elapsed=322.9s
[P=4/orig] epoch  999/1000  loss=0.013806  elapsed=358.3s
[P=4/ortho] epoch    0/1000  loss=0.914706  elapsed=0.6s
[P=4/ortho] epoch  100/1000  loss=0.017758  elapsed=44.5s
[P=4/ortho] epoch  200/1000  loss=0.015963  elapsed=88.8s
[P=4/ortho] epoch  300/1000  loss=0.014956  elapsed=133.7s
[P=4/ortho] epoch  400/1000  loss=0.014854  elapsed=179.2s
[P=4/ortho] epoch  500/1000  loss=0.014258  elapsed=224.8s
[P=4/ortho] epoch  600/1000  loss=0.014200  elapsed=269.5s
[P=4/ortho] epoch  700/1000  loss=0.013859  elapsed=314.5s
[P=4/ortho] epoch  800/1000  loss=0.013872  elapsed=361.1s
[P=4/ortho] epoch  900/1000  loss=0.013837  elapsed=405.5s
[P=4/ortho] epoch  999/1000  loss=0.013765  elapsed=448.8s

================  P = 5  ================
[P=5/orig] epoch    0/1000  loss=0.874215  elapsed=0.5s
[P=5/orig] epoch  100/1000  loss=0.016435  elapsed=38.4s
[P=5/orig] epoch  200/1000  loss=0.014029  elapsed=75.5s
[P=5/orig] epoch  300/1000  loss=0.012635  elapsed=111.8s
[P=5/orig] epoch  400/1000  loss=0.011799  elapsed=148.8s
[P=5/orig] epoch  500/1000  loss=0.011186  elapsed=185.4s
[P=5/orig] epoch  600/1000  loss=0.011470  elapsed=223.3s
[P=5/orig] epoch  700/1000  loss=0.011150  elapsed=259.5s
[P=5/orig] epoch  800/1000  loss=0.011150  elapsed=296.1s
[P=5/orig] epoch  900/1000  loss=0.011014  elapsed=333.3s
[P=5/orig] epoch  999/1000  loss=0.011166  elapsed=369.3s
[P=5/ortho] epoch    0/1000  loss=0.891799  elapsed=0.6s
[P=5/ortho] epoch  100/1000  loss=0.017085  elapsed=50.2s
[P=5/ortho] epoch  200/1000  loss=0.015480  elapsed=100.3s
[P=5/ortho] epoch  300/1000  loss=0.015116  elapsed=149.8s
[P=5/ortho] epoch  400/1000  loss=0.014882  elapsed=197.0s
[P=5/ortho] epoch  500/1000  loss=0.014621  elapsed=243.6s
[P=5/ortho] epoch  600/1000  loss=0.014777  elapsed=290.2s
[P=5/ortho] epoch  700/1000  loss=0.014220  elapsed=336.0s
[P=5/ortho] epoch  800/1000  loss=0.014156  elapsed=383.7s
[P=5/ortho] epoch  900/1000  loss=0.014086  elapsed=430.4s
[P=5/ortho] epoch  999/1000  loss=0.014072  elapsed=476.3s

================  P = 6  ================
[P=6/orig] epoch    0/1000  loss=0.958412  elapsed=0.6s
[P=6/orig] epoch  100/1000  loss=0.022304  elapsed=38.6s
[P=6/orig] epoch  200/1000  loss=0.012822  elapsed=76.7s
[P=6/orig] epoch  300/1000  loss=0.011914  elapsed=113.8s
[P=6/orig] epoch  400/1000  loss=0.011179  elapsed=149.8s
[P=6/orig] epoch  500/1000  loss=0.010708  elapsed=186.5s
[P=6/orig] epoch  600/1000  loss=0.010324  elapsed=222.4s
[P=6/orig] epoch  700/1000  loss=0.010153  elapsed=258.8s
[P=6/orig] epoch  800/1000  loss=0.010283  elapsed=294.3s
[P=6/orig] epoch  900/1000  loss=0.010231  elapsed=331.0s
[P=6/orig] epoch  999/1000  loss=0.009951  elapsed=365.8s
[P=6/ortho] epoch    0/1000  loss=0.970882  elapsed=0.5s
[P=6/ortho] epoch  100/1000  loss=0.013944  elapsed=45.2s
[P=6/ortho] epoch  200/1000  loss=0.011558  elapsed=89.7s
[P=6/ortho] epoch  300/1000  loss=0.010385  elapsed=134.5s
[P=6/ortho] epoch  400/1000  loss=0.009930  elapsed=178.2s
[P=6/ortho] epoch  500/1000  loss=0.009610  elapsed=222.3s
[P=6/ortho] epoch  600/1000  loss=0.009145  elapsed=268.3s
[P=6/ortho] epoch  700/1000  loss=0.009248  elapsed=312.7s
[P=6/ortho] epoch  800/1000  loss=0.009283  elapsed=356.7s
[P=6/ortho] epoch  900/1000  loss=0.009155  elapsed=404.3s
[P=6/ortho] epoch  999/1000  loss=0.009093  elapsed=449.4s

All done in 68.2 min
================ M=14 seed=0 ================
Shared B: shape=(3, 14)  frozen=True  ||B||_F=2.109

================  P = 2  ================
[P=2/orig] epoch    0/1000  loss=0.896749  elapsed=0.4s
[P=2/orig] epoch  100/1000  loss=0.035703  elapsed=39.1s
[P=2/orig] epoch  200/1000  loss=0.031660  elapsed=77.3s
[P=2/orig] epoch  300/1000  loss=0.029262  elapsed=116.6s
[P=2/orig] epoch  400/1000  loss=0.029078  elapsed=153.3s
[P=2/orig] epoch  500/1000  loss=0.027478  elapsed=190.4s
[P=2/orig] epoch  600/1000  loss=0.026694  elapsed=229.9s
[P=2/orig] epoch  700/1000  loss=0.025668  elapsed=268.6s
[P=2/orig] epoch  800/1000  loss=0.026124  elapsed=308.9s
[P=2/orig] epoch  900/1000  loss=0.026044  elapsed=347.8s
[P=2/orig] epoch  999/1000  loss=0.026506  elapsed=384.4s
[P=2/ortho] epoch    0/1000  loss=0.967895  elapsed=0.6s
[P=2/ortho] epoch  100/1000  loss=0.032965  elapsed=46.6s
[P=2/ortho] epoch  200/1000  loss=0.028717  elapsed=93.2s
[P=2/ortho] epoch  300/1000  loss=0.027684  elapsed=137.9s
[P=2/ortho] epoch  400/1000  loss=0.027768  elapsed=183.8s
[P=2/ortho] epoch  500/1000  loss=0.025588  elapsed=229.9s
[P=2/ortho] epoch  600/1000  loss=0.026115  elapsed=275.7s
[P=2/ortho] epoch  700/1000  loss=0.026495  elapsed=322.2s
[P=2/ortho] epoch  800/1000  loss=0.025436  elapsed=370.9s
[P=2/ortho] epoch  900/1000  loss=0.025195  elapsed=417.2s
[P=2/ortho] epoch  999/1000  loss=0.025702  elapsed=464.3s

================  P = 3  ================
[P=3/orig] epoch    0/1000  loss=0.953317  elapsed=0.5s
[P=3/orig] epoch  100/1000  loss=0.028105  elapsed=39.6s
[P=3/orig] epoch  200/1000  loss=0.023942  elapsed=77.3s
[P=3/orig] epoch  300/1000  loss=0.021603  elapsed=113.7s
[P=3/orig] epoch  400/1000  loss=0.019416  elapsed=150.1s
[P=3/orig] epoch  500/1000  loss=0.018473  elapsed=188.4s
[P=3/orig] epoch  600/1000  loss=0.017824  elapsed=225.1s
[P=3/orig] epoch  700/1000  loss=0.017378  elapsed=263.8s
[P=3/orig] epoch  800/1000  loss=0.017160  elapsed=301.6s
[P=3/orig] epoch  900/1000  loss=0.017549  elapsed=339.9s
[P=3/orig] epoch  999/1000  loss=0.017106  elapsed=375.9s
[P=3/ortho] epoch    0/1000  loss=0.932326  elapsed=0.5s
[P=3/ortho] epoch  100/1000  loss=0.021969  elapsed=47.6s
[P=3/ortho] epoch  200/1000  loss=0.019798  elapsed=95.0s
[P=3/ortho] epoch  300/1000  loss=0.017951  elapsed=142.2s
[P=3/ortho] epoch  400/1000  loss=0.017888  elapsed=188.7s
[P=3/ortho] epoch  500/1000  loss=0.017535  elapsed=233.6s
[P=3/ortho] epoch  600/1000  loss=0.017394  elapsed=278.5s
[P=3/ortho] epoch  700/1000  loss=0.017192  elapsed=323.7s
[P=3/ortho] epoch  800/1000  loss=0.017214  elapsed=371.8s
[P=3/ortho] epoch  900/1000  loss=0.016936  elapsed=417.3s
[P=3/ortho] epoch  999/1000  loss=0.016786  elapsed=464.8s

================  P = 4  ================
[P=4/orig] epoch    0/1000  loss=0.864657  elapsed=0.5s
[P=4/orig] epoch  100/1000  loss=0.014315  elapsed=40.4s
[P=4/orig] epoch  200/1000  loss=0.012705  elapsed=78.9s
[P=4/orig] epoch  300/1000  loss=0.011702  elapsed=117.0s
[P=4/orig] epoch  400/1000  loss=0.011566  elapsed=155.6s
[P=4/orig] epoch  500/1000  loss=0.011280  elapsed=194.6s
[P=4/orig] epoch  600/1000  loss=0.011008  elapsed=235.1s
[P=4/orig] epoch  700/1000  loss=0.011024  elapsed=273.5s
[P=4/orig] epoch  800/1000  loss=0.011096  elapsed=311.0s
[P=4/orig] epoch  900/1000  loss=0.011192  elapsed=350.8s
[P=4/orig] epoch  999/1000  loss=0.010963  elapsed=387.9s
[P=4/ortho] epoch    0/1000  loss=0.934642  elapsed=0.6s
[P=4/ortho] epoch  100/1000  loss=0.014324  elapsed=48.0s
[P=4/ortho] epoch  200/1000  loss=0.011852  elapsed=95.4s
[P=4/ortho] epoch  300/1000  loss=0.010567  elapsed=144.0s
[P=4/ortho] epoch  400/1000  loss=0.010336  elapsed=192.2s
[P=4/ortho] epoch  500/1000  loss=0.010313  elapsed=238.1s
[P=4/ortho] epoch  600/1000  loss=0.010184  elapsed=284.2s
[P=4/ortho] epoch  700/1000  loss=0.009963  elapsed=330.8s
[P=4/ortho] epoch  800/1000  loss=0.009914  elapsed=380.3s
[P=4/ortho] epoch  900/1000  loss=0.009922  elapsed=430.4s
[P=4/ortho] epoch  999/1000  loss=0.009960  elapsed=477.0s

================  P = 5  ================
[P=5/orig] epoch    0/1000  loss=0.979283  elapsed=0.5s
[P=5/orig] epoch  100/1000  loss=0.015470  elapsed=40.7s
[P=5/orig] epoch  200/1000  loss=0.012855  elapsed=78.6s
[P=5/orig] epoch  300/1000  loss=0.012209  elapsed=116.8s
[P=5/orig] epoch  400/1000  loss=0.011623  elapsed=157.2s
[P=5/orig] epoch  500/1000  loss=0.011437  elapsed=195.3s
[P=5/orig] epoch  600/1000  loss=0.011444  elapsed=234.2s
[P=5/orig] epoch  700/1000  loss=0.011326  elapsed=272.2s
[P=5/orig] epoch  800/1000  loss=0.011225  elapsed=309.6s
[P=5/orig] epoch  900/1000  loss=0.011181  elapsed=349.4s
[P=5/orig] epoch  999/1000  loss=0.011170  elapsed=388.0s
[P=5/ortho] epoch    0/1000  loss=0.934932  elapsed=0.6s
[P=5/ortho] epoch  100/1000  loss=0.017139  elapsed=49.0s
[P=5/ortho] epoch  200/1000  loss=0.014910  elapsed=96.6s
[P=5/ortho] epoch  300/1000  loss=0.014246  elapsed=146.8s
[P=5/ortho] epoch  400/1000  loss=0.014087  elapsed=192.9s
[P=5/ortho] epoch  500/1000  loss=0.013656  elapsed=240.5s
[P=5/ortho] epoch  600/1000  loss=0.013659  elapsed=288.6s
[P=5/ortho] epoch  700/1000  loss=0.013120  elapsed=341.3s
[P=5/ortho] epoch  800/1000  loss=0.013015  elapsed=395.1s
[P=5/ortho] epoch  900/1000  loss=0.012979  elapsed=446.2s
[P=5/ortho] epoch  999/1000  loss=0.012795  elapsed=492.5s

================  P = 6  ================
[P=6/orig] epoch    0/1000  loss=0.949206  elapsed=0.6s
[P=6/orig] epoch  100/1000  loss=0.012398  elapsed=40.3s
[P=6/orig] epoch  200/1000  loss=0.010432  elapsed=77.4s
[P=6/orig] epoch  300/1000  loss=0.009819  elapsed=113.5s
[P=6/orig] epoch  400/1000  loss=0.009241  elapsed=151.6s
[P=6/orig] epoch  500/1000  loss=0.009161  elapsed=189.9s
[P=6/orig] epoch  600/1000  loss=0.008936  elapsed=227.2s
[P=6/orig] epoch  700/1000  loss=0.008880  elapsed=265.3s
[P=6/orig] epoch  800/1000  loss=0.008917  elapsed=303.8s
[P=6/orig] epoch  900/1000  loss=0.008852  elapsed=340.4s
[P=6/orig] epoch  999/1000  loss=0.008800  elapsed=377.6s
[P=6/ortho] epoch    0/1000  loss=0.935020  elapsed=0.6s
[P=6/ortho] epoch  100/1000  loss=0.010445  elapsed=51.8s
[P=6/ortho] epoch  200/1000  loss=0.009040  elapsed=99.7s
[P=6/ortho] epoch  300/1000  loss=0.008192  elapsed=145.9s
[P=6/ortho] epoch  400/1000  loss=0.007986  elapsed=193.0s
[P=6/ortho] epoch  500/1000  loss=0.007987  elapsed=240.3s
[P=6/ortho] epoch  600/1000  loss=0.007713  elapsed=287.7s
[P=6/ortho] epoch  700/1000  loss=0.007862  elapsed=333.8s
[P=6/ortho] epoch  800/1000  loss=0.007714  elapsed=379.6s
[P=6/ortho] epoch  900/1000  loss=0.007738  elapsed=425.2s
[P=6/ortho] epoch  999/1000  loss=0.007687  elapsed=471.5s

All done in 71.4 min
================ M=15 seed=0 ================
Shared B: shape=(3, 15)  frozen=True  ||B||_F=2.210

================  P = 2  ================
[P=2/orig] epoch    0/1000  loss=0.978220  elapsed=0.3s
[P=2/orig] epoch  100/1000  loss=0.039160  elapsed=38.5s
[P=2/orig] epoch  200/1000  loss=0.032995  elapsed=74.9s
[P=2/orig] epoch  300/1000  loss=0.029529  elapsed=112.8s
[P=2/orig] epoch  400/1000  loss=0.030140  elapsed=148.7s
[P=2/orig] epoch  500/1000  loss=0.028414  elapsed=185.6s
[P=2/orig] epoch  600/1000  loss=0.027718  elapsed=223.6s
[P=2/orig] epoch  700/1000  loss=0.026630  elapsed=261.4s
[P=2/orig] epoch  800/1000  loss=0.027040  elapsed=296.6s
[P=2/orig] epoch  900/1000  loss=0.027181  elapsed=333.4s
[P=2/orig] epoch  999/1000  loss=0.027502  elapsed=369.4s
[P=2/ortho] epoch    0/1000  loss=0.938783  elapsed=0.6s
[P=2/ortho] epoch  100/1000  loss=0.031948  elapsed=47.8s
[P=2/ortho] epoch  200/1000  loss=0.027355  elapsed=96.3s
[P=2/ortho] epoch  300/1000  loss=0.026258  elapsed=143.5s
[P=2/ortho] epoch  400/1000  loss=0.026252  elapsed=188.8s
[P=2/ortho] epoch  500/1000  loss=0.024065  elapsed=234.1s
[P=2/ortho] epoch  600/1000  loss=0.024891  elapsed=277.7s
[P=2/ortho] epoch  700/1000  loss=0.025193  elapsed=323.0s
[P=2/ortho] epoch  800/1000  loss=0.024335  elapsed=369.6s
[P=2/ortho] epoch  900/1000  loss=0.024010  elapsed=415.6s
[P=2/ortho] epoch  999/1000  loss=0.024461  elapsed=461.4s

================  P = 3  ================
[P=3/orig] epoch    0/1000  loss=0.957454  elapsed=0.4s
[P=3/orig] epoch  100/1000  loss=0.034719  elapsed=38.3s
[P=3/orig] epoch  200/1000  loss=0.026648  elapsed=74.9s
[P=3/orig] epoch  300/1000  loss=0.024601  elapsed=113.8s
[P=3/orig] epoch  400/1000  loss=0.022703  elapsed=150.3s
[P=3/orig] epoch  500/1000  loss=0.021698  elapsed=188.3s
[P=3/orig] epoch  600/1000  loss=0.020874  elapsed=226.5s
[P=3/orig] epoch  700/1000  loss=0.020137  elapsed=264.5s
[P=3/orig] epoch  800/1000  loss=0.020023  elapsed=301.6s
[P=3/orig] epoch  900/1000  loss=0.020351  elapsed=341.8s
[P=3/orig] epoch  999/1000  loss=0.019437  elapsed=378.0s
[P=3/ortho] epoch    0/1000  loss=0.958239  elapsed=0.6s
[P=3/ortho] epoch  100/1000  loss=0.025388  elapsed=46.2s
[P=3/ortho] epoch  200/1000  loss=0.021447  elapsed=92.5s
[P=3/ortho] epoch  300/1000  loss=0.017892  elapsed=141.3s
[P=3/ortho] epoch  400/1000  loss=0.016973  elapsed=191.9s
[P=3/ortho] epoch  500/1000  loss=0.016425  elapsed=238.7s
[P=3/ortho] epoch  600/1000  loss=0.016156  elapsed=284.8s
[P=3/ortho] epoch  700/1000  loss=0.015835  elapsed=331.9s
[P=3/ortho] epoch  800/1000  loss=0.015546  elapsed=381.1s
[P=3/ortho] epoch  900/1000  loss=0.015325  elapsed=429.7s
[skip] M10_s0 already complete
[skip] M11_s0 already complete
[skip] M14_s0 already complete
================ M=15 seed=0 ================
Shared B: shape=(3, 15)  frozen=True  ||B||_F=2.210

================  P = 2  ================
[P=2/orig] epoch    0/1000  loss=0.978220  elapsed=1.5s
[P=2/orig] epoch  100/1000  loss=0.039160  elapsed=38.6s
[P=2/orig] epoch  200/1000  loss=0.032995  elapsed=80.3s
[P=2/orig] epoch  300/1000  loss=0.029529  elapsed=121.2s
[P=2/orig] epoch  400/1000  loss=0.030140  elapsed=162.2s
[P=2/orig] epoch  500/1000  loss=0.028414  elapsed=202.5s
[P=2/orig] epoch  600/1000  loss=0.027718  elapsed=243.1s
[P=2/orig] epoch  700/1000  loss=0.026630  elapsed=282.8s
[P=2/orig] epoch  800/1000  loss=0.027040  elapsed=322.8s
[P=2/orig] epoch  900/1000  loss=0.027181  elapsed=363.0s
[P=2/orig] epoch  999/1000  loss=0.027502  elapsed=403.1s
[P=2/ortho] epoch    0/1000  loss=0.938783  elapsed=0.7s
[P=2/ortho] epoch  100/1000  loss=0.031948  elapsed=58.1s
[P=2/ortho] epoch  200/1000  loss=0.027355  elapsed=113.7s
[P=2/ortho] epoch  300/1000  loss=0.026258  elapsed=170.6s
[P=2/ortho] epoch  400/1000  loss=0.026252  elapsed=228.3s
[P=2/ortho] epoch  500/1000  loss=0.024065  elapsed=286.1s
[P=2/ortho] epoch  600/1000  loss=0.024891  elapsed=341.5s
[P=2/ortho] epoch  700/1000  loss=0.025193  elapsed=394.3s
[P=2/ortho] epoch  800/1000  loss=0.024335  elapsed=448.7s
[P=2/ortho] epoch  900/1000  loss=0.024010  elapsed=504.7s
[P=2/ortho] epoch  999/1000  loss=0.024461  elapsed=559.3s

================  P = 3  ================
[P=3/orig] epoch    0/1000  loss=0.957454  elapsed=0.5s
[P=3/orig] epoch  100/1000  loss=0.034719  elapsed=43.6s
[P=3/orig] epoch  200/1000  loss=0.026648  elapsed=85.9s
[P=3/orig] epoch  300/1000  loss=0.024601  elapsed=129.2s
[P=3/orig] epoch  400/1000  loss=0.022703  elapsed=174.6s
[P=3/orig] epoch  500/1000  loss=0.021698  elapsed=217.9s
[P=3/orig] epoch  600/1000  loss=0.020874  elapsed=259.5s
[P=3/orig] epoch  700/1000  loss=0.020137  elapsed=301.6s
[P=3/orig] epoch  800/1000  loss=0.020023  elapsed=342.9s
[P=3/orig] epoch  900/1000  loss=0.020351  elapsed=384.3s
[P=3/orig] epoch  999/1000  loss=0.019437  elapsed=424.3s
[P=3/ortho] epoch    0/1000  loss=0.958239  elapsed=0.7s
[P=3/ortho] epoch  100/1000  loss=0.025388  elapsed=51.5s
[P=3/ortho] epoch  200/1000  loss=0.021447  elapsed=101.5s
[P=3/ortho] epoch  300/1000  loss=0.017892  elapsed=158.1s
[P=3/ortho] epoch  400/1000  loss=0.016973  elapsed=208.4s
[P=3/ortho] epoch  500/1000  loss=0.016425  elapsed=256.4s
[P=3/ortho] epoch  600/1000  loss=0.016156  elapsed=303.0s
[P=3/ortho] epoch  700/1000  loss=0.015835  elapsed=349.2s
[P=3/ortho] epoch  800/1000  loss=0.015546  elapsed=396.9s
[P=3/ortho] epoch  900/1000  loss=0.015325  elapsed=442.1s
[P=3/ortho] epoch  999/1000  loss=0.015050  elapsed=484.9s

================  P = 4  ================
[P=4/orig] epoch    0/1000  loss=0.981465  elapsed=0.4s
[P=4/orig] epoch  100/1000  loss=0.027021  elapsed=35.8s
[P=4/orig] epoch  200/1000  loss=0.021242  elapsed=72.9s
[P=4/orig] epoch  300/1000  loss=0.017317  elapsed=109.7s
[P=4/orig] epoch  400/1000  loss=0.016374  elapsed=147.3s
[P=4/orig] epoch  500/1000  loss=0.015843  elapsed=184.6s
[P=4/orig] epoch  600/1000  loss=0.015303  elapsed=223.0s
[P=4/orig] epoch  700/1000  loss=0.015376  elapsed=261.5s
[P=4/orig] epoch  800/1000  loss=0.015617  elapsed=298.7s
[P=4/orig] epoch  900/1000  loss=0.015668  elapsed=336.7s
[P=4/orig] epoch  999/1000  loss=0.015273  elapsed=373.6s
[P=4/ortho] epoch    0/1000  loss=0.933001  elapsed=0.6s
[P=4/ortho] epoch  100/1000  loss=0.014289  elapsed=46.0s
[P=4/ortho] epoch  200/1000  loss=0.012842  elapsed=90.0s
[P=4/ortho] epoch  300/1000  loss=0.012027  elapsed=132.9s
[P=4/ortho] epoch  400/1000  loss=0.011636  elapsed=179.0s
[P=4/ortho] epoch  500/1000  loss=0.011337  elapsed=223.7s
[P=4/ortho] epoch  600/1000  loss=0.011210  elapsed=268.1s
[P=4/ortho] epoch  700/1000  loss=0.011089  elapsed=313.0s
[P=4/ortho] epoch  800/1000  loss=0.010972  elapsed=356.9s
[P=4/ortho] epoch  900/1000  loss=0.010959  elapsed=401.8s
[P=4/ortho] epoch  999/1000  loss=0.010874  elapsed=446.3s

================  P = 5  ================
[P=5/orig] epoch    0/1000  loss=0.953523  elapsed=0.5s
[P=5/orig] epoch  100/1000  loss=0.029639  elapsed=38.2s
[P=5/orig] epoch  200/1000  loss=0.019036  elapsed=75.2s
[P=5/orig] epoch  300/1000  loss=0.014637  elapsed=112.2s
[P=5/orig] epoch  400/1000  loss=0.012695  elapsed=149.4s
[P=5/orig] epoch  500/1000  loss=0.011297  elapsed=186.1s
[P=5/orig] epoch  600/1000  loss=0.011113  elapsed=221.9s
[P=5/orig] epoch  700/1000  loss=0.010810  elapsed=257.5s
[P=5/orig] epoch  800/1000  loss=0.010680  elapsed=295.0s
[P=5/orig] epoch  900/1000  loss=0.010588  elapsed=331.7s
[P=5/orig] epoch  999/1000  loss=0.010812  elapsed=368.0s
[P=5/ortho] epoch    0/1000  loss=0.960398  elapsed=0.6s
[P=5/ortho] epoch  100/1000  loss=0.016891  elapsed=46.1s
[P=5/ortho] epoch  200/1000  loss=0.011239  elapsed=91.9s
[P=5/ortho] epoch  300/1000  loss=0.009816  elapsed=139.0s
[P=5/ortho] epoch  400/1000  loss=0.008829  elapsed=184.8s
[P=5/ortho] epoch  500/1000  loss=0.008572  elapsed=230.3s
[P=5/ortho] epoch  600/1000  loss=0.008528  elapsed=276.6s
[P=5/ortho] epoch  700/1000  loss=0.008191  elapsed=321.7s
[P=5/ortho] epoch  800/1000  loss=0.008261  elapsed=365.9s
[P=5/ortho] epoch  900/1000  loss=0.008204  elapsed=411.5s
[P=5/ortho] epoch  999/1000  loss=0.008094  elapsed=455.9s

================  P = 6  ================
[P=6/orig] epoch    0/1000  loss=0.887605  elapsed=0.5s
[P=6/orig] epoch  100/1000  loss=0.012002  elapsed=38.4s
[P=6/orig] epoch  200/1000  loss=0.010323  elapsed=74.9s
[P=6/orig] epoch  300/1000  loss=0.009676  elapsed=110.3s
[P=6/orig] epoch  400/1000  loss=0.009123  elapsed=146.9s
[P=6/orig] epoch  500/1000  loss=0.008922  elapsed=182.1s
[P=6/orig] epoch  600/1000  loss=0.008671  elapsed=217.4s
[P=6/orig] epoch  700/1000  loss=0.008640  elapsed=253.3s
[P=6/orig] epoch  800/1000  loss=0.008716  elapsed=289.7s
[P=6/orig] epoch  900/1000  loss=0.008593  elapsed=326.2s
[P=6/orig] epoch  999/1000  loss=0.008592  elapsed=361.4s
[P=6/ortho] epoch    0/1000  loss=0.968059  elapsed=0.5s
[P=6/ortho] epoch  100/1000  loss=0.010388  elapsed=45.1s
[P=6/ortho] epoch  200/1000  loss=0.009276  elapsed=90.2s
[P=6/ortho] epoch  300/1000  loss=0.008649  elapsed=136.2s
[P=6/ortho] epoch  400/1000  loss=0.008554  elapsed=181.7s
[P=6/ortho] epoch  500/1000  loss=0.008414  elapsed=227.3s
[P=6/ortho] epoch  600/1000  loss=0.008186  elapsed=272.6s
[P=6/ortho] epoch  700/1000  loss=0.008211  elapsed=316.8s
[P=6/ortho] epoch  800/1000  loss=0.008128  elapsed=361.1s
[P=6/ortho] epoch  900/1000  loss=0.008061  elapsed=405.8s
[P=6/ortho] epoch  999/1000  loss=0.008072  elapsed=451.9s

All done in 72.4 min
================ M=10 seed=1 ================
Shared B: shape=(3, 10)  frozen=True  ||B||_F=1.803

================  P = 2  ================
[P=2/orig] epoch    0/1000  loss=0.902866  elapsed=0.4s
[P=2/orig] epoch  100/1000  loss=0.035376  elapsed=39.2s
[P=2/orig] epoch  200/1000  loss=0.030940  elapsed=77.3s
[P=2/orig] epoch  300/1000  loss=0.029257  elapsed=115.9s
[P=2/orig] epoch  400/1000  loss=0.027695  elapsed=153.7s
[P=2/orig] epoch  500/1000  loss=0.027330  elapsed=193.3s
[P=2/orig] epoch  600/1000  loss=0.026674  elapsed=231.9s
[P=2/orig] epoch  700/1000  loss=0.027444  elapsed=270.2s
[P=2/orig] epoch  800/1000  loss=0.027037  elapsed=309.6s
[P=2/orig] epoch  900/1000  loss=0.027230  elapsed=347.9s
[P=2/orig] epoch  999/1000  loss=0.025853  elapsed=387.1s
[P=2/ortho] epoch    0/1000  loss=0.856409  elapsed=0.6s
[P=2/ortho] epoch  100/1000  loss=0.029992  elapsed=49.2s
[P=2/ortho] epoch  200/1000  loss=0.028634  elapsed=96.7s
[P=2/ortho] epoch  300/1000  loss=0.027445  elapsed=144.4s
[P=2/ortho] epoch  400/1000  loss=0.027220  elapsed=193.0s
[P=2/ortho] epoch  500/1000  loss=0.026350  elapsed=240.9s
[P=2/ortho] epoch  600/1000  loss=0.027656  elapsed=289.6s
[P=2/ortho] epoch  700/1000  loss=0.027377  elapsed=337.9s
[P=2/ortho] epoch  800/1000  loss=0.026956  elapsed=386.5s
[P=2/ortho] epoch  900/1000  loss=0.026995  elapsed=435.8s
[P=2/ortho] epoch  999/1000  loss=0.026564  elapsed=484.5s

================  P = 3  ================
[P=3/orig] epoch    0/1000  loss=0.981805  elapsed=0.6s
[P=3/orig] epoch  100/1000  loss=0.028991  elapsed=40.6s
[P=3/orig] epoch  200/1000  loss=0.026134  elapsed=79.2s
[P=3/orig] epoch  300/1000  loss=0.024490  elapsed=118.1s
[P=3/orig] epoch  400/1000  loss=0.023899  elapsed=159.0s
[P=3/orig] epoch  500/1000  loss=0.022969  elapsed=200.2s
[P=3/orig] epoch  600/1000  loss=0.022832  elapsed=239.8s
[P=3/orig] epoch  700/1000  loss=0.023464  elapsed=278.8s
[P=3/orig] epoch  800/1000  loss=0.023341  elapsed=317.6s
[P=3/orig] epoch  900/1000  loss=0.022634  elapsed=356.4s
[P=3/orig] epoch  999/1000  loss=0.023106  elapsed=395.5s
[P=3/ortho] epoch    0/1000  loss=0.954385  elapsed=0.6s
[P=3/ortho] epoch  100/1000  loss=0.026041  elapsed=49.6s
[P=3/ortho] epoch  200/1000  loss=0.023580  elapsed=96.7s
[P=3/ortho] epoch  300/1000  loss=0.022000  elapsed=143.9s
[P=3/ortho] epoch  400/1000  loss=0.020634  elapsed=191.6s
[P=3/ortho] epoch  500/1000  loss=0.020156  elapsed=243.6s
[P=3/ortho] epoch  600/1000  loss=0.019918  elapsed=298.2s
[P=3/ortho] epoch  700/1000  loss=0.019274  elapsed=351.8s
[P=3/ortho] epoch  800/1000  loss=0.019332  elapsed=404.4s
[P=3/ortho] epoch  900/1000  loss=0.019242  elapsed=455.1s
[P=3/ortho] epoch  999/1000  loss=0.019205  elapsed=505.0s

================  P = 4  ================
[P=4/orig] epoch    0/1000  loss=0.923247  elapsed=0.5s
[P=4/orig] epoch  100/1000  loss=0.027085  elapsed=41.7s
[P=4/orig] epoch  200/1000  loss=0.021007  elapsed=80.8s
[P=4/orig] epoch  300/1000  loss=0.019613  elapsed=119.0s
[P=4/orig] epoch  400/1000  loss=0.018465  elapsed=159.7s
[P=4/orig] epoch  500/1000  loss=0.017951  elapsed=198.0s
[P=4/orig] epoch  600/1000  loss=0.018007  elapsed=236.8s
[P=4/orig] epoch  700/1000  loss=0.017609  elapsed=274.9s
[P=4/orig] epoch  800/1000  loss=0.017187  elapsed=313.4s
[P=4/orig] epoch  900/1000  loss=0.017211  elapsed=352.1s
[P=4/orig] epoch  999/1000  loss=0.016882  elapsed=389.6s
[P=4/ortho] epoch    0/1000  loss=0.979588  elapsed=0.6s
[P=4/ortho] epoch  100/1000  loss=0.022202  elapsed=48.3s
[P=4/ortho] epoch  200/1000  loss=0.016707  elapsed=103.3s
[P=4/ortho] epoch  300/1000  loss=0.013758  elapsed=155.0s
[P=4/ortho] epoch  400/1000  loss=0.013178  elapsed=213.3s
[P=4/ortho] epoch  500/1000  loss=0.012873  elapsed=270.6s
[P=4/ortho] epoch  600/1000  loss=0.012608  elapsed=333.8s
[P=4/ortho] epoch  700/1000  loss=0.012767  elapsed=393.7s
[P=4/ortho] epoch  800/1000  loss=0.012693  elapsed=454.1s
[P=4/ortho] epoch  900/1000  loss=0.012607  elapsed=521.6s
[P=4/ortho] epoch  999/1000  loss=0.012463  elapsed=577.6s

================  P = 5  ================
[P=5/orig] epoch    0/1000  loss=0.872129  elapsed=0.6s
[P=5/orig] epoch  100/1000  loss=0.015912  elapsed=44.8s
[P=5/orig] epoch  200/1000  loss=0.013845  elapsed=84.8s
[P=5/orig] epoch  300/1000  loss=0.012122  elapsed=129.8s
[P=5/orig] epoch  400/1000  loss=0.012143  elapsed=170.9s
[P=5/orig] epoch  500/1000  loss=0.011835  elapsed=208.7s
[P=5/orig] epoch  600/1000  loss=0.011550  elapsed=246.8s
[P=5/orig] epoch  700/1000  loss=0.011499  elapsed=286.4s
[P=5/orig] epoch  800/1000  loss=0.011503  elapsed=324.1s
[P=5/orig] epoch  900/1000  loss=0.011245  elapsed=362.7s
[P=5/orig] epoch  999/1000  loss=0.011401  elapsed=400.1s
[P=5/ortho] epoch    0/1000  loss=0.881007  elapsed=0.5s
[P=5/ortho] epoch  100/1000  loss=0.010458  elapsed=46.8s
[P=5/ortho] epoch  200/1000  loss=0.009464  elapsed=92.7s
[P=5/ortho] epoch  300/1000  loss=0.008749  elapsed=141.2s
[P=5/ortho] epoch  400/1000  loss=0.008900  elapsed=187.7s
[P=5/ortho] epoch  500/1000  loss=0.008609  elapsed=233.3s
[P=5/ortho] epoch  600/1000  loss=0.008601  elapsed=280.4s
[P=5/ortho] epoch  700/1000  loss=0.008502  elapsed=328.6s
[P=5/ortho] epoch  800/1000  loss=0.008322  elapsed=375.7s
[P=5/ortho] epoch  900/1000  loss=0.008424  elapsed=422.5s
[P=5/ortho] epoch  999/1000  loss=0.008702  elapsed=468.4s

================  P = 6  ================
[P=6/orig] epoch    0/1000  loss=0.903361  elapsed=0.5s
[P=6/orig] epoch  100/1000  loss=0.022633  elapsed=41.7s
[P=6/orig] epoch  200/1000  loss=0.012916  elapsed=83.9s
[P=6/orig] epoch  300/1000  loss=0.010783  elapsed=124.4s
[P=6/orig] epoch  400/1000  loss=0.010070  elapsed=162.9s
[P=6/orig] epoch  500/1000  loss=0.009670  elapsed=201.6s
[P=6/orig] epoch  600/1000  loss=0.009524  elapsed=239.3s
[P=6/orig] epoch  700/1000  loss=0.009751  elapsed=278.6s
[P=6/orig] epoch  800/1000  loss=0.009575  elapsed=319.1s
[P=6/orig] epoch  900/1000  loss=0.009579  elapsed=357.3s
[P=6/orig] epoch  999/1000  loss=0.009437  elapsed=395.1s
[P=6/ortho] epoch    0/1000  loss=0.976649  elapsed=0.7s
[P=6/ortho] epoch  100/1000  loss=0.016581  elapsed=47.0s
[P=6/ortho] epoch  200/1000  loss=0.013372  elapsed=94.4s
[P=6/ortho] epoch  300/1000  loss=0.011260  elapsed=143.3s
[P=6/ortho] epoch  400/1000  loss=0.010890  elapsed=191.3s
[P=6/ortho] epoch  500/1000  loss=0.010267  elapsed=239.7s
[P=6/ortho] epoch  600/1000  loss=0.010193  elapsed=287.1s
[P=6/ortho] epoch  700/1000  loss=0.010129  elapsed=339.9s
[P=6/ortho] epoch  800/1000  loss=0.009961  elapsed=392.5s
[P=6/ortho] epoch  900/1000  loss=0.009880  elapsed=450.7s
[P=6/ortho] epoch  999/1000  loss=0.009941  elapsed=510.9s

All done in 75.3 min
================ M=11 seed=1 ================
Shared B: shape=(3, 11)  frozen=True  ||B||_F=1.991

================  P = 2  ================
[P=2/orig] epoch    0/1000  loss=0.925029  elapsed=0.4s
