================ M=14 seed=0 ================
Shared B: shape=(3, 14)  frozen=True  ||B||_F=2.109

================  P = 2  ================
[P=2/orig] epoch    0/1000  loss=0.896749  elapsed=0.4s
[P=2/orig] epoch  100/1000  loss=0.035703  elapsed=39.1s
[P=2/orig] epoch  200/1000  loss=0.031660  elapsed=77.3s
[P=2/orig] epoch  300/1000  loss=0.029262  elapsed=116.6s
[P=2/orig] epoch  400/1000  loss=0.029078  elapsed=153.3s
[P=2/orig] epoch  500/1000  loss=0.027478  elapsed=190.4s
[P=2/orig] epoch  600/1000  loss=0.026694  elapsed=229.9s
[P=2/orig] epoch  700/1000  loss=0.025668  elapsed=268.6s
[P=2/orig] epoch  800/1000  loss=0.026124  elapsed=308.9s
[P=2/orig] epoch  900/1000  loss=0.026044  elapsed=347.8s
[P=2/orig] epoch  999/1000  loss=0.026506  elapsed=384.4s
[P=2/ortho] epoch    0/1000  loss=0.967895  elapsed=0.6s
[P=2/ortho] epoch  100/1000  loss=0.032965  elapsed=46.6s
[P=2/ortho] epoch  200/1000  loss=0.028717  elapsed=93.2s
[P=2/ortho] epoch  300/1000  loss=0.027684  elapsed=137.9s
[P=2/ortho] epoch  400/1000  loss=0.027768  elapsed=183.8s
[P=2/ortho] epoch  500/1000  loss=0.025588  elapsed=229.9s
[P=2/ortho] epoch  600/1000  loss=0.026115  elapsed=275.7s
[P=2/ortho] epoch  700/1000  loss=0.026495  elapsed=322.2s
[P=2/ortho] epoch  800/1000  loss=0.025436  elapsed=370.9s
[P=2/ortho] epoch  900/1000  loss=0.025195  elapsed=417.2s
[P=2/ortho] epoch  999/1000  loss=0.025702  elapsed=464.3s

================  P = 3  ================
[P=3/orig] epoch    0/1000  loss=0.953317  elapsed=0.5s
[P=3/orig] epoch  100/1000  loss=0.028105  elapsed=39.6s
[P=3/orig] epoch  200/1000  loss=0.023942  elapsed=77.3s
[P=3/orig] epoch  300/1000  loss=0.021603  elapsed=113.7s
[P=3/orig] epoch  400/1000  loss=0.019416  elapsed=150.1s
[P=3/orig] epoch  500/1000  loss=0.018473  elapsed=188.4s
[P=3/orig] epoch  600/1000  loss=0.017824  elapsed=225.1s
[P=3/orig] epoch  700/1000  loss=0.017378  elapsed=263.8s
[P=3/orig] epoch  800/1000  loss=0.017160  elapsed=301.6s
[P=3/orig] epoch  900/1000  loss=0.017549  elapsed=339.9s
[P=3/orig] epoch  999/1000  loss=0.017106  elapsed=375.9s
[P=3/ortho] epoch    0/1000  loss=0.932326  elapsed=0.5s
[P=3/ortho] epoch  100/1000  loss=0.021969  elapsed=47.6s
[P=3/ortho] epoch  200/1000  loss=0.019798  elapsed=95.0s
[P=3/ortho] epoch  300/1000  loss=0.017951  elapsed=142.2s
[P=3/ortho] epoch  400/1000  loss=0.017888  elapsed=188.7s
[P=3/ortho] epoch  500/1000  loss=0.017535  elapsed=233.6s
[P=3/ortho] epoch  600/1000  loss=0.017394  elapsed=278.5s
[P=3/ortho] epoch  700/1000  loss=0.017192  elapsed=323.7s
[P=3/ortho] epoch  800/1000  loss=0.017214  elapsed=371.8s
[P=3/ortho] epoch  900/1000  loss=0.016936  elapsed=417.3s
[P=3/ortho] epoch  999/1000  loss=0.016786  elapsed=464.8s

================  P = 4  ================
[P=4/orig] epoch    0/1000  loss=0.864657  elapsed=0.5s
[P=4/orig] epoch  100/1000  loss=0.014315  elapsed=40.4s
[P=4/orig] epoch  200/1000  loss=0.012705  elapsed=78.9s
[P=4/orig] epoch  300/1000  loss=0.011702  elapsed=117.0s
[P=4/orig] epoch  400/1000  loss=0.011566  elapsed=155.6s
[P=4/orig] epoch  500/1000  loss=0.011280  elapsed=194.6s
[P=4/orig] epoch  600/1000  loss=0.011008  elapsed=235.1s
[P=4/orig] epoch  700/1000  loss=0.011024  elapsed=273.5s
[P=4/orig] epoch  800/1000  loss=0.011096  elapsed=311.0s
[P=4/orig] epoch  900/1000  loss=0.011192  elapsed=350.8s
[P=4/orig] epoch  999/1000  loss=0.010963  elapsed=387.9s
[P=4/ortho] epoch    0/1000  loss=0.934642  elapsed=0.6s
[P=4/ortho] epoch  100/1000  loss=0.014324  elapsed=48.0s
[P=4/ortho] epoch  200/1000  loss=0.011852  elapsed=95.4s
[P=4/ortho] epoch  300/1000  loss=0.010567  elapsed=144.0s
[P=4/ortho] epoch  400/1000  loss=0.010336  elapsed=192.2s
[P=4/ortho] epoch  500/1000  loss=0.010313  elapsed=238.1s
[P=4/ortho] epoch  600/1000  loss=0.010184  elapsed=284.2s
[P=4/ortho] epoch  700/1000  loss=0.009963  elapsed=330.8s
[P=4/ortho] epoch  800/1000  loss=0.009914  elapsed=380.3s
[P=4/ortho] epoch  900/1000  loss=0.009922  elapsed=430.4s
[P=4/ortho] epoch  999/1000  loss=0.009960  elapsed=477.0s

================  P = 5  ================
[P=5/orig] epoch    0/1000  loss=0.979283  elapsed=0.5s
[P=5/orig] epoch  100/1000  loss=0.015470  elapsed=40.7s
[P=5/orig] epoch  200/1000  loss=0.012855  elapsed=78.6s
[P=5/orig] epoch  300/1000  loss=0.012209  elapsed=116.8s
[P=5/orig] epoch  400/1000  loss=0.011623  elapsed=157.2s
[P=5/orig] epoch  500/1000  loss=0.011437  elapsed=195.3s
[P=5/orig] epoch  600/1000  loss=0.011444  elapsed=234.2s
[P=5/orig] epoch  700/1000  loss=0.011326  elapsed=272.2s
[P=5/orig] epoch  800/1000  loss=0.011225  elapsed=309.6s
[P=5/orig] epoch  900/1000  loss=0.011181  elapsed=349.4s
[P=5/orig] epoch  999/1000  loss=0.011170  elapsed=388.0s
[P=5/ortho] epoch    0/1000  loss=0.934932  elapsed=0.6s
[P=5/ortho] epoch  100/1000  loss=0.017139  elapsed=49.0s
[P=5/ortho] epoch  200/1000  loss=0.014910  elapsed=96.6s
[P=5/ortho] epoch  300/1000  loss=0.014246  elapsed=146.8s
[P=5/ortho] epoch  400/1000  loss=0.014087  elapsed=192.9s
[P=5/ortho] epoch  500/1000  loss=0.013656  elapsed=240.5s
[P=5/ortho] epoch  600/1000  loss=0.013659  elapsed=288.6s
[P=5/ortho] epoch  700/1000  loss=0.013120  elapsed=341.3s
[P=5/ortho] epoch  800/1000  loss=0.013015  elapsed=395.1s
[P=5/ortho] epoch  900/1000  loss=0.012979  elapsed=446.2s
[P=5/ortho] epoch  999/1000  loss=0.012795  elapsed=492.5s

================  P = 6  ================
[P=6/orig] epoch    0/1000  loss=0.949206  elapsed=0.6s
[P=6/orig] epoch  100/1000  loss=0.012398  elapsed=40.3s
[P=6/orig] epoch  200/1000  loss=0.010432  elapsed=77.4s
[P=6/orig] epoch  300/1000  loss=0.009819  elapsed=113.5s
[P=6/orig] epoch  400/1000  loss=0.009241  elapsed=151.6s
[P=6/orig] epoch  500/1000  loss=0.009161  elapsed=189.9s
[P=6/orig] epoch  600/1000  loss=0.008936  elapsed=227.2s
[P=6/orig] epoch  700/1000  loss=0.008880  elapsed=265.3s
[P=6/orig] epoch  800/1000  loss=0.008917  elapsed=303.8s
[P=6/orig] epoch  900/1000  loss=0.008852  elapsed=340.4s
[P=6/orig] epoch  999/1000  loss=0.008800  elapsed=377.6s
[P=6/ortho] epoch    0/1000  loss=0.935020  elapsed=0.6s
[P=6/ortho] epoch  100/1000  loss=0.010445  elapsed=51.8s
[P=6/ortho] epoch  200/1000  loss=0.009040  elapsed=99.7s
[P=6/ortho] epoch  300/1000  loss=0.008192  elapsed=145.9s
[P=6/ortho] epoch  400/1000  loss=0.007986  elapsed=193.0s
[P=6/ortho] epoch  500/1000  loss=0.007987  elapsed=240.3s
[P=6/ortho] epoch  600/1000  loss=0.007713  elapsed=287.7s
[P=6/ortho] epoch  700/1000  loss=0.007862  elapsed=333.8s
[P=6/ortho] epoch  800/1000  loss=0.007714  elapsed=379.6s
[P=6/ortho] epoch  900/1000  loss=0.007738  elapsed=425.2s
[P=6/ortho] epoch  999/1000  loss=0.007687  elapsed=471.5s

All done in 71.4 min
