================ M=15 seed=0 ================
Shared B: shape=(3, 15)  frozen=True  ||B||_F=2.210

================  P = 2  ================
[P=2/orig] epoch    0/1000  loss=0.978220  elapsed=0.3s
[P=2/orig] epoch  100/1000  loss=0.039160  elapsed=38.5s
[P=2/orig] epoch  200/1000  loss=0.032995  elapsed=74.9s
[P=2/orig] epoch  300/1000  loss=0.029529  elapsed=112.8s
[P=2/orig] epoch  400/1000  loss=0.030140  elapsed=148.7s
[P=2/orig] epoch  500/1000  loss=0.028414  elapsed=185.6s
[P=2/orig] epoch  600/1000  loss=0.027718  elapsed=223.6s
[P=2/orig] epoch  700/1000  loss=0.026630  elapsed=261.4s
[P=2/orig] epoch  800/1000  loss=0.027040  elapsed=296.6s
[P=2/orig] epoch  900/1000  loss=0.027181  elapsed=333.4s
[P=2/orig] epoch  999/1000  loss=0.027502  elapsed=369.4s
[P=2/ortho] epoch    0/1000  loss=0.938783  elapsed=0.6s
[P=2/ortho] epoch  100/1000  loss=0.031948  elapsed=47.8s
[P=2/ortho] epoch  200/1000  loss=0.027355  elapsed=96.3s
[P=2/ortho] epoch  300/1000  loss=0.026258  elapsed=143.5s
[P=2/ortho] epoch  400/1000  loss=0.026252  elapsed=188.8s
[P=2/ortho] epoch  500/1000  loss=0.024065  elapsed=234.1s
[P=2/ortho] epoch  600/1000  loss=0.024891  elapsed=277.7s
[P=2/ortho] epoch  700/1000  loss=0.025193  elapsed=323.0s
[P=2/ortho] epoch  800/1000  loss=0.024335  elapsed=369.6s
[P=2/ortho] epoch  900/1000  loss=0.024010  elapsed=415.6s
[P=2/ortho] epoch  999/1000  loss=0.024461  elapsed=461.4s

================  P = 3  ================
[P=3/orig] epoch    0/1000  loss=0.957454  elapsed=0.4s
[P=3/orig] epoch  100/1000  loss=0.034719  elapsed=38.3s
[P=3/orig] epoch  200/1000  loss=0.026648  elapsed=74.9s
[P=3/orig] epoch  300/1000  loss=0.024601  elapsed=113.8s
[P=3/orig] epoch  400/1000  loss=0.022703  elapsed=150.3s
[P=3/orig] epoch  500/1000  loss=0.021698  elapsed=188.3s
[P=3/orig] epoch  600/1000  loss=0.020874  elapsed=226.5s
[P=3/orig] epoch  700/1000  loss=0.020137  elapsed=264.5s
[P=3/orig] epoch  800/1000  loss=0.020023  elapsed=301.6s
[P=3/orig] epoch  900/1000  loss=0.020351  elapsed=341.8s
[P=3/orig] epoch  999/1000  loss=0.019437  elapsed=378.0s
[P=3/ortho] epoch    0/1000  loss=0.958239  elapsed=0.6s
[P=3/ortho] epoch  100/1000  loss=0.025388  elapsed=46.2s
[P=3/ortho] epoch  200/1000  loss=0.021447  elapsed=92.5s
[P=3/ortho] epoch  300/1000  loss=0.017892  elapsed=141.3s
[P=3/ortho] epoch  400/1000  loss=0.016973  elapsed=191.9s
[P=3/ortho] epoch  500/1000  loss=0.016425  elapsed=238.7s
[P=3/ortho] epoch  600/1000  loss=0.016156  elapsed=284.8s
[P=3/ortho] epoch  700/1000  loss=0.015835  elapsed=331.9s
[P=3/ortho] epoch  800/1000  loss=0.015546  elapsed=381.1s
[P=3/ortho] epoch  900/1000  loss=0.015325  elapsed=429.7s
================ M=15 seed=0 ================
Shared B: shape=(3, 15)  frozen=True  ||B||_F=2.210

================  P = 2  ================
[P=2/orig] epoch    0/1000  loss=0.978220  elapsed=1.5s
[P=2/orig] epoch  100/1000  loss=0.039160  elapsed=38.6s
[P=2/orig] epoch  200/1000  loss=0.032995  elapsed=80.3s
[P=2/orig] epoch  300/1000  loss=0.029529  elapsed=121.2s
[P=2/orig] epoch  400/1000  loss=0.030140  elapsed=162.2s
[P=2/orig] epoch  500/1000  loss=0.028414  elapsed=202.5s
[P=2/orig] epoch  600/1000  loss=0.027718  elapsed=243.1s
[P=2/orig] epoch  700/1000  loss=0.026630  elapsed=282.8s
[P=2/orig] epoch  800/1000  loss=0.027040  elapsed=322.8s
[P=2/orig] epoch  900/1000  loss=0.027181  elapsed=363.0s
[P=2/orig] epoch  999/1000  loss=0.027502  elapsed=403.1s
[P=2/ortho] epoch    0/1000  loss=0.938783  elapsed=0.7s
[P=2/ortho] epoch  100/1000  loss=0.031948  elapsed=58.1s
[P=2/ortho] epoch  200/1000  loss=0.027355  elapsed=113.7s
[P=2/ortho] epoch  300/1000  loss=0.026258  elapsed=170.6s
[P=2/ortho] epoch  400/1000  loss=0.026252  elapsed=228.3s
[P=2/ortho] epoch  500/1000  loss=0.024065  elapsed=286.1s
[P=2/ortho] epoch  600/1000  loss=0.024891  elapsed=341.5s
[P=2/ortho] epoch  700/1000  loss=0.025193  elapsed=394.3s
[P=2/ortho] epoch  800/1000  loss=0.024335  elapsed=448.7s
[P=2/ortho] epoch  900/1000  loss=0.024010  elapsed=504.7s
[P=2/ortho] epoch  999/1000  loss=0.024461  elapsed=559.3s

================  P = 3  ================
[P=3/orig] epoch    0/1000  loss=0.957454  elapsed=0.5s
[P=3/orig] epoch  100/1000  loss=0.034719  elapsed=43.6s
[P=3/orig] epoch  200/1000  loss=0.026648  elapsed=85.9s
[P=3/orig] epoch  300/1000  loss=0.024601  elapsed=129.2s
[P=3/orig] epoch  400/1000  loss=0.022703  elapsed=174.6s
[P=3/orig] epoch  500/1000  loss=0.021698  elapsed=217.9s
[P=3/orig] epoch  600/1000  loss=0.020874  elapsed=259.5s
[P=3/orig] epoch  700/1000  loss=0.020137  elapsed=301.6s
[P=3/orig] epoch  800/1000  loss=0.020023  elapsed=342.9s
[P=3/orig] epoch  900/1000  loss=0.020351  elapsed=384.3s
[P=3/orig] epoch  999/1000  loss=0.019437  elapsed=424.3s
[P=3/ortho] epoch    0/1000  loss=0.958239  elapsed=0.7s
[P=3/ortho] epoch  100/1000  loss=0.025388  elapsed=51.5s
[P=3/ortho] epoch  200/1000  loss=0.021447  elapsed=101.5s
[P=3/ortho] epoch  300/1000  loss=0.017892  elapsed=158.1s
[P=3/ortho] epoch  400/1000  loss=0.016973  elapsed=208.4s
[P=3/ortho] epoch  500/1000  loss=0.016425  elapsed=256.4s
[P=3/ortho] epoch  600/1000  loss=0.016156  elapsed=303.0s
[P=3/ortho] epoch  700/1000  loss=0.015835  elapsed=349.2s
[P=3/ortho] epoch  800/1000  loss=0.015546  elapsed=396.9s
[P=3/ortho] epoch  900/1000  loss=0.015325  elapsed=442.1s
[P=3/ortho] epoch  999/1000  loss=0.015050  elapsed=484.9s

================  P = 4  ================
[P=4/orig] epoch    0/1000  loss=0.981465  elapsed=0.4s
[P=4/orig] epoch  100/1000  loss=0.027021  elapsed=35.8s
[P=4/orig] epoch  200/1000  loss=0.021242  elapsed=72.9s
[P=4/orig] epoch  300/1000  loss=0.017317  elapsed=109.7s
[P=4/orig] epoch  400/1000  loss=0.016374  elapsed=147.3s
[P=4/orig] epoch  500/1000  loss=0.015843  elapsed=184.6s
[P=4/orig] epoch  600/1000  loss=0.015303  elapsed=223.0s
[P=4/orig] epoch  700/1000  loss=0.015376  elapsed=261.5s
[P=4/orig] epoch  800/1000  loss=0.015617  elapsed=298.7s
[P=4/orig] epoch  900/1000  loss=0.015668  elapsed=336.7s
[P=4/orig] epoch  999/1000  loss=0.015273  elapsed=373.6s
[P=4/ortho] epoch    0/1000  loss=0.933001  elapsed=0.6s
[P=4/ortho] epoch  100/1000  loss=0.014289  elapsed=46.0s
[P=4/ortho] epoch  200/1000  loss=0.012842  elapsed=90.0s
[P=4/ortho] epoch  300/1000  loss=0.012027  elapsed=132.9s
[P=4/ortho] epoch  400/1000  loss=0.011636  elapsed=179.0s
[P=4/ortho] epoch  500/1000  loss=0.011337  elapsed=223.7s
[P=4/ortho] epoch  600/1000  loss=0.011210  elapsed=268.1s
[P=4/ortho] epoch  700/1000  loss=0.011089  elapsed=313.0s
[P=4/ortho] epoch  800/1000  loss=0.010972  elapsed=356.9s
[P=4/ortho] epoch  900/1000  loss=0.010959  elapsed=401.8s
[P=4/ortho] epoch  999/1000  loss=0.010874  elapsed=446.3s

================  P = 5  ================
[P=5/orig] epoch    0/1000  loss=0.953523  elapsed=0.5s
[P=5/orig] epoch  100/1000  loss=0.029639  elapsed=38.2s
[P=5/orig] epoch  200/1000  loss=0.019036  elapsed=75.2s
[P=5/orig] epoch  300/1000  loss=0.014637  elapsed=112.2s
[P=5/orig] epoch  400/1000  loss=0.012695  elapsed=149.4s
[P=5/orig] epoch  500/1000  loss=0.011297  elapsed=186.1s
[P=5/orig] epoch  600/1000  loss=0.011113  elapsed=221.9s
[P=5/orig] epoch  700/1000  loss=0.010810  elapsed=257.5s
[P=5/orig] epoch  800/1000  loss=0.010680  elapsed=295.0s
[P=5/orig] epoch  900/1000  loss=0.010588  elapsed=331.7s
[P=5/orig] epoch  999/1000  loss=0.010812  elapsed=368.0s
[P=5/ortho] epoch    0/1000  loss=0.960398  elapsed=0.6s
[P=5/ortho] epoch  100/1000  loss=0.016891  elapsed=46.1s
[P=5/ortho] epoch  200/1000  loss=0.011239  elapsed=91.9s
[P=5/ortho] epoch  300/1000  loss=0.009816  elapsed=139.0s
[P=5/ortho] epoch  400/1000  loss=0.008829  elapsed=184.8s
[P=5/ortho] epoch  500/1000  loss=0.008572  elapsed=230.3s
[P=5/ortho] epoch  600/1000  loss=0.008528  elapsed=276.6s
[P=5/ortho] epoch  700/1000  loss=0.008191  elapsed=321.7s
[P=5/ortho] epoch  800/1000  loss=0.008261  elapsed=365.9s
[P=5/ortho] epoch  900/1000  loss=0.008204  elapsed=411.5s
[P=5/ortho] epoch  999/1000  loss=0.008094  elapsed=455.9s

================  P = 6  ================
[P=6/orig] epoch    0/1000  loss=0.887605  elapsed=0.5s
[P=6/orig] epoch  100/1000  loss=0.012002  elapsed=38.4s
[P=6/orig] epoch  200/1000  loss=0.010323  elapsed=74.9s
[P=6/orig] epoch  300/1000  loss=0.009676  elapsed=110.3s
[P=6/orig] epoch  400/1000  loss=0.009123  elapsed=146.9s
[P=6/orig] epoch  500/1000  loss=0.008922  elapsed=182.1s
[P=6/orig] epoch  600/1000  loss=0.008671  elapsed=217.4s
[P=6/orig] epoch  700/1000  loss=0.008640  elapsed=253.3s
[P=6/orig] epoch  800/1000  loss=0.008716  elapsed=289.7s
[P=6/orig] epoch  900/1000  loss=0.008593  elapsed=326.2s
[P=6/orig] epoch  999/1000  loss=0.008592  elapsed=361.4s
[P=6/ortho] epoch    0/1000  loss=0.968059  elapsed=0.5s
[P=6/ortho] epoch  100/1000  loss=0.010388  elapsed=45.1s
[P=6/ortho] epoch  200/1000  loss=0.009276  elapsed=90.2s
[P=6/ortho] epoch  300/1000  loss=0.008649  elapsed=136.2s
[P=6/ortho] epoch  400/1000  loss=0.008554  elapsed=181.7s
[P=6/ortho] epoch  500/1000  loss=0.008414  elapsed=227.3s
[P=6/ortho] epoch  600/1000  loss=0.008186  elapsed=272.6s
[P=6/ortho] epoch  700/1000  loss=0.008211  elapsed=316.8s
[P=6/ortho] epoch  800/1000  loss=0.008128  elapsed=361.1s
[P=6/ortho] epoch  900/1000  loss=0.008061  elapsed=405.8s
[P=6/ortho] epoch  999/1000  loss=0.008072  elapsed=451.9s

All done in 72.4 min
