================ M=11 seed=0 ================
Shared B: shape=(3, 11)  frozen=True  ||B||_F=1.991

================  P = 2  ================
[P=2/orig] epoch    0/1000  loss=0.921935  elapsed=0.4s
[P=2/orig] epoch  100/1000  loss=0.034433  elapsed=38.1s
[P=2/orig] epoch  200/1000  loss=0.029727  elapsed=73.3s
[P=2/orig] epoch  300/1000  loss=0.028225  elapsed=111.8s
[P=2/orig] epoch  400/1000  loss=0.028746  elapsed=148.0s
[P=2/orig] epoch  500/1000  loss=0.027529  elapsed=184.2s
[P=2/orig] epoch  600/1000  loss=0.027304  elapsed=218.9s
[P=2/orig] epoch  700/1000  loss=0.026344  elapsed=253.6s
[P=2/orig] epoch  800/1000  loss=0.026926  elapsed=290.0s
[P=2/orig] epoch  900/1000  loss=0.026832  elapsed=326.5s
[P=2/orig] epoch  999/1000  loss=0.027291  elapsed=363.2s
[P=2/ortho] epoch    0/1000  loss=0.906884  elapsed=0.6s
[P=2/ortho] epoch  100/1000  loss=0.031625  elapsed=45.2s
[P=2/ortho] epoch  200/1000  loss=0.027322  elapsed=89.7s
[P=2/ortho] epoch  300/1000  loss=0.025496  elapsed=133.5s
[P=2/ortho] epoch  400/1000  loss=0.025680  elapsed=178.6s
[P=2/ortho] epoch  500/1000  loss=0.023729  elapsed=225.2s
[P=2/ortho] epoch  600/1000  loss=0.024625  elapsed=270.6s
[P=2/ortho] epoch  700/1000  loss=0.024765  elapsed=314.0s
[P=2/ortho] epoch  800/1000  loss=0.023830  elapsed=358.3s
[P=2/ortho] epoch  900/1000  loss=0.023768  elapsed=403.8s
[P=2/ortho] epoch  999/1000  loss=0.023988  elapsed=449.1s

================  P = 3  ================
[P=3/orig] epoch    0/1000  loss=0.980990  elapsed=0.6s
[P=3/orig] epoch  100/1000  loss=0.025181  elapsed=36.4s
[P=3/orig] epoch  200/1000  loss=0.021168  elapsed=73.0s
[P=3/orig] epoch  300/1000  loss=0.020283  elapsed=108.1s
[P=3/orig] epoch  400/1000  loss=0.019510  elapsed=144.3s
[P=3/orig] epoch  500/1000  loss=0.019107  elapsed=179.7s
[P=3/orig] epoch  600/1000  loss=0.019105  elapsed=215.6s
[P=3/orig] epoch  700/1000  loss=0.018694  elapsed=250.5s
[P=3/orig] epoch  800/1000  loss=0.018939  elapsed=286.6s
[P=3/orig] epoch  900/1000  loss=0.019214  elapsed=321.5s
[P=3/orig] epoch  999/1000  loss=0.018387  elapsed=356.0s
[P=3/ortho] epoch    0/1000  loss=0.936850  elapsed=0.5s
[P=3/ortho] epoch  100/1000  loss=0.021265  elapsed=48.6s
[P=3/ortho] epoch  200/1000  loss=0.019408  elapsed=94.1s
[P=3/ortho] epoch  300/1000  loss=0.018142  elapsed=138.0s
[P=3/ortho] epoch  400/1000  loss=0.017770  elapsed=181.8s
[P=3/ortho] epoch  500/1000  loss=0.017651  elapsed=226.2s
[P=3/ortho] epoch  600/1000  loss=0.017603  elapsed=273.0s
[P=3/ortho] epoch  700/1000  loss=0.017728  elapsed=318.8s
[P=3/ortho] epoch  800/1000  loss=0.017297  elapsed=366.2s
[P=3/ortho] epoch  900/1000  loss=0.017324  elapsed=411.7s
[P=3/ortho] epoch  999/1000  loss=0.017042  elapsed=456.7s

================  P = 4  ================
[P=4/orig] epoch    0/1000  loss=0.944693  elapsed=0.5s
[P=4/orig] epoch  100/1000  loss=0.023048  elapsed=37.2s
[P=4/orig] epoch  200/1000  loss=0.020128  elapsed=73.9s
[P=4/orig] epoch  300/1000  loss=0.017245  elapsed=110.0s
[P=4/orig] epoch  400/1000  loss=0.016431  elapsed=144.8s
[P=4/orig] epoch  500/1000  loss=0.015655  elapsed=179.7s
[P=4/orig] epoch  600/1000  loss=0.014515  elapsed=214.4s
[P=4/orig] epoch  700/1000  loss=0.014513  elapsed=250.4s
[P=4/orig] epoch  800/1000  loss=0.014418  elapsed=286.4s
[P=4/orig] epoch  900/1000  loss=0.014360  elapsed=322.9s
[P=4/orig] epoch  999/1000  loss=0.013806  elapsed=358.3s
[P=4/ortho] epoch    0/1000  loss=0.914706  elapsed=0.6s
[P=4/ortho] epoch  100/1000  loss=0.017758  elapsed=44.5s
[P=4/ortho] epoch  200/1000  loss=0.015963  elapsed=88.8s
[P=4/ortho] epoch  300/1000  loss=0.014956  elapsed=133.7s
[P=4/ortho] epoch  400/1000  loss=0.014854  elapsed=179.2s
[P=4/ortho] epoch  500/1000  loss=0.014258  elapsed=224.8s
[P=4/ortho] epoch  600/1000  loss=0.014200  elapsed=269.5s
[P=4/ortho] epoch  700/1000  loss=0.013859  elapsed=314.5s
[P=4/ortho] epoch  800/1000  loss=0.013872  elapsed=361.1s
[P=4/ortho] epoch  900/1000  loss=0.013837  elapsed=405.5s
[P=4/ortho] epoch  999/1000  loss=0.013765  elapsed=448.8s

================  P = 5  ================
[P=5/orig] epoch    0/1000  loss=0.874215  elapsed=0.5s
[P=5/orig] epoch  100/1000  loss=0.016435  elapsed=38.4s
[P=5/orig] epoch  200/1000  loss=0.014029  elapsed=75.5s
[P=5/orig] epoch  300/1000  loss=0.012635  elapsed=111.8s
[P=5/orig] epoch  400/1000  loss=0.011799  elapsed=148.8s
[P=5/orig] epoch  500/1000  loss=0.011186  elapsed=185.4s
[P=5/orig] epoch  600/1000  loss=0.011470  elapsed=223.3s
[P=5/orig] epoch  700/1000  loss=0.011150  elapsed=259.5s
[P=5/orig] epoch  800/1000  loss=0.011150  elapsed=296.1s
[P=5/orig] epoch  900/1000  loss=0.011014  elapsed=333.3s
[P=5/orig] epoch  999/1000  loss=0.011166  elapsed=369.3s
[P=5/ortho] epoch    0/1000  loss=0.891799  elapsed=0.6s
[P=5/ortho] epoch  100/1000  loss=0.017085  elapsed=50.2s
[P=5/ortho] epoch  200/1000  loss=0.015480  elapsed=100.3s
[P=5/ortho] epoch  300/1000  loss=0.015116  elapsed=149.8s
[P=5/ortho] epoch  400/1000  loss=0.014882  elapsed=197.0s
[P=5/ortho] epoch  500/1000  loss=0.014621  elapsed=243.6s
[P=5/ortho] epoch  600/1000  loss=0.014777  elapsed=290.2s
[P=5/ortho] epoch  700/1000  loss=0.014220  elapsed=336.0s
[P=5/ortho] epoch  800/1000  loss=0.014156  elapsed=383.7s
[P=5/ortho] epoch  900/1000  loss=0.014086  elapsed=430.4s
[P=5/ortho] epoch  999/1000  loss=0.014072  elapsed=476.3s

================  P = 6  ================
[P=6/orig] epoch    0/1000  loss=0.958412  elapsed=0.6s
[P=6/orig] epoch  100/1000  loss=0.022304  elapsed=38.6s
[P=6/orig] epoch  200/1000  loss=0.012822  elapsed=76.7s
[P=6/orig] epoch  300/1000  loss=0.011914  elapsed=113.8s
[P=6/orig] epoch  400/1000  loss=0.011179  elapsed=149.8s
[P=6/orig] epoch  500/1000  loss=0.010708  elapsed=186.5s
[P=6/orig] epoch  600/1000  loss=0.010324  elapsed=222.4s
[P=6/orig] epoch  700/1000  loss=0.010153  elapsed=258.8s
[P=6/orig] epoch  800/1000  loss=0.010283  elapsed=294.3s
[P=6/orig] epoch  900/1000  loss=0.010231  elapsed=331.0s
[P=6/orig] epoch  999/1000  loss=0.009951  elapsed=365.8s
[P=6/ortho] epoch    0/1000  loss=0.970882  elapsed=0.5s
[P=6/ortho] epoch  100/1000  loss=0.013944  elapsed=45.2s
[P=6/ortho] epoch  200/1000  loss=0.011558  elapsed=89.7s
[P=6/ortho] epoch  300/1000  loss=0.010385  elapsed=134.5s
[P=6/ortho] epoch  400/1000  loss=0.009930  elapsed=178.2s
[P=6/ortho] epoch  500/1000  loss=0.009610  elapsed=222.3s
[P=6/ortho] epoch  600/1000  loss=0.009145  elapsed=268.3s
[P=6/ortho] epoch  700/1000  loss=0.009248  elapsed=312.7s
[P=6/ortho] epoch  800/1000  loss=0.009283  elapsed=356.7s
[P=6/ortho] epoch  900/1000  loss=0.009155  elapsed=404.3s
[P=6/ortho] epoch  999/1000  loss=0.009093  elapsed=449.4s

All done in 68.2 min
