================ M=10 seed=1 ================
Shared B: shape=(3, 10)  frozen=True  ||B||_F=1.803

================  P = 2  ================
[P=2/orig] epoch    0/1000  loss=0.902866  elapsed=0.4s
[P=2/orig] epoch  100/1000  loss=0.035376  elapsed=39.2s
[P=2/orig] epoch  200/1000  loss=0.030940  elapsed=77.3s
[P=2/orig] epoch  300/1000  loss=0.029257  elapsed=115.9s
[P=2/orig] epoch  400/1000  loss=0.027695  elapsed=153.7s
[P=2/orig] epoch  500/1000  loss=0.027330  elapsed=193.3s
[P=2/orig] epoch  600/1000  loss=0.026674  elapsed=231.9s
[P=2/orig] epoch  700/1000  loss=0.027444  elapsed=270.2s
[P=2/orig] epoch  800/1000  loss=0.027037  elapsed=309.6s
[P=2/orig] epoch  900/1000  loss=0.027230  elapsed=347.9s
[P=2/orig] epoch  999/1000  loss=0.025853  elapsed=387.1s
[P=2/ortho] epoch    0/1000  loss=0.856409  elapsed=0.6s
[P=2/ortho] epoch  100/1000  loss=0.029992  elapsed=49.2s
[P=2/ortho] epoch  200/1000  loss=0.028634  elapsed=96.7s
[P=2/ortho] epoch  300/1000  loss=0.027445  elapsed=144.4s
[P=2/ortho] epoch  400/1000  loss=0.027220  elapsed=193.0s
[P=2/ortho] epoch  500/1000  loss=0.026350  elapsed=240.9s
[P=2/ortho] epoch  600/1000  loss=0.027656  elapsed=289.6s
[P=2/ortho] epoch  700/1000  loss=0.027377  elapsed=337.9s
[P=2/ortho] epoch  800/1000  loss=0.026956  elapsed=386.5s
[P=2/ortho] epoch  900/1000  loss=0.026995  elapsed=435.8s
[P=2/ortho] epoch  999/1000  loss=0.026564  elapsed=484.5s

================  P = 3  ================
[P=3/orig] epoch    0/1000  loss=0.981805  elapsed=0.6s
[P=3/orig] epoch  100/1000  loss=0.028991  elapsed=40.6s
[P=3/orig] epoch  200/1000  loss=0.026134  elapsed=79.2s
[P=3/orig] epoch  300/1000  loss=0.024490  elapsed=118.1s
[P=3/orig] epoch  400/1000  loss=0.023899  elapsed=159.0s
[P=3/orig] epoch  500/1000  loss=0.022969  elapsed=200.2s
[P=3/orig] epoch  600/1000  loss=0.022832  elapsed=239.8s
[P=3/orig] epoch  700/1000  loss=0.023464  elapsed=278.8s
[P=3/orig] epoch  800/1000  loss=0.023341  elapsed=317.6s
[P=3/orig] epoch  900/1000  loss=0.022634  elapsed=356.4s
[P=3/orig] epoch  999/1000  loss=0.023106  elapsed=395.5s
[P=3/ortho] epoch    0/1000  loss=0.954385  elapsed=0.6s
[P=3/ortho] epoch  100/1000  loss=0.026041  elapsed=49.6s
[P=3/ortho] epoch  200/1000  loss=0.023580  elapsed=96.7s
[P=3/ortho] epoch  300/1000  loss=0.022000  elapsed=143.9s
[P=3/ortho] epoch  400/1000  loss=0.020634  elapsed=191.6s
[P=3/ortho] epoch  500/1000  loss=0.020156  elapsed=243.6s
[P=3/ortho] epoch  600/1000  loss=0.019918  elapsed=298.2s
[P=3/ortho] epoch  700/1000  loss=0.019274  elapsed=351.8s
[P=3/ortho] epoch  800/1000  loss=0.019332  elapsed=404.4s
[P=3/ortho] epoch  900/1000  loss=0.019242  elapsed=455.1s
[P=3/ortho] epoch  999/1000  loss=0.019205  elapsed=505.0s

================  P = 4  ================
[P=4/orig] epoch    0/1000  loss=0.923247  elapsed=0.5s
[P=4/orig] epoch  100/1000  loss=0.027085  elapsed=41.7s
[P=4/orig] epoch  200/1000  loss=0.021007  elapsed=80.8s
[P=4/orig] epoch  300/1000  loss=0.019613  elapsed=119.0s
[P=4/orig] epoch  400/1000  loss=0.018465  elapsed=159.7s
[P=4/orig] epoch  500/1000  loss=0.017951  elapsed=198.0s
[P=4/orig] epoch  600/1000  loss=0.018007  elapsed=236.8s
[P=4/orig] epoch  700/1000  loss=0.017609  elapsed=274.9s
[P=4/orig] epoch  800/1000  loss=0.017187  elapsed=313.4s
[P=4/orig] epoch  900/1000  loss=0.017211  elapsed=352.1s
[P=4/orig] epoch  999/1000  loss=0.016882  elapsed=389.6s
[P=4/ortho] epoch    0/1000  loss=0.979588  elapsed=0.6s
[P=4/ortho] epoch  100/1000  loss=0.022202  elapsed=48.3s
[P=4/ortho] epoch  200/1000  loss=0.016707  elapsed=103.3s
[P=4/ortho] epoch  300/1000  loss=0.013758  elapsed=155.0s
[P=4/ortho] epoch  400/1000  loss=0.013178  elapsed=213.3s
[P=4/ortho] epoch  500/1000  loss=0.012873  elapsed=270.6s
[P=4/ortho] epoch  600/1000  loss=0.012608  elapsed=333.8s
[P=4/ortho] epoch  700/1000  loss=0.012767  elapsed=393.7s
[P=4/ortho] epoch  800/1000  loss=0.012693  elapsed=454.1s
[P=4/ortho] epoch  900/1000  loss=0.012607  elapsed=521.6s
[P=4/ortho] epoch  999/1000  loss=0.012463  elapsed=577.6s

================  P = 5  ================
[P=5/orig] epoch    0/1000  loss=0.872129  elapsed=0.6s
[P=5/orig] epoch  100/1000  loss=0.015912  elapsed=44.8s
[P=5/orig] epoch  200/1000  loss=0.013845  elapsed=84.8s
[P=5/orig] epoch  300/1000  loss=0.012122  elapsed=129.8s
[P=5/orig] epoch  400/1000  loss=0.012143  elapsed=170.9s
[P=5/orig] epoch  500/1000  loss=0.011835  elapsed=208.7s
[P=5/orig] epoch  600/1000  loss=0.011550  elapsed=246.8s
[P=5/orig] epoch  700/1000  loss=0.011499  elapsed=286.4s
[P=5/orig] epoch  800/1000  loss=0.011503  elapsed=324.1s
[P=5/orig] epoch  900/1000  loss=0.011245  elapsed=362.7s
[P=5/orig] epoch  999/1000  loss=0.011401  elapsed=400.1s
[P=5/ortho] epoch    0/1000  loss=0.881007  elapsed=0.5s
[P=5/ortho] epoch  100/1000  loss=0.010458  elapsed=46.8s
[P=5/ortho] epoch  200/1000  loss=0.009464  elapsed=92.7s
[P=5/ortho] epoch  300/1000  loss=0.008749  elapsed=141.2s
[P=5/ortho] epoch  400/1000  loss=0.008900  elapsed=187.7s
[P=5/ortho] epoch  500/1000  loss=0.008609  elapsed=233.3s
[P=5/ortho] epoch  600/1000  loss=0.008601  elapsed=280.4s
[P=5/ortho] epoch  700/1000  loss=0.008502  elapsed=328.6s
[P=5/ortho] epoch  800/1000  loss=0.008322  elapsed=375.7s
[P=5/ortho] epoch  900/1000  loss=0.008424  elapsed=422.5s
[P=5/ortho] epoch  999/1000  loss=0.008702  elapsed=468.4s

================  P = 6  ================
[P=6/orig] epoch    0/1000  loss=0.903361  elapsed=0.5s
[P=6/orig] epoch  100/1000  loss=0.022633  elapsed=41.7s
[P=6/orig] epoch  200/1000  loss=0.012916  elapsed=83.9s
[P=6/orig] epoch  300/1000  loss=0.010783  elapsed=124.4s
[P=6/orig] epoch  400/1000  loss=0.010070  elapsed=162.9s
[P=6/orig] epoch  500/1000  loss=0.009670  elapsed=201.6s
[P=6/orig] epoch  600/1000  loss=0.009524  elapsed=239.3s
[P=6/orig] epoch  700/1000  loss=0.009751  elapsed=278.6s
[P=6/orig] epoch  800/1000  loss=0.009575  elapsed=319.1s
[P=6/orig] epoch  900/1000  loss=0.009579  elapsed=357.3s
[P=6/orig] epoch  999/1000  loss=0.009437  elapsed=395.1s
[P=6/ortho] epoch    0/1000  loss=0.976649  elapsed=0.7s
[P=6/ortho] epoch  100/1000  loss=0.016581  elapsed=47.0s
[P=6/ortho] epoch  200/1000  loss=0.013372  elapsed=94.4s
[P=6/ortho] epoch  300/1000  loss=0.011260  elapsed=143.3s
[P=6/ortho] epoch  400/1000  loss=0.010890  elapsed=191.3s
[P=6/ortho] epoch  500/1000  loss=0.010267  elapsed=239.7s
[P=6/ortho] epoch  600/1000  loss=0.010193  elapsed=287.1s
[P=6/ortho] epoch  700/1000  loss=0.010129  elapsed=339.9s
[P=6/ortho] epoch  800/1000  loss=0.009961  elapsed=392.5s
[P=6/ortho] epoch  900/1000  loss=0.009880  elapsed=450.7s
[P=6/ortho] epoch  999/1000  loss=0.009941  elapsed=510.9s

All done in 75.3 min
