================ M=10 seed=0 ================
Shared B: shape=(3, 10)  frozen=True  ||B||_F=1.803

================  P = 2  ================
[P=2/orig] epoch    0/1000  loss=0.943521  elapsed=0.4s
[P=2/orig] epoch  100/1000  loss=0.037884  elapsed=38.6s
[P=2/orig] epoch  200/1000  loss=0.032758  elapsed=78.7s
[P=2/orig] epoch  300/1000  loss=0.030758  elapsed=116.5s
[P=2/orig] epoch  400/1000  loss=0.031575  elapsed=153.3s
[P=2/orig] epoch  500/1000  loss=0.030416  elapsed=191.2s
[P=2/orig] epoch  600/1000  loss=0.029814  elapsed=228.6s
[P=2/orig] epoch  700/1000  loss=0.028940  elapsed=266.0s
[P=2/orig] epoch  800/1000  loss=0.029509  elapsed=304.0s
[P=2/orig] epoch  900/1000  loss=0.029717  elapsed=341.5s
[P=2/orig] epoch  999/1000  loss=0.030012  elapsed=377.9s
[P=2/ortho] epoch    0/1000  loss=0.942440  elapsed=0.5s
[P=2/ortho] epoch  100/1000  loss=0.034889  elapsed=46.2s
[P=2/ortho] epoch  200/1000  loss=0.031259  elapsed=89.4s
[P=2/ortho] epoch  300/1000  loss=0.030783  elapsed=134.2s
[P=2/ortho] epoch  400/1000  loss=0.030839  elapsed=180.8s
[P=2/ortho] epoch  500/1000  loss=0.028387  elapsed=232.6s
[P=2/ortho] epoch  600/1000  loss=0.028939  elapsed=277.4s
[P=2/ortho] epoch  700/1000  loss=0.029643  elapsed=321.4s
[P=2/ortho] epoch  800/1000  loss=0.028563  elapsed=366.3s
[P=2/ortho] epoch  900/1000  loss=0.028188  elapsed=410.2s
[P=2/ortho] epoch  999/1000  loss=0.028837  elapsed=453.6s

================  P = 3  ================
[P=3/orig] epoch    0/1000  loss=0.921738  elapsed=0.5s
[P=3/orig] epoch  100/1000  loss=0.030333  elapsed=37.1s
[P=3/orig] epoch  200/1000  loss=0.025474  elapsed=73.1s
[P=3/orig] epoch  300/1000  loss=0.023223  elapsed=110.2s
[P=3/orig] epoch  400/1000  loss=0.021523  elapsed=145.0s
[P=3/orig] epoch  500/1000  loss=0.021367  elapsed=180.7s
[P=3/orig] epoch  600/1000  loss=0.020847  elapsed=216.1s
[P=3/orig] epoch  700/1000  loss=0.020104  elapsed=254.4s
[P=3/orig] epoch  800/1000  loss=0.019927  elapsed=290.3s
[P=3/orig] epoch  900/1000  loss=0.020331  elapsed=325.1s
[P=3/orig] epoch  999/1000  loss=0.019893  elapsed=360.0s
[P=3/ortho] epoch    0/1000  loss=0.945616  elapsed=0.5s
[P=3/ortho] epoch  100/1000  loss=0.022174  elapsed=45.5s
[P=3/ortho] epoch  200/1000  loss=0.019949  elapsed=90.4s
[P=3/ortho] epoch  300/1000  loss=0.018814  elapsed=134.6s
[P=3/ortho] epoch  400/1000  loss=0.018184  elapsed=179.7s
[P=3/ortho] epoch  500/1000  loss=0.018182  elapsed=228.2s
[P=3/ortho] epoch  600/1000  loss=0.018108  elapsed=274.0s
[P=3/ortho] epoch  700/1000  loss=0.018142  elapsed=318.6s
[P=3/ortho] epoch  800/1000  loss=0.017818  elapsed=361.2s
[P=3/ortho] epoch  900/1000  loss=0.017642  elapsed=404.4s
[P=3/ortho] epoch  999/1000  loss=0.017516  elapsed=447.8s

================  P = 4  ================
[P=4/orig] epoch    0/1000  loss=0.951090  elapsed=0.5s
[P=4/orig] epoch  100/1000  loss=0.025368  elapsed=37.0s
[P=4/orig] epoch  200/1000  loss=0.022366  elapsed=72.5s
[P=4/orig] epoch  300/1000  loss=0.019597  elapsed=108.0s
[P=4/orig] epoch  400/1000  loss=0.019987  elapsed=143.9s
[P=4/orig] epoch  500/1000  loss=0.019291  elapsed=179.7s
[P=4/orig] epoch  600/1000  loss=0.018577  elapsed=215.4s
[P=4/orig] epoch  700/1000  loss=0.018941  elapsed=251.1s
[P=4/orig] epoch  800/1000  loss=0.019419  elapsed=287.5s
[P=4/orig] epoch  900/1000  loss=0.019472  elapsed=323.6s
[P=4/orig] epoch  999/1000  loss=0.018608  elapsed=360.1s
[P=4/ortho] epoch    0/1000  loss=0.947776  elapsed=0.6s
[P=4/ortho] epoch  100/1000  loss=0.021925  elapsed=44.3s
[P=4/ortho] epoch  200/1000  loss=0.018019  elapsed=88.6s
[P=4/ortho] epoch  300/1000  loss=0.016461  elapsed=132.6s
[P=4/ortho] epoch  400/1000  loss=0.016497  elapsed=177.1s
[P=4/ortho] epoch  500/1000  loss=0.016005  elapsed=221.8s
[P=4/ortho] epoch  600/1000  loss=0.015895  elapsed=267.2s
[P=4/ortho] epoch  700/1000  loss=0.015822  elapsed=311.5s
[P=4/ortho] epoch  800/1000  loss=0.015830  elapsed=356.4s
[P=4/ortho] epoch  900/1000  loss=0.015663  elapsed=399.4s
[P=4/ortho] epoch  999/1000  loss=0.016077  elapsed=442.5s

================  P = 5  ================
[P=5/orig] epoch    0/1000  loss=0.919806  elapsed=0.5s
[P=5/orig] epoch  100/1000  loss=0.021297  elapsed=37.0s
[P=5/orig] epoch  200/1000  loss=0.016239  elapsed=71.9s
[P=5/orig] epoch  300/1000  loss=0.013601  elapsed=106.6s
[P=5/orig] epoch  400/1000  loss=0.011919  elapsed=143.1s
[P=5/orig] epoch  500/1000  loss=0.010971  elapsed=179.8s
[P=5/orig] epoch  600/1000  loss=0.011144  elapsed=215.2s
[P=5/orig] epoch  700/1000  loss=0.010888  elapsed=250.6s
[P=5/orig] epoch  800/1000  loss=0.010842  elapsed=286.0s
[P=5/orig] epoch  900/1000  loss=0.010779  elapsed=322.9s
[P=5/orig] epoch  999/1000  loss=0.010966  elapsed=358.9s
[P=5/ortho] epoch    0/1000  loss=0.930195  elapsed=0.5s
[P=5/ortho] epoch  100/1000  loss=0.011595  elapsed=47.0s
[P=5/ortho] epoch  200/1000  loss=0.009542  elapsed=91.5s
[P=5/ortho] epoch  300/1000  loss=0.009218  elapsed=137.5s
[P=5/ortho] epoch  400/1000  loss=0.008896  elapsed=182.3s
[P=5/ortho] epoch  500/1000  loss=0.008786  elapsed=228.3s
[P=5/ortho] epoch  600/1000  loss=0.008978  elapsed=274.5s
[P=5/ortho] epoch  700/1000  loss=0.008656  elapsed=319.5s
[P=5/ortho] epoch  800/1000  loss=0.008752  elapsed=364.7s
[P=5/ortho] epoch  900/1000  loss=0.008603  elapsed=408.5s
[P=5/ortho] epoch  999/1000  loss=0.008597  elapsed=451.8s

================  P = 6  ================
[P=6/orig] epoch    0/1000  loss=0.963045  elapsed=0.4s
[P=6/orig] epoch  100/1000  loss=0.023726  elapsed=37.8s
[P=6/orig] epoch  200/1000  loss=0.014499  elapsed=74.6s
[P=6/orig] epoch  300/1000  loss=0.012398  elapsed=110.6s
[P=6/orig] epoch  400/1000  loss=0.011756  elapsed=147.0s
[P=6/orig] epoch  500/1000  loss=0.011172  elapsed=187.1s
[P=6/orig] epoch  600/1000  loss=0.010899  elapsed=224.4s
[P=6/orig] epoch  700/1000  loss=0.010765  elapsed=260.5s
[P=6/orig] epoch  800/1000  loss=0.010910  elapsed=298.8s
[P=6/orig] epoch  900/1000  loss=0.010876  elapsed=334.8s
[P=6/orig] epoch  999/1000  loss=0.010528  elapsed=370.8s
[P=6/ortho] epoch    0/1000  loss=0.957542  elapsed=0.4s
[P=6/ortho] epoch  100/1000  loss=0.014437  elapsed=45.3s
[P=6/ortho] epoch  200/1000  loss=0.009602  elapsed=90.0s
[P=6/ortho] epoch  300/1000  loss=0.008524  elapsed=134.9s
[P=6/ortho] epoch  400/1000  loss=0.008257  elapsed=179.3s
[P=6/ortho] epoch  500/1000  loss=0.008229  elapsed=225.5s
[P=6/ortho] epoch  600/1000  loss=0.007952  elapsed=270.3s
[P=6/ortho] epoch  700/1000  loss=0.008046  elapsed=313.9s
[P=6/ortho] epoch  800/1000  loss=0.007926  elapsed=358.7s
[P=6/ortho] epoch  900/1000  loss=0.007902  elapsed=403.4s
[P=6/ortho] epoch  999/1000  loss=0.007831  elapsed=448.3s

All done in 67.9 min
